Versi├│n de MSBuild 17.14.23+b0019275e para .NET Framework
Compilaci├│n iniciada a las 22/11/2025 06:41:12 p. m..
Proceso: "C:\Program Files\Microsoft Visual Studio\2022\Community\MSBuild\Current\Bin\MSBuild.exe"
Ruta de acceso al ejecutable de MSBuild: "C:\Program Files\Microsoft Visual Studio\2022\Community\MSBuild\Current\Bin\MSBuild.exe"
Argumentos de la l├¡nea de comandos: ""C:\Program Files\Microsoft Visual Studio\2022\Community\MSBuild\Current\Bin\MSBuild.exe" "c:\Users\Usuario\source\repos\Search Lobbys\Search Lobbys.sln" /t:Rebuild /p:Configuration=Release /p:Platform=x64 /v:detailed"
Directorio actual: "C:\Users\Usuario\source\repos\Search Lobbys"
Versi├│n de MSBuild: "17.14.23+b0019275e"
De acuerdo con la clave del Registro de Windows LongPathsEnabled, la caracter├¡stica LongPaths est├í habilitada.
Seg├║n la clave del Registro de Windows VerifiedAndReputablePolicyState, estado SAC = 0: desactivado.
Algunos modificadores de la l├¡nea de comandos se leyeron del archivo de respuesta autom├ítica "C:\Program Files\Microsoft Visual Studio\2022\Community\MSBuild\Current\Bin\MSBuild.rsp". Para deshabilitar este archivo, use el modificador "-noAutoResponse".

Reasignaci├│n de propiedad: $(MSBuildExtensionsPath)="C:\Program Files\Microsoft Visual Studio\2022\Community\MSBuild" (valor anterior: "C:\Program Files (x86)\MSBuild") en 
Reasignaci├│n de propiedad: $(MSBuildExtensionsPath32)="C:\Program Files\Microsoft Visual Studio\2022\Community\MSBuild" (valor anterior: "C:\Program Files (x86)\MSBuild") en 
Las rutas de b├║squeda usadas para $(MSBuildExtensionsPath) son C:\Program Files\Microsoft Visual Studio\2022\Community\MSBuild;$(MSBuildProgramFiles32)\MSBuild
Las rutas de b├║squeda usadas para $(MSBuildExtensionsPath) son C:\Program Files\Microsoft Visual Studio\2022\Community\MSBuild;$(MSBuildProgramFiles32)\MSBuild
Intentando importar C:\Program Files\Microsoft Visual Studio\2022\Community\MSBuild\$(MSBuildToolsVersion)\SolutionFile\ImportAfter\* con la ruta de acceso de extensiones C:\Program Files\Microsoft Visual Studio\2022\Community\MSBuild
C:\Program Files\Microsoft Visual Studio\2022\Community\Common7\IDE\CommonExtensions\Microsoft\NuGet\NuGet.targets(112,5): message : Reasignaci├│n de propiedad: $(_GenerateRestoreGraphProjectEntryInputProperties)="
C:\Program Files\Microsoft Visual Studio\2022\Community\Common7\IDE\CommonExtensions\Microsoft\NuGet\NuGet.targets(112,5): message :       ExcludeRestorePackageImports=true;
C:\Program Files\Microsoft Visual Studio\2022\Community\Common7\IDE\CommonExtensions\Microsoft\NuGet\NuGet.targets(112,5): message :       _RestoreSolutionFileUsed=true;
C:\Program Files\Microsoft Visual Studio\2022\Community\Common7\IDE\CommonExtensions\Microsoft\NuGet\NuGet.targets(112,5): message :       SolutionDir=c:\Users\Usuario\source\repos\Search Lobbys\;
C:\Program Files\Microsoft Visual Studio\2022\Community\Common7\IDE\CommonExtensions\Microsoft\NuGet\NuGet.targets(112,5): message :       SolutionName=Search Lobbys;
C:\Program Files\Microsoft Visual Studio\2022\Community\Common7\IDE\CommonExtensions\Microsoft\NuGet\NuGet.targets(112,5): message :       SolutionFileName=Search Lobbys.sln;
C:\Program Files\Microsoft Visual Studio\2022\Community\Common7\IDE\CommonExtensions\Microsoft\NuGet\NuGet.targets(112,5): message :       SolutionPath=c:\Users\Usuario\source\repos\Search Lobbys\Search Lobbys.sln;
C:\Program Files\Microsoft Visual Studio\2022\Community\Common7\IDE\CommonExtensions\Microsoft\NuGet\NuGet.targets(112,5): message :       SolutionExt=.sln;
C:\Program Files\Microsoft Visual Studio\2022\Community\Common7\IDE\CommonExtensions\Microsoft\NuGet\NuGet.targets(112,5): message :     " (valor anterior: "ExcludeRestorePackageImports=true") en C:\Program Files\Microsoft Visual Studio\2022\Community\Common7\IDE\CommonExtensions\Microsoft\NuGet\NuGet.targets (112,5)
El destino "_CheckForInvalidConfigurationAndPlatform" que aparece en un atributo BeforeTargets en "C:\Program Files\Microsoft Visual Studio\2022\Community\Common7\IDE\CommonExtensions\Microsoft\NuGet\NuGet.targets (711,11)" no existe en el proyecto y se omitir├í.
Proyecto "c:\Users\Usuario\source\repos\Search Lobbys\Search Lobbys.sln" en el nodo 1 (Rebuild destinos).
Destino "ValidateSolutionConfiguration" en el archivo "c:\Users\Usuario\source\repos\Search Lobbys\Search Lobbys.sln.metaproj" del proyecto "c:\Users\Usuario\source\repos\Search Lobbys\Search Lobbys.sln" (punto de entrada):
Se omiti├│ la tarea "Error" debido a una condici├│n falsa (False); (('$(CurrentSolutionConfigurationContents)' == '') and ('$(SkipInvalidConfigurations)' != 'true')) se evalu├│ como (('<SolutionConfiguration>
  <ProjectConfiguration Project="{C4136785-97FF-4BE5-84F5-E9CFE80BBC12}" AbsolutePath="c:\Users\Usuario\source\repos\Search Lobbys\Search Lobbys.vcxproj" BuildProjectInSolution="True">Release|x64</ProjectConfiguration>
</SolutionConfiguration>' == '') and ('' != 'true')).
Se omiti├│ la tarea "Warning" debido a una condici├│n falsa (False); (('$(CurrentSolutionConfigurationContents)' == '') and ('$(SkipInvalidConfigurations)' == 'true')) se evalu├│ como (('<SolutionConfiguration>
  <ProjectConfiguration Project="{C4136785-97FF-4BE5-84F5-E9CFE80BBC12}" AbsolutePath="c:\Users\Usuario\source\repos\Search Lobbys\Search Lobbys.vcxproj" BuildProjectInSolution="True">Release|x64</ProjectConfiguration>
</SolutionConfiguration>' == '') and ('' == 'true')).
Usando la tarea "Message" del ensamblado "Microsoft.Build.Tasks.Core, Version=15.1.0.0, Culture=neutral, PublicKeyToken=b03f5f7f11d50a3a".
Tarea "Message"
  Compilando la configuraci├│n de soluciones "Release|x64".
Ejecuci├│n de la tarea "Message" terminada.
Compilaci├│n terminada del destino "ValidateSolutionConfiguration" en el proyecto "Search Lobbys.sln".
Destino "ValidateToolsVersions" en el archivo "c:\Users\Usuario\source\repos\Search Lobbys\Search Lobbys.sln.metaproj" del proyecto "c:\Users\Usuario\source\repos\Search Lobbys\Search Lobbys.sln" (punto de entrada):
Se omiti├│ la tarea "Error" debido a una condici├│n falsa (False); ('$(MSBuildToolsVersion)' == '2.0' and ('$(ProjectToolsVersion)' != '2.0' and '$(ProjectToolsVersion)' != '')) se evalu├│ como ('Current' == '2.0' and ('' != '2.0' and '' != '')).
Compilaci├│n terminada del destino "ValidateToolsVersions" en el proyecto "Search Lobbys.sln".
Destino "ValidateProjects" en el archivo "c:\Users\Usuario\source\repos\Search Lobbys\Search Lobbys.sln.metaproj" del proyecto "c:\Users\Usuario\source\repos\Search Lobbys\Search Lobbys.sln" (punto de entrada):
Compilaci├│n terminada del destino "ValidateProjects" en el proyecto "Search Lobbys.sln".
Destino "Rebuild" en el archivo "c:\Users\Usuario\source\repos\Search Lobbys\Search Lobbys.sln.metaproj" del proyecto "c:\Users\Usuario\source\repos\Search Lobbys\Search Lobbys.sln" (punto de entrada):
Usando la tarea "MSBuild" del ensamblado "Microsoft.Build.Tasks.Core, Version=15.1.0.0, Culture=neutral, PublicKeyToken=b03f5f7f11d50a3a".
Tarea "MSBuild"
  Propiedades globales:
    BuildingSolutionFile=true
    CurrentSolutionConfigurationContents=<SolutionConfiguration>
    <ProjectConfiguration Project="{C4136785-97FF-4BE5-84F5-E9CFE80BBC12}" AbsolutePath="c:\Users\Usuario\source\repos\Search Lobbys\Search Lobbys.vcxproj" BuildProjectInSolution="True">Release|x64</ProjectConfiguration>
  </SolutionConfiguration>
    SolutionDir=c:\Users\Usuario\source\repos\Search Lobbys\
    SolutionExt=.sln
    SolutionFileName=Search Lobbys.sln
    SolutionName=Search Lobbys
    SolutionPath=c:\Users\Usuario\source\repos\Search Lobbys\Search Lobbys.sln
  Propiedades adicionales del proyecto "c:\Users\Usuario\source\repos\Search Lobbys\Search Lobbys.vcxproj":
    Configuration=Release
    Platform=x64
Reasignaci├│n de propiedad: $(MSBuildExtensionsPath)="C:\Program Files\Microsoft Visual Studio\2022\Community\MSBuild" (valor anterior: "C:\Program Files (x86)\MSBuild") en 
Reasignaci├│n de propiedad: $(MSBuildExtensionsPath32)="C:\Program Files\Microsoft Visual Studio\2022\Community\MSBuild" (valor anterior: "C:\Program Files (x86)\MSBuild") en 
Las rutas de b├║squeda usadas para $(MSBuildExtensionsPath) son C:\Program Files\Microsoft Visual Studio\2022\Community\MSBuild;$(MSBuildProgramFiles32)\MSBuild
Intentando importar C:\Program Files\Microsoft Visual Studio\2022\Community\MSBuild\$(MSBuildToolsVersion)\Microsoft.Common.props con la ruta de acceso de extensiones C:\Program Files\Microsoft Visual Studio\2022\Community\MSBuild
C:\Program Files\Microsoft Visual Studio\2022\Community\MSBuild\Current\Microsoft.Common.props(60,5): message : Reasignaci├│n de propiedad: $(MSBuildProjectExtensionsPath)="c:\Users\Usuario\source\repos\Search Lobbys\obj\" (valor anterior: "obj\") en C:\Program Files\Microsoft Visual Studio\2022\Community\MSBuild\Current\Microsoft.Common.props (60,5)
C:\Program Files\Microsoft Visual Studio\2022\Community\MSBuild\Current\Microsoft.Common.props(84,119): message : Propiedad "MSBuildUserExtensionsPath" con el valor "C:\Users\Usuario\AppData\Local\Microsoft\MSBuild" expandido desde el entorno.
Las rutas de b├║squeda usadas para $(MSBuildExtensionsPath) son C:\Program Files\Microsoft Visual Studio\2022\Community\MSBuild;$(MSBuildProgramFiles32)\MSBuild
Intentando importar C:\Program Files\Microsoft Visual Studio\2022\Community\MSBuild\$(MSBuildToolsVersion)\Imports\Microsoft.Common.props\ImportBefore\* con la ruta de acceso de extensiones C:\Program Files\Microsoft Visual Studio\2022\Community\MSBuild
La propiedad "Configuration" es global y no se puede modificar.
Las rutas de b├║squeda usadas para $(MSBuildExtensionsPath) son C:\Program Files\Microsoft Visual Studio\2022\Community\MSBuild;$(MSBuildProgramFiles32)\MSBuild
Las rutas de b├║squeda usadas para $(MSBuildExtensionsPath) son C:\Program Files\Microsoft Visual Studio\2022\Community\MSBuild;$(MSBuildProgramFiles32)\MSBuild
La propiedad "Configuration" es global y no se puede modificar.
La propiedad "SolutionDir" es global y no se puede modificar.
C:\Program Files\Microsoft Visual Studio\2022\Community\MSBuild\Microsoft\VC\v170\Microsoft.Cpp.Default.props(218,5): message : Propiedad "LOCALAPPDATA" con el valor "C:\Users\Usuario\AppData\Local" expandido desde el entorno.
c:\Users\Usuario\source\repos\Search Lobbys\Search Lobbys.vcxproj(52,5): message : Reasignaci├│n de propiedad: $(WholeProgramOptimization)="true" (valor anterior: "false") en c:\Users\Usuario\source\repos\Search Lobbys\Search Lobbys.vcxproj (52,5)
c:\Users\Usuario\source\repos\Search Lobbys\Search Lobbys.vcxproj(53,5): message : Reasignaci├│n de propiedad: $(CharacterSet)="Unicode" (valor anterior: "NotSet") en c:\Users\Usuario\source\repos\Search Lobbys\Search Lobbys.vcxproj (53,5)
C:\Program Files\Microsoft Visual Studio\2022\Community\MSBuild\Microsoft\VC\v170\Microsoft.Cpp.ToolsetLocation.props(73,32): message : Propiedad "PROCESSOR_ARCHITECTURE" con el valor "x86" expandido desde el entorno.
C:\Program Files\Microsoft Visual Studio\2022\Community\MSBuild\Microsoft\VC\v170\Microsoft.Cpp.WindowsSDK.props(209,5): message : Reasignaci├│n de propiedad: $(WindowsSDK_ExecutablePath_x86)="C:\Program Files (x86)\Windows Kits\10\bin\10.0.26100.0\x86;;C:\Program Files (x86)\Microsoft SDKs\Windows\v10.0A\bin\NETFX 4.8.1 Tools" (valor anterior: "C:\Program Files (x86)\Windows Kits\10\bin\10.0.26100.0\x86;") en C:\Program Files\Microsoft Visual Studio\2022\Community\MSBuild\Microsoft\VC\v170\Microsoft.Cpp.WindowsSDK.props (209,5)
C:\Program Files\Microsoft Visual Studio\2022\Community\MSBuild\Microsoft\VC\v170\Microsoft.Cpp.WindowsSDK.props(210,5): message : Reasignaci├│n de propiedad: $(WindowsSDK_ExecutablePath_x64)="C:\Program Files (x86)\Windows Kits\10\bin\10.0.26100.0\x64;;C:\Program Files (x86)\Microsoft SDKs\Windows\v10.0A\bin\NETFX 4.8.1 Tools\x64" (valor anterior: "C:\Program Files (x86)\Windows Kits\10\bin\10.0.26100.0\x64;") en C:\Program Files\Microsoft Visual Studio\2022\Community\MSBuild\Microsoft\VC\v170\Microsoft.Cpp.WindowsSDK.props (210,5)
C:\Program Files\Microsoft Visual Studio\2022\Community\MSBuild\Microsoft\VC\v170\Microsoft.Cpp.Common.props(28,5): message : Reasignaci├│n de propiedad: $(TargetExt)=".exe" (valor anterior: "") en C:\Program Files\Microsoft Visual Studio\2022\Community\MSBuild\Microsoft\VC\v170\Microsoft.Cpp.Common.props (28,5)
C:\Program Files\Microsoft Visual Studio\2022\Community\MSBuild\Microsoft\VC\v170\Microsoft.Cpp.Common.props(88,5): message : Reasignaci├│n de propiedad: $(VC_ExecutablePath_Loc)="C:\Program Files\Microsoft Visual Studio\2022\Community\VC\Tools\MSVC\14.44.35207\bin\HostX64\x64\1033;C:\Program Files\Microsoft Visual Studio\2022\Community\VC\Tools\MSVC\14.44.35207\bin\HostX64\x86\1033;;;" (valor anterior: "C:\Program Files\Microsoft Visual Studio\2022\Community\VC\Tools\MSVC\14.44.35207\bin\HostX64\x86\1033;;") en C:\Program Files\Microsoft Visual Studio\2022\Community\MSBuild\Microsoft\VC\v170\Microsoft.Cpp.Common.props (88,5)
C:\Program Files\Microsoft Visual Studio\2022\Community\MSBuild\Microsoft\VC\v170\Microsoft.Cpp.Common.props(89,5): message : Reasignaci├│n de propiedad: $(VC_ExecutablePath_Loc)="C:\Program Files\Microsoft Visual Studio\2022\Community\VC\Tools\MSVC\14.44.35207\bin\HostX64\arm\1033;C:\Program Files\Microsoft Visual Studio\2022\Community\VC\Tools\MSVC\14.44.35207\bin\HostX64\x64\1033;C:\Program Files\Microsoft Visual Studio\2022\Community\VC\Tools\MSVC\14.44.35207\bin\HostX64\x86\1033;;;;" (valor anterior: "C:\Program Files\Microsoft Visual Studio\2022\Community\VC\Tools\MSVC\14.44.35207\bin\HostX64\x64\1033;C:\Program Files\Microsoft Visual Studio\2022\Community\VC\Tools\MSVC\14.44.35207\bin\HostX64\x86\1033;;;") en C:\Program Files\Microsoft Visual Studio\2022\Community\MSBuild\Microsoft\VC\v170\Microsoft.Cpp.Common.props (89,5)
C:\Program Files\Microsoft Visual Studio\2022\Community\MSBuild\Microsoft\VC\v170\Microsoft.Cpp.Common.props(90,5): message : Reasignaci├│n de propiedad: $(VC_ExecutablePath_Loc)="C:\Program Files\Microsoft Visual Studio\2022\Community\VC\Tools\MSVC\14.44.35207\bin\HostX64\arm64\1033;C:\Program Files\Microsoft Visual Studio\2022\Community\VC\Tools\MSVC\14.44.35207\bin\HostX64\arm\1033;C:\Program Files\Microsoft Visual Studio\2022\Community\VC\Tools\MSVC\14.44.35207\bin\HostX64\x64\1033;C:\Program Files\Microsoft Visual Studio\2022\Community\VC\Tools\MSVC\14.44.35207\bin\HostX64\x86\1033;;;;;" (valor anterior: "C:\Program Files\Microsoft Visual Studio\2022\Community\VC\Tools\MSVC\14.44.35207\bin\HostX64\arm\1033;C:\Program Files\Microsoft Visual Studio\2022\Community\VC\Tools\MSVC\14.44.35207\bin\HostX64\x64\1033;C:\Program Files\Microsoft Visual Studio\2022\Community\VC\Tools\MSVC\14.44.35207\bin\HostX64\x86\1033;;;;") en C:\Program Files\Microsoft Visual Studio\2022\Community\MSBuild\Microsoft\VC\v170\Microsoft.Cpp.Common.props (90,5)
C:\Program Files\Microsoft Visual Studio\2022\Community\MSBuild\Microsoft\VC\v170\Microsoft.Cpp.Common.props(91,5): message : Reasignaci├│n de propiedad: $(VC_ExecutablePath_Loc)="C:\Program Files\Microsoft Visual Studio\2022\Community\VC\Tools\MSVC\14.44.35207\bin\HostX86\x86\1033;C:\Program Files\Microsoft Visual Studio\2022\Community\VC\Tools\MSVC\14.44.35207\bin\HostX64\arm64\1033;C:\Program Files\Microsoft Visual Studio\2022\Community\VC\Tools\MSVC\14.44.35207\bin\HostX64\arm\1033;C:\Program Files\Microsoft Visual Studio\2022\Community\VC\Tools\MSVC\14.44.35207\bin\HostX64\x64\1033;C:\Program Files\Microsoft Visual Studio\2022\Community\VC\Tools\MSVC\14.44.35207\bin\HostX64\x86\1033;;;;;;" (valor anterior: "C:\Program Files\Microsoft Visual Studio\2022\Community\VC\Tools\MSVC\14.44.35207\bin\HostX64\arm64\1033;C:\Program Files\Microsoft Visual Studio\2022\Community\VC\Tools\MSVC\14.44.35207\bin\HostX64\arm\1033;C:\Program Files\Microsoft Visual Studio\2022\Community\VC\Tools\MSVC\14.44.35207\bin\HostX64\x64\1033;C:\Program Files\Microsoft Visual Studio\2022\Community\VC\Tools\MSVC\14.44.35207\bin\HostX64\x86\1033;;;;;") en C:\Program Files\Microsoft Visual Studio\2022\Community\MSBuild\Microsoft\VC\v170\Microsoft.Cpp.Common.props (91,5)
C:\Program Files\Microsoft Visual Studio\2022\Community\MSBuild\Microsoft\VC\v170\Microsoft.Cpp.Common.props(92,5): message : Reasignaci├│n de propiedad: $(VC_ExecutablePath_Loc)="C:\Program Files\Microsoft Visual Studio\2022\Community\VC\Tools\MSVC\14.44.35207\bin\HostX86\x64\1033;C:\Program Files\Microsoft Visual Studio\2022\Community\VC\Tools\MSVC\14.44.35207\bin\HostX86\x86\1033;C:\Program Files\Microsoft Visual Studio\2022\Community\VC\Tools\MSVC\14.44.35207\bin\HostX64\arm64\1033;C:\Program Files\Microsoft Visual Studio\2022\Community\VC\Tools\MSVC\14.44.35207\bin\HostX64\arm\1033;C:\Program Files\Microsoft Visual Studio\2022\Community\VC\Tools\MSVC\14.44.35207\bin\HostX64\x64\1033;C:\Program Files\Microsoft Visual Studio\2022\Community\VC\Tools\MSVC\14.44.35207\bin\HostX64\x86\1033;;;;;;;" (valor anterior: "C:\Program Files\Microsoft Visual Studio\2022\Community\VC\Tools\MSVC\14.44.35207\bin\HostX86\x86\1033;C:\Program Files\Microsoft Visual Studio\2022\Community\VC\Tools\MSVC\14.44.35207\bin\HostX64\arm64\1033;C:\Program Files\Microsoft Visual Studio\2022\Community\VC\Tools\MSVC\14.44.35207\bin\HostX64\arm\1033;C:\Program Files\Microsoft Visual Studio\2022\Community\VC\Tools\MSVC\14.44.35207\bin\HostX64\x64\1033;C:\Program Files\Microsoft Visual Studio\2022\Community\VC\Tools\MSVC\14.44.35207\bin\HostX64\x86\1033;;;;;;") en C:\Program Files\Microsoft Visual Studio\2022\Community\MSBuild\Microsoft\VC\v170\Microsoft.Cpp.Common.props (92,5)
C:\Program Files\Microsoft Visual Studio\2022\Community\MSBuild\Microsoft\VC\v170\Microsoft.Cpp.Common.props(93,5): message : Reasignaci├│n de propiedad: $(VC_ExecutablePath_Loc)="C:\Program Files\Microsoft Visual Studio\2022\Community\VC\Tools\MSVC\14.44.35207\bin\HostX86\arm64\1033;C:\Program Files\Microsoft Visual Studio\2022\Community\VC\Tools\MSVC\14.44.35207\bin\HostX86\x64\1033;C:\Program Files\Microsoft Visual Studio\2022\Community\VC\Tools\MSVC\14.44.35207\bin\HostX86\x86\1033;C:\Program Files\Microsoft Visual Studio\2022\Community\VC\Tools\MSVC\14.44.35207\bin\HostX64\arm64\1033;C:\Program Files\Microsoft Visual Studio\2022\Community\VC\Tools\MSVC\14.44.35207\bin\HostX64\arm\1033;C:\Program Files\Microsoft Visual Studio\2022\Community\VC\Tools\MSVC\14.44.35207\bin\HostX64\x64\1033;C:\Program Files\Microsoft Visual Studio\2022\Community\VC\Tools\MSVC\14.44.35207\bin\HostX64\x86\1033;;;;;;;;" (valor anterior: "C:\Program Files\Microsoft Visual Studio\2022\Community\VC\Tools\MSVC\14.44.35207\bin\HostX86\x64\1033;C:\Program Files\Microsoft Visual Studio\2022\Community\VC\Tools\MSVC\14.44.35207\bin\HostX86\x86\1033;C:\Program Files\Microsoft Visual Studio\2022\Community\VC\Tools\MSVC\14.44.35207\bin\HostX64\arm64\1033;C:\Program Files\Microsoft Visual Studio\2022\Community\VC\Tools\MSVC\14.44.35207\bin\HostX64\arm\1033;C:\Program Files\Microsoft Visual Studio\2022\Community\VC\Tools\MSVC\14.44.35207\bin\HostX64\x64\1033;C:\Program Files\Microsoft Visual Studio\2022\Community\VC\Tools\MSVC\14.44.35207\bin\HostX64\x86\1033;;;;;;;") en C:\Program Files\Microsoft Visual Studio\2022\Community\MSBuild\Microsoft\VC\v170\Microsoft.Cpp.Common.props (93,5)
C:\Program Files\Microsoft Visual Studio\2022\Community\MSBuild\Microsoft\VC\v170\Microsoft.Cpp.Common.props(94,5): message : Reasignaci├│n de propiedad: $(VC_ExecutablePath_Loc)="C:\Program Files\Microsoft Visual Studio\2022\Community\VC\Tools\MSVC\14.44.35207\bin\HostArm64\x86\1033;C:\Program Files\Microsoft Visual Studio\2022\Community\VC\Tools\MSVC\14.44.35207\bin\HostX86\arm64\1033;C:\Program Files\Microsoft Visual Studio\2022\Community\VC\Tools\MSVC\14.44.35207\bin\HostX86\x64\1033;C:\Program Files\Microsoft Visual Studio\2022\Community\VC\Tools\MSVC\14.44.35207\bin\HostX86\x86\1033;C:\Program Files\Microsoft Visual Studio\2022\Community\VC\Tools\MSVC\14.44.35207\bin\HostX64\arm64\1033;C:\Program Files\Microsoft Visual Studio\2022\Community\VC\Tools\MSVC\14.44.35207\bin\HostX64\arm\1033;C:\Program Files\Microsoft Visual Studio\2022\Community\VC\Tools\MSVC\14.44.35207\bin\HostX64\x64\1033;C:\Program Files\Microsoft Visual Studio\2022\Community\VC\Tools\MSVC\14.44.35207\bin\HostX64\x86\1033;;;;;;;;;" (valor anterior: "C:\Program Files\Microsoft Visual Studio\2022\Community\VC\Tools\MSVC\14.44.35207\bin\HostX86\arm64\1033;C:\Program Files\Microsoft Visual Studio\2022\Community\VC\Tools\MSVC\14.44.35207\bin\HostX86\x64\1033;C:\Program Files\Microsoft Visual Studio\2022\Community\VC\Tools\MSVC\14.44.35207\bin\HostX86\x86\1033;C:\Program Files\Microsoft Visual Studio\2022\Community\VC\Tools\MSVC\14.44.35207\bin\HostX64\arm64\1033;C:\Program Files\Microsoft Visual Studio\2022\Community\VC\Tools\MSVC\14.44.35207\bin\HostX64\arm\1033;C:\Program Files\Microsoft Visual Studio\2022\Community\VC\Tools\MSVC\14.44.35207\bin\HostX64\x64\1033;C:\Program Files\Microsoft Visual Studio\2022\Community\VC\Tools\MSVC\14.44.35207\bin\HostX64\x86\1033;;;;;;;;") en C:\Program Files\Microsoft Visual Studio\2022\Community\MSBuild\Microsoft\VC\v170\Microsoft.Cpp.Common.props (94,5)
C:\Program Files\Microsoft Visual Studio\2022\Community\MSBuild\Microsoft\VC\v170\Microsoft.Cpp.Common.props(95,5): message : Reasignaci├│n de propiedad: $(VC_ExecutablePath_Loc)="C:\Program Files\Microsoft Visual Studio\2022\Community\VC\Tools\MSVC\14.44.35207\bin\HostArm64\x64\1033;C:\Program Files\Microsoft Visual Studio\2022\Community\VC\Tools\MSVC\14.44.35207\bin\HostArm64\x86\1033;C:\Program Files\Microsoft Visual Studio\2022\Community\VC\Tools\MSVC\14.44.35207\bin\HostX86\arm64\1033;C:\Program Files\Microsoft Visual Studio\2022\Community\VC\Tools\MSVC\14.44.35207\bin\HostX86\x64\1033;C:\Program Files\Microsoft Visual Studio\2022\Community\VC\Tools\MSVC\14.44.35207\bin\HostX86\x86\1033;C:\Program Files\Microsoft Visual Studio\2022\Community\VC\Tools\MSVC\14.44.35207\bin\HostX64\arm64\1033;C:\Program Files\Microsoft Visual Studio\2022\Community\VC\Tools\MSVC\14.44.35207\bin\HostX64\arm\1033;C:\Program Files\Microsoft Visual Studio\2022\Community\VC\Tools\MSVC\14.44.35207\bin\HostX64\x64\1033;C:\Program Files\Microsoft Visual Studio\2022\Community\VC\Tools\MSVC\14.44.35207\bin\HostX64\x86\1033;;;;;;;;;;" (valor anterior: "C:\Program Files\Microsoft Visual Studio\2022\Community\VC\Tools\MSVC\14.44.35207\bin\HostArm64\x86\1033;C:\Program Files\Microsoft Visual Studio\2022\Community\VC\Tools\MSVC\14.44.35207\bin\HostX86\arm64\1033;C:\Program Files\Microsoft Visual Studio\2022\Community\VC\Tools\MSVC\14.44.35207\bin\HostX86\x64\1033;C:\Program Files\Microsoft Visual Studio\2022\Community\VC\Tools\MSVC\14.44.35207\bin\HostX86\x86\1033;C:\Program Files\Microsoft Visual Studio\2022\Community\VC\Tools\MSVC\14.44.35207\bin\HostX64\arm64\1033;C:\Program Files\Microsoft Visual Studio\2022\Community\VC\Tools\MSVC\14.44.35207\bin\HostX64\arm\1033;C:\Program Files\Microsoft Visual Studio\2022\Community\VC\Tools\MSVC\14.44.35207\bin\HostX64\x64\1033;C:\Program Files\Microsoft Visual Studio\2022\Community\VC\Tools\MSVC\14.44.35207\bin\HostX64\x86\1033;;;;;;;;;") en C:\Program Files\Microsoft Visual Studio\2022\Community\MSBuild\Microsoft\VC\v170\Microsoft.Cpp.Common.props (95,5)
C:\Program Files\Microsoft Visual Studio\2022\Community\MSBuild\Microsoft\VC\v170\Microsoft.Cpp.Common.props(96,5): message : Reasignaci├│n de propiedad: $(VC_ExecutablePath_Loc)="C:\Program Files\Microsoft Visual Studio\2022\Community\VC\Tools\MSVC\14.44.35207\bin\HostArm64\arm\1033;C:\Program Files\Microsoft Visual Studio\2022\Community\VC\Tools\MSVC\14.44.35207\bin\HostArm64\x64\1033;C:\Program Files\Microsoft Visual Studio\2022\Community\VC\Tools\MSVC\14.44.35207\bin\HostArm64\x86\1033;C:\Program Files\Microsoft Visual Studio\2022\Community\VC\Tools\MSVC\14.44.35207\bin\HostX86\arm64\1033;C:\Program Files\Microsoft Visual Studio\2022\Community\VC\Tools\MSVC\14.44.35207\bin\HostX86\x64\1033;C:\Program Files\Microsoft Visual Studio\2022\Community\VC\Tools\MSVC\14.44.35207\bin\HostX86\x86\1033;C:\Program Files\Microsoft Visual Studio\2022\Community\VC\Tools\MSVC\14.44.35207\bin\HostX64\arm64\1033;C:\Program Files\Microsoft Visual Studio\2022\Community\VC\Tools\MSVC\14.44.35207\bin\HostX64\arm\1033;C:\Program Files\Microsoft Visual Studio\2022\Community\VC\Tools\MSVC\14.44.35207\bin\HostX64\x64\1033;C:\Program Files\Microsoft Visual Studio\2022\Community\VC\Tools\MSVC\14.44.35207\bin\HostX64\x86\1033;;;;;;;;;;;" (valor anterior: "C:\Program Files\Microsoft Visual Studio\2022\Community\VC\Tools\MSVC\14.44.35207\bin\HostArm64\x64\1033;C:\Program Files\Microsoft Visual Studio\2022\Community\VC\Tools\MSVC\14.44.35207\bin\HostArm64\x86\1033;C:\Program Files\Microsoft Visual Studio\2022\Community\VC\Tools\MSVC\14.44.35207\bin\HostX86\arm64\1033;C:\Program Files\Microsoft Visual Studio\2022\Community\VC\Tools\MSVC\14.44.35207\bin\HostX86\x64\1033;C:\Program Files\Microsoft Visual Studio\2022\Community\VC\Tools\MSVC\14.44.35207\bin\HostX86\x86\1033;C:\Program Files\Microsoft Visual Studio\2022\Community\VC\Tools\MSVC\14.44.35207\bin\HostX64\arm64\1033;C:\Program Files\Microsoft Visual Studio\2022\Community\VC\Tools\MSVC\14.44.35207\bin\HostX64\arm\1033;C:\Program Files\Microsoft Visual Studio\2022\Community\VC\Tools\MSVC\14.44.35207\bin\HostX64\x64\1033;C:\Program Files\Microsoft Visual Studio\2022\Community\VC\Tools\MSVC\14.44.35207\bin\HostX64\x86\1033;;;;;;;;;;") en C:\Program Files\Microsoft Visual Studio\2022\Community\MSBuild\Microsoft\VC\v170\Microsoft.Cpp.Common.props (96,5)
C:\Program Files\Microsoft Visual Studio\2022\Community\MSBuild\Microsoft\VC\v170\Microsoft.Cpp.Common.props(97,5): message : Reasignaci├│n de propiedad: $(VC_ExecutablePath_Loc)="C:\Program Files\Microsoft Visual Studio\2022\Community\VC\Tools\MSVC\14.44.35207\bin\HostArm64\arm64\1033;C:\Program Files\Microsoft Visual Studio\2022\Community\VC\Tools\MSVC\14.44.35207\bin\HostArm64\arm\1033;C:\Program Files\Microsoft Visual Studio\2022\Community\VC\Tools\MSVC\14.44.35207\bin\HostArm64\x64\1033;C:\Program Files\Microsoft Visual Studio\2022\Community\VC\Tools\MSVC\14.44.35207\bin\HostArm64\x86\1033;C:\Program Files\Microsoft Visual Studio\2022\Community\VC\Tools\MSVC\14.44.35207\bin\HostX86\arm64\1033;C:\Program Files\Microsoft Visual Studio\2022\Community\VC\Tools\MSVC\14.44.35207\bin\HostX86\x64\1033;C:\Program Files\Microsoft Visual Studio\2022\Community\VC\Tools\MSVC\14.44.35207\bin\HostX86\x86\1033;C:\Program Files\Microsoft Visual Studio\2022\Community\VC\Tools\MSVC\14.44.35207\bin\HostX64\arm64\1033;C:\Program Files\Microsoft Visual Studio\2022\Community\VC\Tools\MSVC\14.44.35207\bin\HostX64\arm\1033;C:\Program Files\Microsoft Visual Studio\2022\Community\VC\Tools\MSVC\14.44.35207\bin\HostX64\x64\1033;C:\Program Files\Microsoft Visual Studio\2022\Community\VC\Tools\MSVC\14.44.35207\bin\HostX64\x86\1033;;;;;;;;;;;;" (valor anterior: "C:\Program Files\Microsoft Visual Studio\2022\Community\VC\Tools\MSVC\14.44.35207\bin\HostArm64\arm\1033;C:\Program Files\Microsoft Visual Studio\2022\Community\VC\Tools\MSVC\14.44.35207\bin\HostArm64\x64\1033;C:\Program Files\Microsoft Visual Studio\2022\Community\VC\Tools\MSVC\14.44.35207\bin\HostArm64\x86\1033;C:\Program Files\Microsoft Visual Studio\2022\Community\VC\Tools\MSVC\14.44.35207\bin\HostX86\arm64\1033;C:\Program Files\Microsoft Visual Studio\2022\Community\VC\Tools\MSVC\14.44.35207\bin\HostX86\x64\1033;C:\Program Files\Microsoft Visual Studio\2022\Community\VC\Tools\MSVC\14.44.35207\bin\HostX86\x86\1033;C:\Program Files\Microsoft Visual Studio\2022\Community\VC\Tools\MSVC\14.44.35207\bin\HostX64\arm64\1033;C:\Program Files\Microsoft Visual Studio\2022\Community\VC\Tools\MSVC\14.44.35207\bin\HostX64\arm\1033;C:\Program Files\Microsoft Visual Studio\2022\Community\VC\Tools\MSVC\14.44.35207\bin\HostX64\x64\1033;C:\Program Files\Microsoft Visual Studio\2022\Community\VC\Tools\MSVC\14.44.35207\bin\HostX64\x86\1033;;;;;;;;;;;") en C:\Program Files\Microsoft Visual Studio\2022\Community\MSBuild\Microsoft\VC\v170\Microsoft.Cpp.Common.props (97,5)
C:\Program Files\Microsoft Visual Studio\2022\Community\MSBuild\Microsoft\VC\v170\Microsoft.Cpp.Common.props(147,5): message : Propiedad "COMPUTERNAME" con el valor "DESKTOP-LKN32CN" expandido desde el entorno.
C:\Program Files\Microsoft Visual Studio\2022\Community\MSBuild\Microsoft\VC\v170\Microsoft.Cpp.Common.props(154,5): message : Reasignaci├│n de propiedad: $(RemoteDebuggerDeployCppRuntime)="true" (valor anterior: "false") en C:\Program Files\Microsoft Visual Studio\2022\Community\MSBuild\Microsoft\VC\v170\Microsoft.Cpp.Common.props (154,5)
C:\Program Files\Microsoft Visual Studio\2022\Community\MSBuild\Microsoft\VC\v170\Microsoft.Cpp.Common.props(214,5): message : Reasignaci├│n de propiedad: $(MultiProcMaxCount)="0" (valor anterior: "") en C:\Program Files\Microsoft Visual Studio\2022\Community\MSBuild\Microsoft\VC\v170\Microsoft.Cpp.Common.props (214,5)
C:\Program Files\Microsoft Visual Studio\2022\Community\MSBuild\Microsoft\VC\v170\Microsoft.Cpp.Analysis.props(29,5): message : Reasignaci├│n de propiedad: $(MsvcAnalysisToolsPath)="C:\Program Files\Microsoft Visual Studio\2022\Community\VC\Tools\MSVC\14.44.35207\bin\HostX86\x64" (valor anterior: "C:\Program Files\Microsoft Visual Studio\2022\Community\VC\Tools\MSVC\14.44.35207\bin\HostX64\x64") en C:\Program Files\Microsoft Visual Studio\2022\Community\MSBuild\Microsoft\VC\v170\Microsoft.Cpp.Analysis.props (29,5)
C:\Program Files\Microsoft Visual Studio\2022\Community\MSBuild\Microsoft\VC\v170\Microsoft.Cpp.Analysis.props(33,5): message : Reasignaci├│n de propiedad: $(MsvcAnalysisPluginPath)="C:\Program Files\Microsoft Visual Studio\2022\Community\VC\Tools\MSVC\14.44.35207\bin\HostX86\x64" (valor anterior: "C:\Program Files\Microsoft Visual Studio\2022\Community\VC\Tools\MSVC\14.44.35207\bin\HostX64\x64") en C:\Program Files\Microsoft Visual Studio\2022\Community\MSBuild\Microsoft\VC\v170\Microsoft.Cpp.Analysis.props (33,5)
C:\Program Files\Microsoft Visual Studio\2022\Community\MSBuild\Microsoft\VC\v170\Microsoft.CodeAnalysis.Extensions.props(21,5): message : Reasignaci├│n de propiedad: $(EspXtensions)="EnumIndex.dll;CppCoreCheck.dll;" (valor anterior: "CppCoreCheck.dll;") en C:\Program Files\Microsoft Visual Studio\2022\Community\MSBuild\Microsoft\VC\v170\Microsoft.CodeAnalysis.Extensions.props (21,5)
C:\Program Files\Microsoft Visual Studio\2022\Community\MSBuild\Microsoft\VC\v170\Microsoft.CodeAnalysis.Extensions.props(24,5): message : Reasignaci├│n de propiedad: $(EspXtensions)="HResultCheck.dll;EnumIndex.dll;CppCoreCheck.dll;" (valor anterior: "EnumIndex.dll;CppCoreCheck.dll;") en C:\Program Files\Microsoft Visual Studio\2022\Community\MSBuild\Microsoft\VC\v170\Microsoft.CodeAnalysis.Extensions.props (24,5)
C:\Program Files\Microsoft Visual Studio\2022\Community\MSBuild\Microsoft\VC\v170\Microsoft.CodeAnalysis.Extensions.props(27,5): message : Reasignaci├│n de propiedad: $(EspXtensions)="VariantClear.dll;HResultCheck.dll;EnumIndex.dll;CppCoreCheck.dll;" (valor anterior: "HResultCheck.dll;EnumIndex.dll;CppCoreCheck.dll;") en C:\Program Files\Microsoft Visual Studio\2022\Community\MSBuild\Microsoft\VC\v170\Microsoft.CodeAnalysis.Extensions.props (27,5)
C:\Program Files\Microsoft Visual Studio\2022\Community\MSBuild\Microsoft\VC\v170\Microsoft.CodeAnalysis.Extensions.props(33,5): message : Reasignaci├│n de propiedad: $(ConcurrencyCheckPath)="C:\Program Files\Microsoft Visual Studio\2022\Community\VC\Tools\MSVC\14.44.35207\bin\HostX86\x64\ConcurrencyCheck.dll" (valor anterior: "C:\Program Files\Microsoft Visual Studio\2022\Community\VC\Tools\MSVC\14.44.35207\bin\HostX86\x86\ConcurrencyCheck.dll") en C:\Program Files\Microsoft Visual Studio\2022\Community\MSBuild\Microsoft\VC\v170\Microsoft.CodeAnalysis.Extensions.props (33,5)
C:\Program Files\Microsoft Visual Studio\2022\Community\MSBuild\Microsoft\VC\v170\Microsoft.CodeAnalysis.Extensions.props(34,5): message : Reasignaci├│n de propiedad: $(EspXtensions)="ConcurrencyCheck.dll;VariantClear.dll;HResultCheck.dll;EnumIndex.dll;CppCoreCheck.dll;" (valor anterior: "VariantClear.dll;HResultCheck.dll;EnumIndex.dll;CppCoreCheck.dll;") en C:\Program Files\Microsoft Visual Studio\2022\Community\MSBuild\Microsoft\VC\v170\Microsoft.CodeAnalysis.Extensions.props (34,5)
C:\Program Files\Microsoft Visual Studio\2022\Community\MSBuild\Microsoft\VC\v170\Microsoft.Cpp.unicodesupport.props(15,5): message : Reasignaci├│n de propiedad: $(_PropertySheetDisplayName)="Unicode Support" (valor anterior: "Core Windows Libraries") en C:\Program Files\Microsoft Visual Studio\2022\Community\MSBuild\Microsoft\VC\v170\Microsoft.Cpp.unicodesupport.props (15,5)
C:\Program Files\Microsoft Visual Studio\2022\Community\MSBuild\Microsoft\VC\v170\Microsoft.Cpp.Application.props(15,5): message : Reasignaci├│n de propiedad: $(_PropertySheetDisplayName)="Application" (valor anterior: "Unicode Support") en C:\Program Files\Microsoft Visual Studio\2022\Community\MSBuild\Microsoft\VC\v170\Microsoft.Cpp.Application.props (15,5)
C:\Program Files\Microsoft Visual Studio\2022\Community\MSBuild\Microsoft\VC\v170\Microsoft.Cpp.WholeProgramOptimization.props(15,5): message : Reasignaci├│n de propiedad: $(_PropertySheetDisplayName)="Whole Program Optimization" (valor anterior: "Application") en C:\Program Files\Microsoft Visual Studio\2022\Community\MSBuild\Microsoft\VC\v170\Microsoft.Cpp.WholeProgramOptimization.props (15,5)
C:\Program Files\Microsoft Visual Studio\2022\Community\MSBuild\Microsoft\VC\v170\Microsoft.Cpp.MSVC.Toolset.Common.props(55,5): message : Propiedad "Path" con el valor "C:\Program Files\Common Files\Oracle\Java\javapath;C:\Program Files (x86)\Common Files\Oracle\Java\java8path;C:\Program Files (x86)\Common Files\Oracle\Java\javapath;C:\WINDOWS\system32;C:\WINDOWS;C:\WINDOWS\System32\Wbem;C:\WINDOWS\System32\WindowsPowerShell\v1.0\;C:\WINDOWS\System32\OpenSSH\;C:\Program Files\dotnet\;C:\Program Files\NVIDIA Corporation\NVIDIA app\NvDLISR;C:\Program Files (x86)\NVIDIA Corporation\PhysX\Common;C:\Program Files (x86)\Windows Kits\10\Windows Performance Toolkit\;C:\Program Files\Microsoft SQL Server\150\Tools\Binn\;C:\Program Files\Microsoft SQL Server\Client SDK\ODBC\170\Tools\Binn\;C:\Program Files\Git\cmd;C:\Users\Usuario\AppData\Local\Microsoft\WindowsApps;C:\Users\Usuario\.dotnet\tools;C:\Users\Usuario\AppData\Local\Programs\Antigravity\bin" expandido desde el entorno.
C:\Program Files\Microsoft Visual Studio\2022\Community\MSBuild\Microsoft\VC\v170\Microsoft.Cpp.MSVC.Toolset.Common.props(56,5): message : Propiedad "SystemRoot" con el valor "C:\WINDOWS" expandido desde el entorno.
La propiedad "SolutionExt" es global y no se puede modificar.
C:\Program Files\Microsoft Visual Studio\2022\Community\MSBuild\Microsoft\VC\v170\Microsoft.CppCommon.targets(40,5): message : Reasignaci├│n de propiedad: $(ExtensionsToDeleteOnClean)="*.cdf;*.cache;*.obj;*.obj.enc;*.ilk;*.ipdb;*.iobj;*.resources;*.tlb;*.tli;*.tlh;*.tmp;*.rsp;*.pgc;*.pgd;*.meta;*.tlog;*.manifest;*.res;*.pch;*.exp;*.idb;*.rep;*.xdc;*.pdb;*_manifest.rc;*.bsc;*.sbr;*.xml;*.metagen;*.bi;c:\Users\Usuario\source\repos\Search Lobbys\x64\Release\Search Lobbys.exe.manifest;c:\Users\Usuario\source\repos\Search Lobbys\x64\Release\Search Lobbys.tlb;c:\Users\Usuario\source\repos\Search Lobbys\x64\Release\Search Lobbys.pdb;c:\Users\Usuario\source\repos\Search Lobbys\x64\Release\Search Lobbys.exe;c:\Users\Usuario\source\repos\Search Lobbys\x64\Release\Search Lobbys.bsc;c:\Users\Usuario\source\repos\Search Lobbys\x64\Release\Search Lobbys.ilk;c:\Users\Usuario\source\repos\Search Lobbys\x64\Release\Search Lobbys.exe.intermediate.manifest;Search Lobbys\x64\Release\Search Lobbys.vcxproj.FileListAbsolute.txt" (valor anterior: "*.cdf;*.cache;*.obj;*.obj.enc;*.ilk;*.ipdb;*.iobj;*.resources;*.tlb;*.tli;*.tlh;*.tmp;*.rsp;*.pgc;*.pgd;*.meta;*.tlog;*.manifest;*.res;*.pch;*.exp;*.idb;*.rep;*.xdc;*.pdb;*_manifest.rc;*.bsc;*.sbr;*.xml;*.metagen;*.bi") en C:\Program Files\Microsoft Visual Studio\2022\Community\MSBuild\Microsoft\VC\v170\Microsoft.CppCommon.targets (40,5)
C:\Program Files\Microsoft Visual Studio\2022\Community\MSBuild\Microsoft\VC\v170\Microsoft.BuildSteps.Targets(32,5): message : Reasignaci├│n de propiedad: $(DebugType)="none" (valor anterior: "") en C:\Program Files\Microsoft Visual Studio\2022\Community\MSBuild\Microsoft\VC\v170\Microsoft.BuildSteps.Targets (32,5)
Las rutas de b├║squeda usadas para $(MSBuildExtensionsPath) son C:\Program Files\Microsoft Visual Studio\2022\Community\MSBuild;$(MSBuildProgramFiles32)\MSBuild
Las rutas de b├║squeda usadas para $(MSBuildExtensionsPath) son C:\Program Files\Microsoft Visual Studio\2022\Community\MSBuild;$(MSBuildProgramFiles32)\MSBuild
Intentando importar C:\Program Files\Microsoft Visual Studio\2022\Community\MSBuild\$(MSBuildToolsVersion)\Microsoft.Common.targets\ImportBefore\* con la ruta de acceso de extensiones C:\Program Files\Microsoft Visual Studio\2022\Community\MSBuild
La propiedad "Configuration" es global y no se puede modificar.
C:\Program Files\Microsoft Visual Studio\2022\Community\MSBuild\Current\Bin\Microsoft.Common.CurrentVersion.targets(185,5): message : Reasignaci├│n de propiedad: $(_DocumentationFileProduced)="false" (valor anterior: "true") en C:\Program Files\Microsoft Visual Studio\2022\Community\MSBuild\Current\Bin\Microsoft.Common.CurrentVersion.targets (185,5)
La propiedad "SolutionName" es global y no se puede modificar.
La propiedad "SolutionFileName" es global y no se puede modificar.
La propiedad "SolutionPath" es global y no se puede modificar.
La propiedad "SolutionDir" es global y no se puede modificar.
La propiedad "SolutionExt" es global y no se puede modificar.
C:\Program Files\Microsoft Visual Studio\2022\Community\MSBuild\Current\Bin\Microsoft.Common.CurrentVersion.targets(369,5): message : Reasignaci├│n de propiedad: $(AutoUnifyAssemblyReferences)="false" (valor anterior: "true") en C:\Program Files\Microsoft Visual Studio\2022\Community\MSBuild\Current\Bin\Microsoft.Common.CurrentVersion.targets (369,5)
C:\Program Files\Microsoft Visual Studio\2022\Community\MSBuild\Current\Bin\Microsoft.Common.CurrentVersion.targets(392,5): message : Reasignaci├│n de propiedad: $(MSBuildCopyMarkerName)="Search L.E8128639" (valor anterior: "Search Lobbys.vcxproj") en C:\Program Files\Microsoft Visual Studio\2022\Community\MSBuild\Current\Bin\Microsoft.Common.CurrentVersion.targets (392,5)
C:\Program Files\Microsoft Visual Studio\2022\Community\MSBuild\Current\Bin\Microsoft.Common.CurrentVersion.targets(393,5): message : Reasignaci├│n de propiedad: $(MSBuildCopyMarkerName)="Search L.E8128639.Up2Date" (valor anterior: "Search L.E8128639") en C:\Program Files\Microsoft Visual Studio\2022\Community\MSBuild\Current\Bin\Microsoft.Common.CurrentVersion.targets (393,5)
C:\Program Files\Microsoft Visual Studio\2022\Community\MSBuild\Current\Bin\Microsoft.Common.CurrentVersion.targets(528,5): message : Reasignaci├│n de propiedad: $(ProcessorArchitecture)="amd64" (valor anterior: "x64") en C:\Program Files\Microsoft Visual Studio\2022\Community\MSBuild\Current\Bin\Microsoft.Common.CurrentVersion.targets (528,5)
C:\Program Files\Microsoft Visual Studio\2022\Community\MSBuild\Current\Bin\Microsoft.Common.CurrentVersion.targets(562,42): message : Propiedad "MSBuildExtensionsPath64" con el valor "C:\Program Files\MSBuild" expandido desde el entorno.
C:\Program Files\Microsoft Visual Studio\2022\Community\MSBuild\Current\Bin\Microsoft.Common.CurrentVersion.targets(580,5): message : Reasignaci├│n de propiedad: $(DelaySign)="" (valor anterior: "false") en C:\Program Files\Microsoft Visual Studio\2022\Community\MSBuild\Current\Bin\Microsoft.Common.CurrentVersion.targets (580,5)
C:\Program Files\Microsoft Visual Studio\2022\Community\MSBuild\Current\Bin\Microsoft.Common.CurrentVersion.targets(649,5): message : Reasignaci├│n de propiedad: $(AssemblySearchPaths)="{CandidateAssemblyFiles};C:\Program Files\Microsoft Visual Studio\2022\Community\VC\Tools\MSVC\14.44.35207\atlmfc\lib\x64;;C:\Program Files\Microsoft Visual Studio\2022\Community\VC\Tools\MSVC\14.44.35207\lib\x64;" (valor anterior: "{CandidateAssemblyFiles}") en C:\Program Files\Microsoft Visual Studio\2022\Community\MSBuild\Current\Bin\Microsoft.Common.CurrentVersion.targets (649,5)
C:\Program Files\Microsoft Visual Studio\2022\Community\MSBuild\Current\Bin\Microsoft.Common.CurrentVersion.targets(650,5): message : Reasignaci├│n de propiedad: $(AssemblySearchPaths)="{CandidateAssemblyFiles};C:\Program Files\Microsoft Visual Studio\2022\Community\VC\Tools\MSVC\14.44.35207\atlmfc\lib\x64;;C:\Program Files\Microsoft Visual Studio\2022\Community\VC\Tools\MSVC\14.44.35207\lib\x64;;{HintPathFromItem}" (valor anterior: "{CandidateAssemblyFiles};C:\Program Files\Microsoft Visual Studio\2022\Community\VC\Tools\MSVC\14.44.35207\atlmfc\lib\x64;;C:\Program Files\Microsoft Visual Studio\2022\Community\VC\Tools\MSVC\14.44.35207\lib\x64;") en C:\Program Files\Microsoft Visual Studio\2022\Community\MSBuild\Current\Bin\Microsoft.Common.CurrentVersion.targets (650,5)
C:\Program Files\Microsoft Visual Studio\2022\Community\MSBuild\Current\Bin\Microsoft.Common.CurrentVersion.targets(651,5): message : Reasignaci├│n de propiedad: $(AssemblySearchPaths)="{CandidateAssemblyFiles};C:\Program Files\Microsoft Visual Studio\2022\Community\VC\Tools\MSVC\14.44.35207\atlmfc\lib\x64;;C:\Program Files\Microsoft Visual Studio\2022\Community\VC\Tools\MSVC\14.44.35207\lib\x64;;{HintPathFromItem};{TargetFrameworkDirectory}" (valor anterior: "{CandidateAssemblyFiles};C:\Program Files\Microsoft Visual Studio\2022\Community\VC\Tools\MSVC\14.44.35207\atlmfc\lib\x64;;C:\Program Files\Microsoft Visual Studio\2022\Community\VC\Tools\MSVC\14.44.35207\lib\x64;;{HintPathFromItem}") en C:\Program Files\Microsoft Visual Studio\2022\Community\MSBuild\Current\Bin\Microsoft.Common.CurrentVersion.targets (651,5)
C:\Program Files\Microsoft Visual Studio\2022\Community\MSBuild\Current\Bin\Microsoft.Common.CurrentVersion.targets(652,5): message : Reasignaci├│n de propiedad: $(AssemblySearchPaths)="{CandidateAssemblyFiles};C:\Program Files\Microsoft Visual Studio\2022\Community\VC\Tools\MSVC\14.44.35207\atlmfc\lib\x64;;C:\Program Files\Microsoft Visual Studio\2022\Community\VC\Tools\MSVC\14.44.35207\lib\x64;;{HintPathFromItem};{TargetFrameworkDirectory};{AssemblyFoldersFromConfig:C:\Program Files\Microsoft Visual Studio\2022\Community\MSBuild\Current\Bin\AssemblyFolders.config,};" (valor anterior: "{CandidateAssemblyFiles};C:\Program Files\Microsoft Visual Studio\2022\Community\VC\Tools\MSVC\14.44.35207\atlmfc\lib\x64;;C:\Program Files\Microsoft Visual Studio\2022\Community\VC\Tools\MSVC\14.44.35207\lib\x64;;{HintPathFromItem};{TargetFrameworkDirectory}") en C:\Program Files\Microsoft Visual Studio\2022\Community\MSBuild\Current\Bin\Microsoft.Common.CurrentVersion.targets (652,5)
C:\Program Files\Microsoft Visual Studio\2022\Community\MSBuild\Current\Bin\Microsoft.Common.CurrentVersion.targets(653,5): message : Reasignaci├│n de propiedad: $(AssemblySearchPaths)="{CandidateAssemblyFiles};C:\Program Files\Microsoft Visual Studio\2022\Community\VC\Tools\MSVC\14.44.35207\atlmfc\lib\x64;;C:\Program Files\Microsoft Visual Studio\2022\Community\VC\Tools\MSVC\14.44.35207\lib\x64;;{HintPathFromItem};{TargetFrameworkDirectory};{AssemblyFoldersFromConfig:C:\Program Files\Microsoft Visual Studio\2022\Community\MSBuild\Current\Bin\AssemblyFolders.config,};;{Registry:Software\Microsoft\,,AssemblyFoldersEx}" (valor anterior: "{CandidateAssemblyFiles};C:\Program Files\Microsoft Visual Studio\2022\Community\VC\Tools\MSVC\14.44.35207\atlmfc\lib\x64;;C:\Program Files\Microsoft Visual Studio\2022\Community\VC\Tools\MSVC\14.44.35207\lib\x64;;{HintPathFromItem};{TargetFrameworkDirectory};{AssemblyFoldersFromConfig:C:\Program Files\Microsoft Visual Studio\2022\Community\MSBuild\Current\Bin\AssemblyFolders.config,};") en C:\Program Files\Microsoft Visual Studio\2022\Community\MSBuild\Current\Bin\Microsoft.Common.CurrentVersion.targets (653,5)
C:\Program Files\Microsoft Visual Studio\2022\Community\MSBuild\Current\Bin\Microsoft.Common.CurrentVersion.targets(654,5): message : Reasignaci├│n de propiedad: $(AssemblySearchPaths)="{CandidateAssemblyFiles};C:\Program Files\Microsoft Visual Studio\2022\Community\VC\Tools\MSVC\14.44.35207\atlmfc\lib\x64;;C:\Program Files\Microsoft Visual Studio\2022\Community\VC\Tools\MSVC\14.44.35207\lib\x64;;{HintPathFromItem};{TargetFrameworkDirectory};{AssemblyFoldersFromConfig:C:\Program Files\Microsoft Visual Studio\2022\Community\MSBuild\Current\Bin\AssemblyFolders.config,};;{Registry:Software\Microsoft\,,AssemblyFoldersEx};{AssemblyFolders}" (valor anterior: "{CandidateAssemblyFiles};C:\Program Files\Microsoft Visual Studio\2022\Community\VC\Tools\MSVC\14.44.35207\atlmfc\lib\x64;;C:\Program Files\Microsoft Visual Studio\2022\Community\VC\Tools\MSVC\14.44.35207\lib\x64;;{HintPathFromItem};{TargetFrameworkDirectory};{AssemblyFoldersFromConfig:C:\Program Files\Microsoft Visual Studio\2022\Community\MSBuild\Current\Bin\AssemblyFolders.config,};;{Registry:Software\Microsoft\,,AssemblyFoldersEx}") en C:\Program Files\Microsoft Visual Studio\2022\Community\MSBuild\Current\Bin\Microsoft.Common.CurrentVersion.targets (654,5)
C:\Program Files\Microsoft Visual Studio\2022\Community\MSBuild\Current\Bin\Microsoft.Common.CurrentVersion.targets(655,5): message : Reasignaci├│n de propiedad: $(AssemblySearchPaths)="{CandidateAssemblyFiles};C:\Program Files\Microsoft Visual Studio\2022\Community\VC\Tools\MSVC\14.44.35207\atlmfc\lib\x64;;C:\Program Files\Microsoft Visual Studio\2022\Community\VC\Tools\MSVC\14.44.35207\lib\x64;;{HintPathFromItem};{TargetFrameworkDirectory};{AssemblyFoldersFromConfig:C:\Program Files\Microsoft Visual Studio\2022\Community\MSBuild\Current\Bin\AssemblyFolders.config,};;{Registry:Software\Microsoft\,,AssemblyFoldersEx};{AssemblyFolders};{GAC}" (valor anterior: "{CandidateAssemblyFiles};C:\Program Files\Microsoft Visual Studio\2022\Community\VC\Tools\MSVC\14.44.35207\atlmfc\lib\x64;;C:\Program Files\Microsoft Visual Studio\2022\Community\VC\Tools\MSVC\14.44.35207\lib\x64;;{HintPathFromItem};{TargetFrameworkDirectory};{AssemblyFoldersFromConfig:C:\Program Files\Microsoft Visual Studio\2022\Community\MSBuild\Current\Bin\AssemblyFolders.config,};;{Registry:Software\Microsoft\,,AssemblyFoldersEx};{AssemblyFolders}") en C:\Program Files\Microsoft Visual Studio\2022\Community\MSBuild\Current\Bin\Microsoft.Common.CurrentVersion.targets (655,5)
C:\Program Files\Microsoft Visual Studio\2022\Community\MSBuild\Current\Bin\Microsoft.Common.CurrentVersion.targets(656,5): message : Reasignaci├│n de propiedad: $(AssemblySearchPaths)="{CandidateAssemblyFiles};C:\Program Files\Microsoft Visual Studio\2022\Community\VC\Tools\MSVC\14.44.35207\atlmfc\lib\x64;;C:\Program Files\Microsoft Visual Studio\2022\Community\VC\Tools\MSVC\14.44.35207\lib\x64;;{HintPathFromItem};{TargetFrameworkDirectory};{AssemblyFoldersFromConfig:C:\Program Files\Microsoft Visual Studio\2022\Community\MSBuild\Current\Bin\AssemblyFolders.config,};;{Registry:Software\Microsoft\,,AssemblyFoldersEx};{AssemblyFolders};{GAC};{RawFileName}" (valor anterior: "{CandidateAssemblyFiles};C:\Program Files\Microsoft Visual Studio\2022\Community\VC\Tools\MSVC\14.44.35207\atlmfc\lib\x64;;C:\Program Files\Microsoft Visual Studio\2022\Community\VC\Tools\MSVC\14.44.35207\lib\x64;;{HintPathFromItem};{TargetFrameworkDirectory};{AssemblyFoldersFromConfig:C:\Program Files\Microsoft Visual Studio\2022\Community\MSBuild\Current\Bin\AssemblyFolders.config,};;{Registry:Software\Microsoft\,,AssemblyFoldersEx};{AssemblyFolders};{GAC}") en C:\Program Files\Microsoft Visual Studio\2022\Community\MSBuild\Current\Bin\Microsoft.Common.CurrentVersion.targets (656,5)
C:\Program Files\Microsoft Visual Studio\2022\Community\MSBuild\Current\Bin\Microsoft.Common.CurrentVersion.targets(657,5): message : Reasignaci├│n de propiedad: $(AssemblySearchPaths)="{CandidateAssemblyFiles};C:\Program Files\Microsoft Visual Studio\2022\Community\VC\Tools\MSVC\14.44.35207\atlmfc\lib\x64;;C:\Program Files\Microsoft Visual Studio\2022\Community\VC\Tools\MSVC\14.44.35207\lib\x64;;{HintPathFromItem};{TargetFrameworkDirectory};{AssemblyFoldersFromConfig:C:\Program Files\Microsoft Visual Studio\2022\Community\MSBuild\Current\Bin\AssemblyFolders.config,};;{Registry:Software\Microsoft\,,AssemblyFoldersEx};{AssemblyFolders};{GAC};{RawFileName};c:\Users\Usuario\source\repos\Search Lobbys\x64\Release\" (valor anterior: "{CandidateAssemblyFiles};C:\Program Files\Microsoft Visual Studio\2022\Community\VC\Tools\MSVC\14.44.35207\atlmfc\lib\x64;;C:\Program Files\Microsoft Visual Studio\2022\Community\VC\Tools\MSVC\14.44.35207\lib\x64;;{HintPathFromItem};{TargetFrameworkDirectory};{AssemblyFoldersFromConfig:C:\Program Files\Microsoft Visual Studio\2022\Community\MSBuild\Current\Bin\AssemblyFolders.config,};;{Registry:Software\Microsoft\,,AssemblyFoldersEx};{AssemblyFolders};{GAC};{RawFileName}") en C:\Program Files\Microsoft Visual Studio\2022\Community\MSBuild\Current\Bin\Microsoft.Common.CurrentVersion.targets (657,5)
C:\Program Files\Microsoft Visual Studio\2022\Community\MSBuild\Current\Bin\Microsoft.Common.CurrentVersion.targets(3947,5): message : Reasignaci├│n de propiedad: $(_SGenGenerateSerializationAssembliesConfig)="Auto" (valor anterior: "") en C:\Program Files\Microsoft Visual Studio\2022\Community\MSBuild\Current\Bin\Microsoft.Common.CurrentVersion.targets (3947,5)
C:\Program Files\Microsoft Visual Studio\2022\Community\MSBuild\Current\Bin\Microsoft.Common.CurrentVersion.targets(5159,5): message : Reasignaci├│n de propiedad: $(_TargetsThatPrepareProjectReferences)="
C:\Program Files\Microsoft Visual Studio\2022\Community\MSBuild\Current\Bin\Microsoft.Common.CurrentVersion.targets(5159,5): message :       AssignProjectConfiguration;
C:\Program Files\Microsoft Visual Studio\2022\Community\MSBuild\Current\Bin\Microsoft.Common.CurrentVersion.targets(5159,5): message :       _SplitProjectReferencesByFileExistence
C:\Program Files\Microsoft Visual Studio\2022\Community\MSBuild\Current\Bin\Microsoft.Common.CurrentVersion.targets(5159,5): message :     " (valor anterior: "_SplitProjectReferencesByFileExistence") en C:\Program Files\Microsoft Visual Studio\2022\Community\MSBuild\Current\Bin\Microsoft.Common.CurrentVersion.targets (5159,5)
C:\Program Files\Microsoft Visual Studio\2022\Community\MSBuild\Microsoft\VisualStudio\v17.0\CodeAnalysis\Microsoft.CodeAnalysis.targets(125,5): message : Reasignaci├│n de propiedad: $(_CodeAnalysisTreatWarningsAsErrors)="false" (valor anterior: "") en C:\Program Files\Microsoft Visual Studio\2022\Community\MSBuild\Microsoft\VisualStudio\v17.0\CodeAnalysis\Microsoft.CodeAnalysis.targets (125,5)
C:\Program Files\Microsoft Visual Studio\2022\Community\MSBuild\Microsoft\VisualStudio\v17.0\CodeAnalysis\Microsoft.CodeAnalysis.targets(235,5): message : Reasignaci├│n de propiedad: $(CAExcludePath)="C:\Program Files (x86)\Windows Kits\10\Include\10.0.26100.0\ucrt;;C:\Program Files (x86)\Windows Kits\10\Include\10.0.26100.0\um;C:\Program Files (x86)\Windows Kits\10\Include\10.0.26100.0\shared;C:\Program Files (x86)\Windows Kits\10\Include\10.0.26100.0\winrt;C:\Program Files (x86)\Windows Kits\10\Include\10.0.26100.0\cppwinrt;C:\Program Files (x86)\Windows Kits\NETFXSDK\4.8.1\Include\um;" (valor anterior: "C:\Program Files (x86)\Windows Kits\10\Include\10.0.26100.0\um;C:\Program Files (x86)\Windows Kits\10\Include\10.0.26100.0\shared;C:\Program Files (x86)\Windows Kits\10\Include\10.0.26100.0\winrt;C:\Program Files (x86)\Windows Kits\10\Include\10.0.26100.0\cppwinrt;C:\Program Files (x86)\Windows Kits\NETFXSDK\4.8.1\Include\um;") en C:\Program Files\Microsoft Visual Studio\2022\Community\MSBuild\Microsoft\VisualStudio\v17.0\CodeAnalysis\Microsoft.CodeAnalysis.targets (235,5)
C:\Program Files\Microsoft Visual Studio\2022\Community\MSBuild\Microsoft\VisualStudio\v17.0\CodeAnalysis\Microsoft.CodeAnalysis.targets(236,5): message : Reasignaci├│n de propiedad: $(CAExcludePath)="C:\Program Files\Microsoft Visual Studio\2022\Community\VC\Tools\MSVC\14.44.35207\include;C:\Program Files (x86)\Windows Kits\10\Include\10.0.26100.0\ucrt;;C:\Program Files (x86)\Windows Kits\10\Include\10.0.26100.0\um;C:\Program Files (x86)\Windows Kits\10\Include\10.0.26100.0\shared;C:\Program Files (x86)\Windows Kits\10\Include\10.0.26100.0\winrt;C:\Program Files (x86)\Windows Kits\10\Include\10.0.26100.0\cppwinrt;C:\Program Files (x86)\Windows Kits\NETFXSDK\4.8.1\Include\um;" (valor anterior: "C:\Program Files (x86)\Windows Kits\10\Include\10.0.26100.0\ucrt;;C:\Program Files (x86)\Windows Kits\10\Include\10.0.26100.0\um;C:\Program Files (x86)\Windows Kits\10\Include\10.0.26100.0\shared;C:\Program Files (x86)\Windows Kits\10\Include\10.0.26100.0\winrt;C:\Program Files (x86)\Windows Kits\10\Include\10.0.26100.0\cppwinrt;C:\Program Files (x86)\Windows Kits\NETFXSDK\4.8.1\Include\um;") en C:\Program Files\Microsoft Visual Studio\2022\Community\MSBuild\Microsoft\VisualStudio\v17.0\CodeAnalysis\Microsoft.CodeAnalysis.targets (236,5)
C:\Program Files\Microsoft Visual Studio\2022\Community\MSBuild\Microsoft\VisualStudio\v17.0\CodeAnalysis\Microsoft.CodeAnalysis.targets(237,5): message : Reasignaci├│n de propiedad: $(CAExcludePath)="C:\Program Files\Microsoft Visual Studio\2022\Community\VC\Tools\MSVC\14.44.35207\atlmfc\include;C:\Program Files\Microsoft Visual Studio\2022\Community\VC\Tools\MSVC\14.44.35207\include;C:\Program Files (x86)\Windows Kits\10\Include\10.0.26100.0\ucrt;;C:\Program Files (x86)\Windows Kits\10\Include\10.0.26100.0\um;C:\Program Files (x86)\Windows Kits\10\Include\10.0.26100.0\shared;C:\Program Files (x86)\Windows Kits\10\Include\10.0.26100.0\winrt;C:\Program Files (x86)\Windows Kits\10\Include\10.0.26100.0\cppwinrt;C:\Program Files (x86)\Windows Kits\NETFXSDK\4.8.1\Include\um;" (valor anterior: "C:\Program Files\Microsoft Visual Studio\2022\Community\VC\Tools\MSVC\14.44.35207\include;C:\Program Files (x86)\Windows Kits\10\Include\10.0.26100.0\ucrt;;C:\Program Files (x86)\Windows Kits\10\Include\10.0.26100.0\um;C:\Program Files (x86)\Windows Kits\10\Include\10.0.26100.0\shared;C:\Program Files (x86)\Windows Kits\10\Include\10.0.26100.0\winrt;C:\Program Files (x86)\Windows Kits\10\Include\10.0.26100.0\cppwinrt;C:\Program Files (x86)\Windows Kits\NETFXSDK\4.8.1\Include\um;") en C:\Program Files\Microsoft Visual Studio\2022\Community\MSBuild\Microsoft\VisualStudio\v17.0\CodeAnalysis\Microsoft.CodeAnalysis.targets (237,5)
C:\Program Files\Microsoft Visual Studio\2022\Community\MSBuild\Microsoft\VisualStudio\v17.0\CodeAnalysis\Microsoft.CodeAnalysis.targets(240,5): message : Reasignaci├│n de propiedad: $(PrepareForBuildDependsOn)=";GetFrameworkPaths;GetReferenceAssemblyPaths;AssignLinkMetadata;SetCABuildNativeEnvironmentVariables" (valor anterior: ";GetFrameworkPaths;GetReferenceAssemblyPaths;AssignLinkMetadata") en C:\Program Files\Microsoft Visual Studio\2022\Community\MSBuild\Microsoft\VisualStudio\v17.0\CodeAnalysis\Microsoft.CodeAnalysis.targets (240,5)
C:\WINDOWS\Microsoft.NET\Framework\v4.0.30319\Microsoft.Xaml.targets(35,5): message : Reasignaci├│n de propiedad: $(PrepareResourcesDependsOn)="
C:\WINDOWS\Microsoft.NET\Framework\v4.0.30319\Microsoft.Xaml.targets(35,5): message :       XamlMarkupCompilePass1;
C:\WINDOWS\Microsoft.NET\Framework\v4.0.30319\Microsoft.Xaml.targets(35,5): message :       XamlMarkupCompilePass2;
C:\WINDOWS\Microsoft.NET\Framework\v4.0.30319\Microsoft.Xaml.targets(35,5): message :       
C:\WINDOWS\Microsoft.NET\Framework\v4.0.30319\Microsoft.Xaml.targets(35,5): message :       ;
C:\WINDOWS\Microsoft.NET\Framework\v4.0.30319\Microsoft.Xaml.targets(35,5): message :       PrepareResourceNames;
C:\WINDOWS\Microsoft.NET\Framework\v4.0.30319\Microsoft.Xaml.targets(35,5): message :       ResGen;
C:\WINDOWS\Microsoft.NET\Framework\v4.0.30319\Microsoft.Xaml.targets(35,5): message :       CompileLicxFiles
C:\WINDOWS\Microsoft.NET\Framework\v4.0.30319\Microsoft.Xaml.targets(35,5): message :      
C:\WINDOWS\Microsoft.NET\Framework\v4.0.30319\Microsoft.Xaml.targets(35,5): message :     " (valor anterior: "
C:\WINDOWS\Microsoft.NET\Framework\v4.0.30319\Microsoft.Xaml.targets(35,5): message :       ;
C:\WINDOWS\Microsoft.NET\Framework\v4.0.30319\Microsoft.Xaml.targets(35,5): message :       PrepareResourceNames;
C:\WINDOWS\Microsoft.NET\Framework\v4.0.30319\Microsoft.Xaml.targets(35,5): message :       ResGen;
C:\WINDOWS\Microsoft.NET\Framework\v4.0.30319\Microsoft.Xaml.targets(35,5): message :       CompileLicxFiles
C:\WINDOWS\Microsoft.NET\Framework\v4.0.30319\Microsoft.Xaml.targets(35,5): message :     ") en C:\WINDOWS\Microsoft.NET\Framework\v4.0.30319\Microsoft.Xaml.targets (35,5)
C:\Program Files\Microsoft Visual Studio\2022\Community\MSBuild\Microsoft\VisualStudio\v17.0\TeamTest\Microsoft.TeamTest.targets(4,5): message : Reasignaci├│n de propiedad: $(ResolveReferencesDependsOn)="
C:\Program Files\Microsoft Visual Studio\2022\Community\MSBuild\Microsoft\VisualStudio\v17.0\TeamTest\Microsoft.TeamTest.targets(4,5): message :       
C:\Program Files\Microsoft Visual Studio\2022\Community\MSBuild\Microsoft\VisualStudio\v17.0\TeamTest\Microsoft.TeamTest.targets(4,5): message :       BeforeResolveReferences;
C:\Program Files\Microsoft Visual Studio\2022\Community\MSBuild\Microsoft\VisualStudio\v17.0\TeamTest\Microsoft.TeamTest.targets(4,5): message :       AssignProjectConfiguration;
C:\Program Files\Microsoft Visual Studio\2022\Community\MSBuild\Microsoft\VisualStudio\v17.0\TeamTest\Microsoft.TeamTest.targets(4,5): message :       ResolveProjectReferences;
C:\Program Files\Microsoft Visual Studio\2022\Community\MSBuild\Microsoft\VisualStudio\v17.0\TeamTest\Microsoft.TeamTest.targets(4,5): message :       FindInvalidProjectReferences;
C:\Program Files\Microsoft Visual Studio\2022\Community\MSBuild\Microsoft\VisualStudio\v17.0\TeamTest\Microsoft.TeamTest.targets(4,5): message :       ResolveNativeReferences;
C:\Program Files\Microsoft Visual Studio\2022\Community\MSBuild\Microsoft\VisualStudio\v17.0\TeamTest\Microsoft.TeamTest.targets(4,5): message :       ResolveAssemblyReferences;
C:\Program Files\Microsoft Visual Studio\2022\Community\MSBuild\Microsoft\VisualStudio\v17.0\TeamTest\Microsoft.TeamTest.targets(4,5): message :       GenerateBindingRedirects;
C:\Program Files\Microsoft Visual Studio\2022\Community\MSBuild\Microsoft\VisualStudio\v17.0\TeamTest\Microsoft.TeamTest.targets(4,5): message :       GenerateBindingRedirectsUpdateAppConfig;
C:\Program Files\Microsoft Visual Studio\2022\Community\MSBuild\Microsoft\VisualStudio\v17.0\TeamTest\Microsoft.TeamTest.targets(4,5): message :       ResolveComReferences;
C:\Program Files\Microsoft Visual Studio\2022\Community\MSBuild\Microsoft\VisualStudio\v17.0\TeamTest\Microsoft.TeamTest.targets(4,5): message :       AfterResolveReferences
C:\Program Files\Microsoft Visual Studio\2022\Community\MSBuild\Microsoft\VisualStudio\v17.0\TeamTest\Microsoft.TeamTest.targets(4,5): message :     ;
C:\Program Files\Microsoft Visual Studio\2022\Community\MSBuild\Microsoft\VisualStudio\v17.0\TeamTest\Microsoft.TeamTest.targets(4,5): message :       ResolveTestReferences
C:\Program Files\Microsoft Visual Studio\2022\Community\MSBuild\Microsoft\VisualStudio\v17.0\TeamTest\Microsoft.TeamTest.targets(4,5): message :     " (valor anterior: "
C:\Program Files\Microsoft Visual Studio\2022\Community\MSBuild\Microsoft\VisualStudio\v17.0\TeamTest\Microsoft.TeamTest.targets(4,5): message :       BeforeResolveReferences;
C:\Program Files\Microsoft Visual Studio\2022\Community\MSBuild\Microsoft\VisualStudio\v17.0\TeamTest\Microsoft.TeamTest.targets(4,5): message :       AssignProjectConfiguration;
C:\Program Files\Microsoft Visual Studio\2022\Community\MSBuild\Microsoft\VisualStudio\v17.0\TeamTest\Microsoft.TeamTest.targets(4,5): message :       ResolveProjectReferences;
C:\Program Files\Microsoft Visual Studio\2022\Community\MSBuild\Microsoft\VisualStudio\v17.0\TeamTest\Microsoft.TeamTest.targets(4,5): message :       FindInvalidProjectReferences;
C:\Program Files\Microsoft Visual Studio\2022\Community\MSBuild\Microsoft\VisualStudio\v17.0\TeamTest\Microsoft.TeamTest.targets(4,5): message :       ResolveNativeReferences;
C:\Program Files\Microsoft Visual Studio\2022\Community\MSBuild\Microsoft\VisualStudio\v17.0\TeamTest\Microsoft.TeamTest.targets(4,5): message :       ResolveAssemblyReferences;
C:\Program Files\Microsoft Visual Studio\2022\Community\MSBuild\Microsoft\VisualStudio\v17.0\TeamTest\Microsoft.TeamTest.targets(4,5): message :       GenerateBindingRedirects;
C:\Program Files\Microsoft Visual Studio\2022\Community\MSBuild\Microsoft\VisualStudio\v17.0\TeamTest\Microsoft.TeamTest.targets(4,5): message :       GenerateBindingRedirectsUpdateAppConfig;
C:\Program Files\Microsoft Visual Studio\2022\Community\MSBuild\Microsoft\VisualStudio\v17.0\TeamTest\Microsoft.TeamTest.targets(4,5): message :       ResolveComReferences;
C:\Program Files\Microsoft Visual Studio\2022\Community\MSBuild\Microsoft\VisualStudio\v17.0\TeamTest\Microsoft.TeamTest.targets(4,5): message :       AfterResolveReferences
C:\Program Files\Microsoft Visual Studio\2022\Community\MSBuild\Microsoft\VisualStudio\v17.0\TeamTest\Microsoft.TeamTest.targets(4,5): message :     ") en C:\Program Files\Microsoft Visual Studio\2022\Community\MSBuild\Microsoft\VisualStudio\v17.0\TeamTest\Microsoft.TeamTest.targets (4,5)
Las rutas de b├║squeda usadas para $(MSBuildExtensionsPath) son C:\Program Files\Microsoft Visual Studio\2022\Community\MSBuild;$(MSBuildProgramFiles32)\MSBuild
Intentando importar C:\Program Files\Microsoft Visual Studio\2022\Community\MSBuild\$(MSBuildToolsVersion)\Microsoft.Common.targets\ImportAfter\* con la ruta de acceso de extensiones C:\Program Files\Microsoft Visual Studio\2022\Community\MSBuild
Las rutas de b├║squeda usadas para $(MSBuildExtensionsPath) son C:\Program Files\Microsoft Visual Studio\2022\Community\MSBuild;$(MSBuildProgramFiles32)\MSBuild
Intentando importar C:\Program Files\Microsoft Visual Studio\2022\Community\MSBuild\Sdks\Microsoft.Docker.Sdk\build\Microsoft.Docker.targets con la ruta de acceso de extensiones C:\Program Files\Microsoft Visual Studio\2022\Community\MSBuild
C:\Program Files\Microsoft Visual Studio\2022\Community\MSBuild\Microsoft\NuGet\17.0\Microsoft.NuGet.targets(74,5): message : Reasignaci├│n de propiedad: $(ProjectLockFile)="obj\project.assets.json" (valor anterior: "c:\Users\Usuario\source\repos\Search Lobbys\obj\project.assets.json") en C:\Program Files\Microsoft Visual Studio\2022\Community\MSBuild\Microsoft\NuGet\17.0\Microsoft.NuGet.targets (74,5)
C:\Program Files\Microsoft Visual Studio\2022\Community\MSBuild\Microsoft\NuGet\17.0\Microsoft.NuGet.targets(185,5): message : Reasignaci├│n de propiedad: $(ResolveAssemblyReferencesDependsOn)="
C:\Program Files\Microsoft Visual Studio\2022\Community\MSBuild\Microsoft\NuGet\17.0\Microsoft.NuGet.targets(185,5): message :       ResolveProjectReferences;
C:\Program Files\Microsoft Visual Studio\2022\Community\MSBuild\Microsoft\NuGet\17.0\Microsoft.NuGet.targets(185,5): message :       FindInvalidProjectReferences;
C:\Program Files\Microsoft Visual Studio\2022\Community\MSBuild\Microsoft\NuGet\17.0\Microsoft.NuGet.targets(185,5): message :       GetFrameworkPaths;
C:\Program Files\Microsoft Visual Studio\2022\Community\MSBuild\Microsoft\NuGet\17.0\Microsoft.NuGet.targets(185,5): message :       GetReferenceAssemblyPaths;
C:\Program Files\Microsoft Visual Studio\2022\Community\MSBuild\Microsoft\NuGet\17.0\Microsoft.NuGet.targets(185,5): message :       PrepareForBuild;
C:\Program Files\Microsoft Visual Studio\2022\Community\MSBuild\Microsoft\NuGet\17.0\Microsoft.NuGet.targets(185,5): message :       ResolveSDKReferences;
C:\Program Files\Microsoft Visual Studio\2022\Community\MSBuild\Microsoft\NuGet\17.0\Microsoft.NuGet.targets(185,5): message :       ExpandSDKReferences;
C:\Program Files\Microsoft Visual Studio\2022\Community\MSBuild\Microsoft\NuGet\17.0\Microsoft.NuGet.targets(185,5): message :     ;ResolveNuGetPackageAssets" (valor anterior: "
C:\Program Files\Microsoft Visual Studio\2022\Community\MSBuild\Microsoft\NuGet\17.0\Microsoft.NuGet.targets(185,5): message :       ResolveProjectReferences;
C:\Program Files\Microsoft Visual Studio\2022\Community\MSBuild\Microsoft\NuGet\17.0\Microsoft.NuGet.targets(185,5): message :       FindInvalidProjectReferences;
C:\Program Files\Microsoft Visual Studio\2022\Community\MSBuild\Microsoft\NuGet\17.0\Microsoft.NuGet.targets(185,5): message :       GetFrameworkPaths;
C:\Program Files\Microsoft Visual Studio\2022\Community\MSBuild\Microsoft\NuGet\17.0\Microsoft.NuGet.targets(185,5): message :       GetReferenceAssemblyPaths;
C:\Program Files\Microsoft Visual Studio\2022\Community\MSBuild\Microsoft\NuGet\17.0\Microsoft.NuGet.targets(185,5): message :       PrepareForBuild;
C:\Program Files\Microsoft Visual Studio\2022\Community\MSBuild\Microsoft\NuGet\17.0\Microsoft.NuGet.targets(185,5): message :       ResolveSDKReferences;
C:\Program Files\Microsoft Visual Studio\2022\Community\MSBuild\Microsoft\NuGet\17.0\Microsoft.NuGet.targets(185,5): message :       ExpandSDKReferences;
C:\Program Files\Microsoft Visual Studio\2022\Community\MSBuild\Microsoft\NuGet\17.0\Microsoft.NuGet.targets(185,5): message :     ") en C:\Program Files\Microsoft Visual Studio\2022\Community\MSBuild\Microsoft\NuGet\17.0\Microsoft.NuGet.targets (185,5)
C:\Program Files\Microsoft Visual Studio\2022\Community\MSBuild\Microsoft\NuGet\17.0\Microsoft.NuGet.targets(186,5): message : Reasignaci├│n de propiedad: $(PrepareResourcesDependsOn)="ResolveNuGetPackageAssets;
C:\Program Files\Microsoft Visual Studio\2022\Community\MSBuild\Microsoft\NuGet\17.0\Microsoft.NuGet.targets(186,5): message :       XamlMarkupCompilePass1;
C:\Program Files\Microsoft Visual Studio\2022\Community\MSBuild\Microsoft\NuGet\17.0\Microsoft.NuGet.targets(186,5): message :       XamlMarkupCompilePass2;
C:\Program Files\Microsoft Visual Studio\2022\Community\MSBuild\Microsoft\NuGet\17.0\Microsoft.NuGet.targets(186,5): message :       
C:\Program Files\Microsoft Visual Studio\2022\Community\MSBuild\Microsoft\NuGet\17.0\Microsoft.NuGet.targets(186,5): message :       ;
C:\Program Files\Microsoft Visual Studio\2022\Community\MSBuild\Microsoft\NuGet\17.0\Microsoft.NuGet.targets(186,5): message :       PrepareResourceNames;
C:\Program Files\Microsoft Visual Studio\2022\Community\MSBuild\Microsoft\NuGet\17.0\Microsoft.NuGet.targets(186,5): message :       ResGen;
C:\Program Files\Microsoft Visual Studio\2022\Community\MSBuild\Microsoft\NuGet\17.0\Microsoft.NuGet.targets(186,5): message :       CompileLicxFiles
C:\Program Files\Microsoft Visual Studio\2022\Community\MSBuild\Microsoft\NuGet\17.0\Microsoft.NuGet.targets(186,5): message :      
C:\Program Files\Microsoft Visual Studio\2022\Community\MSBuild\Microsoft\NuGet\17.0\Microsoft.NuGet.targets(186,5): message :     " (valor anterior: "
C:\Program Files\Microsoft Visual Studio\2022\Community\MSBuild\Microsoft\NuGet\17.0\Microsoft.NuGet.targets(186,5): message :       XamlMarkupCompilePass1;
C:\Program Files\Microsoft Visual Studio\2022\Community\MSBuild\Microsoft\NuGet\17.0\Microsoft.NuGet.targets(186,5): message :       XamlMarkupCompilePass2;
C:\Program Files\Microsoft Visual Studio\2022\Community\MSBuild\Microsoft\NuGet\17.0\Microsoft.NuGet.targets(186,5): message :       
C:\Program Files\Microsoft Visual Studio\2022\Community\MSBuild\Microsoft\NuGet\17.0\Microsoft.NuGet.targets(186,5): message :       ;
C:\Program Files\Microsoft Visual Studio\2022\Community\MSBuild\Microsoft\NuGet\17.0\Microsoft.NuGet.targets(186,5): message :       PrepareResourceNames;
C:\Program Files\Microsoft Visual Studio\2022\Community\MSBuild\Microsoft\NuGet\17.0\Microsoft.NuGet.targets(186,5): message :       ResGen;
C:\Program Files\Microsoft Visual Studio\2022\Community\MSBuild\Microsoft\NuGet\17.0\Microsoft.NuGet.targets(186,5): message :       CompileLicxFiles
C:\Program Files\Microsoft Visual Studio\2022\Community\MSBuild\Microsoft\NuGet\17.0\Microsoft.NuGet.targets(186,5): message :      
C:\Program Files\Microsoft Visual Studio\2022\Community\MSBuild\Microsoft\NuGet\17.0\Microsoft.NuGet.targets(186,5): message :     ") en C:\Program Files\Microsoft Visual Studio\2022\Community\MSBuild\Microsoft\NuGet\17.0\Microsoft.NuGet.targets (186,5)
Las rutas de b├║squeda usadas para $(MSBuildExtensionsPath) son C:\Program Files\Microsoft Visual Studio\2022\Community\MSBuild;$(MSBuildProgramFiles32)\MSBuild
Las rutas de b├║squeda usadas para $(MSBuildExtensionsPath) son C:\Program Files\Microsoft Visual Studio\2022\Community\MSBuild;$(MSBuildProgramFiles32)\MSBuild
Intentando importar C:\Program Files\Microsoft Visual Studio\2022\Community\MSBuild\Microsoft\VisualStudio\WebTools.Aspire\Microsoft.WebTools.Aspire.targets con la ruta de acceso de extensiones C:\Program Files\Microsoft Visual Studio\2022\Community\MSBuild
C:\Program Files\Microsoft Visual Studio\2022\Community\MSBuild\Microsoft\VisualStudio\WebTools.Aspire\Microsoft.WebTools.Aspire.targets(25,5): message : Reasignaci├│n de propiedad: $(JsonSchemaCombinedFilePath)="c:\Users\Usuario\source\repos\Search Lobbys\Search Lobbys\x64\Release\CombinedComponentSchema.json" (valor anterior: "Search Lobbys\x64\Release\\CombinedComponentSchema.json") en C:\Program Files\Microsoft Visual Studio\2022\Community\MSBuild\Microsoft\VisualStudio\WebTools.Aspire\Microsoft.WebTools.Aspire.targets (25,5)
C:\Program Files\Microsoft Visual Studio\2022\Community\MSBuild\Microsoft\VisualStudio\WebTools.Aspire\Microsoft.WebTools.Aspire.targets(27,5): message : Reasignaci├│n de propiedad: $(AppSettingsJsonSchemaCombinedFilePath)="c:\Users\Usuario\source\repos\Search Lobbys\Search Lobbys\x64\Release\AppSettingsSchema.json" (valor anterior: "Search Lobbys\x64\Release\\AppSettingsSchema.json") en C:\Program Files\Microsoft Visual Studio\2022\Community\MSBuild\Microsoft\VisualStudio\WebTools.Aspire\Microsoft.WebTools.Aspire.targets (27,5)
C:\Program Files\Microsoft Visual Studio\2022\Community\MSBuild\Microsoft\VC\v170\Microsoft.BuildSteps.Targets(39,5): message : Reasignaci├│n de propiedad: $(DebugType)="" (valor anterior: "none") en C:\Program Files\Microsoft Visual Studio\2022\Community\MSBuild\Microsoft\VC\v170\Microsoft.BuildSteps.Targets (39,5)
C:\Program Files\Microsoft Visual Studio\2022\Community\MSBuild\Microsoft\VC\v170\Microsoft.BuildSteps.Targets(122,5): message : Reasignaci├│n de propiedad: $(BuildDependsOn)="
C:\Program Files\Microsoft Visual Studio\2022\Community\MSBuild\Microsoft\VC\v170\Microsoft.BuildSteps.Targets(122,5): message :       _PrepareForBuild;
C:\Program Files\Microsoft Visual Studio\2022\Community\MSBuild\Microsoft\VC\v170\Microsoft.BuildSteps.Targets(122,5): message :       
C:\Program Files\Microsoft Visual Studio\2022\Community\MSBuild\Microsoft\VC\v170\Microsoft.BuildSteps.Targets(122,5): message :       ResolveReferences;
C:\Program Files\Microsoft Visual Studio\2022\Community\MSBuild\Microsoft\VC\v170\Microsoft.BuildSteps.Targets(122,5): message :       PrepareForBuild;
C:\Program Files\Microsoft Visual Studio\2022\Community\MSBuild\Microsoft\VC\v170\Microsoft.BuildSteps.Targets(122,5): message :       InitializeBuildStatus;
C:\Program Files\Microsoft Visual Studio\2022\Community\MSBuild\Microsoft\VC\v170\Microsoft.BuildSteps.Targets(122,5): message :       BuildGenerateSources;
C:\Program Files\Microsoft Visual Studio\2022\Community\MSBuild\Microsoft\VC\v170\Microsoft.BuildSteps.Targets(122,5): message :       BuildCompile;
C:\Program Files\Microsoft Visual Studio\2022\Community\MSBuild\Microsoft\VC\v170\Microsoft.BuildSteps.Targets(122,5): message :       BuildLink;
C:\Program Files\Microsoft Visual Studio\2022\Community\MSBuild\Microsoft\VC\v170\Microsoft.BuildSteps.Targets(122,5): message :     ;
C:\Program Files\Microsoft Visual Studio\2022\Community\MSBuild\Microsoft\VC\v170\Microsoft.BuildSteps.Targets(122,5): message :       AfterBuild;
C:\Program Files\Microsoft Visual Studio\2022\Community\MSBuild\Microsoft\VC\v170\Microsoft.BuildSteps.Targets(122,5): message :       IncrementalClean;
C:\Program Files\Microsoft Visual Studio\2022\Community\MSBuild\Microsoft\VC\v170\Microsoft.BuildSteps.Targets(122,5): message :       TlogCleanup;
C:\Program Files\Microsoft Visual Studio\2022\Community\MSBuild\Microsoft\VC\v170\Microsoft.BuildSteps.Targets(122,5): message :       FinalizeBuildStatus;
C:\Program Files\Microsoft Visual Studio\2022\Community\MSBuild\Microsoft\VC\v170\Microsoft.BuildSteps.Targets(122,5): message :     " (valor anterior: "
C:\Program Files\Microsoft Visual Studio\2022\Community\MSBuild\Microsoft\VC\v170\Microsoft.BuildSteps.Targets(122,5): message :       BeforeBuild;
C:\Program Files\Microsoft Visual Studio\2022\Community\MSBuild\Microsoft\VC\v170\Microsoft.BuildSteps.Targets(122,5): message :       CoreBuild;
C:\Program Files\Microsoft Visual Studio\2022\Community\MSBuild\Microsoft\VC\v170\Microsoft.BuildSteps.Targets(122,5): message :       AfterBuild
C:\Program Files\Microsoft Visual Studio\2022\Community\MSBuild\Microsoft\VC\v170\Microsoft.BuildSteps.Targets(122,5): message :     ") en C:\Program Files\Microsoft Visual Studio\2022\Community\MSBuild\Microsoft\VC\v170\Microsoft.BuildSteps.Targets (122,5)
C:\Program Files\Microsoft Visual Studio\2022\Community\MSBuild\Microsoft\VC\v170\Microsoft.BuildSteps.Targets(131,5): message : Reasignaci├│n de propiedad: $(RebuildDependsOn)="
C:\Program Files\Microsoft Visual Studio\2022\Community\MSBuild\Microsoft\VC\v170\Microsoft.BuildSteps.Targets(131,5): message :       _PrepareForRebuild;
C:\Program Files\Microsoft Visual Studio\2022\Community\MSBuild\Microsoft\VC\v170\Microsoft.BuildSteps.Targets(131,5): message :       
C:\Program Files\Microsoft Visual Studio\2022\Community\MSBuild\Microsoft\VC\v170\Microsoft.BuildSteps.Targets(131,5): message :       BeforeRebuild;
C:\Program Files\Microsoft Visual Studio\2022\Community\MSBuild\Microsoft\VC\v170\Microsoft.BuildSteps.Targets(131,5): message :       Clean;
C:\Program Files\Microsoft Visual Studio\2022\Community\MSBuild\Microsoft\VC\v170\Microsoft.BuildSteps.Targets(131,5): message :       Build;
C:\Program Files\Microsoft Visual Studio\2022\Community\MSBuild\Microsoft\VC\v170\Microsoft.BuildSteps.Targets(131,5): message :       AfterRebuild;
C:\Program Files\Microsoft Visual Studio\2022\Community\MSBuild\Microsoft\VC\v170\Microsoft.BuildSteps.Targets(131,5): message :     ;
C:\Program Files\Microsoft Visual Studio\2022\Community\MSBuild\Microsoft\VC\v170\Microsoft.BuildSteps.Targets(131,5): message :     " (valor anterior: "
C:\Program Files\Microsoft Visual Studio\2022\Community\MSBuild\Microsoft\VC\v170\Microsoft.BuildSteps.Targets(131,5): message :       BeforeRebuild;
C:\Program Files\Microsoft Visual Studio\2022\Community\MSBuild\Microsoft\VC\v170\Microsoft.BuildSteps.Targets(131,5): message :       Clean;
C:\Program Files\Microsoft Visual Studio\2022\Community\MSBuild\Microsoft\VC\v170\Microsoft.BuildSteps.Targets(131,5): message :       Build;
C:\Program Files\Microsoft Visual Studio\2022\Community\MSBuild\Microsoft\VC\v170\Microsoft.BuildSteps.Targets(131,5): message :       AfterRebuild;
C:\Program Files\Microsoft Visual Studio\2022\Community\MSBuild\Microsoft\VC\v170\Microsoft.BuildSteps.Targets(131,5): message :     ") en C:\Program Files\Microsoft Visual Studio\2022\Community\MSBuild\Microsoft\VC\v170\Microsoft.BuildSteps.Targets (131,5)
C:\Program Files\Microsoft Visual Studio\2022\Community\MSBuild\Microsoft\VC\v170\Microsoft.BuildSteps.Targets(136,5): message : Reasignaci├│n de propiedad: $(CleanDependsOn)="
C:\Program Files\Microsoft Visual Studio\2022\Community\MSBuild\Microsoft\VC\v170\Microsoft.BuildSteps.Targets(136,5): message :       _PrepareForClean;
C:\Program Files\Microsoft Visual Studio\2022\Community\MSBuild\Microsoft\VC\v170\Microsoft.BuildSteps.Targets(136,5): message :       
C:\Program Files\Microsoft Visual Studio\2022\Community\MSBuild\Microsoft\VC\v170\Microsoft.BuildSteps.Targets(136,5): message :       BeforeClean;
C:\Program Files\Microsoft Visual Studio\2022\Community\MSBuild\Microsoft\VC\v170\Microsoft.BuildSteps.Targets(136,5): message :       UnmanagedUnregistration;
C:\Program Files\Microsoft Visual Studio\2022\Community\MSBuild\Microsoft\VC\v170\Microsoft.BuildSteps.Targets(136,5): message :       CoreClean;
C:\Program Files\Microsoft Visual Studio\2022\Community\MSBuild\Microsoft\VC\v170\Microsoft.BuildSteps.Targets(136,5): message :       CleanReferencedProjects;
C:\Program Files\Microsoft Visual Studio\2022\Community\MSBuild\Microsoft\VC\v170\Microsoft.BuildSteps.Targets(136,5): message :       CleanPublishFolder;
C:\Program Files\Microsoft Visual Studio\2022\Community\MSBuild\Microsoft\VC\v170\Microsoft.BuildSteps.Targets(136,5): message :       AfterClean
C:\Program Files\Microsoft Visual Studio\2022\Community\MSBuild\Microsoft\VC\v170\Microsoft.BuildSteps.Targets(136,5): message :     ;
C:\Program Files\Microsoft Visual Studio\2022\Community\MSBuild\Microsoft\VC\v170\Microsoft.BuildSteps.Targets(136,5): message :     " (valor anterior: "
C:\Program Files\Microsoft Visual Studio\2022\Community\MSBuild\Microsoft\VC\v170\Microsoft.BuildSteps.Targets(136,5): message :       BeforeClean;
C:\Program Files\Microsoft Visual Studio\2022\Community\MSBuild\Microsoft\VC\v170\Microsoft.BuildSteps.Targets(136,5): message :       UnmanagedUnregistration;
C:\Program Files\Microsoft Visual Studio\2022\Community\MSBuild\Microsoft\VC\v170\Microsoft.BuildSteps.Targets(136,5): message :       CoreClean;
C:\Program Files\Microsoft Visual Studio\2022\Community\MSBuild\Microsoft\VC\v170\Microsoft.BuildSteps.Targets(136,5): message :       CleanReferencedProjects;
C:\Program Files\Microsoft Visual Studio\2022\Community\MSBuild\Microsoft\VC\v170\Microsoft.BuildSteps.Targets(136,5): message :       CleanPublishFolder;
C:\Program Files\Microsoft Visual Studio\2022\Community\MSBuild\Microsoft\VC\v170\Microsoft.BuildSteps.Targets(136,5): message :       AfterClean
C:\Program Files\Microsoft Visual Studio\2022\Community\MSBuild\Microsoft\VC\v170\Microsoft.BuildSteps.Targets(136,5): message :     ") en C:\Program Files\Microsoft Visual Studio\2022\Community\MSBuild\Microsoft\VC\v170\Microsoft.BuildSteps.Targets (136,5)
C:\Program Files\Microsoft Visual Studio\2022\Community\MSBuild\Microsoft\VC\v170\Microsoft.CppBuild.targets(60,5): message : Reasignaci├│n de propiedad: $(BeforeBuildGenerateSourcesTargets)="
C:\Program Files\Microsoft Visual Studio\2022\Community\MSBuild\Microsoft\VC\v170\Microsoft.CppBuild.targets(60,5): message :       
C:\Program Files\Microsoft Visual Studio\2022\Community\MSBuild\Microsoft\VC\v170\Microsoft.CppBuild.targets(60,5): message :       ;
C:\Program Files\Microsoft Visual Studio\2022\Community\MSBuild\Microsoft\VC\v170\Microsoft.CppBuild.targets(60,5): message :       BeforeBuildGenerateSources;
C:\Program Files\Microsoft Visual Studio\2022\Community\MSBuild\Microsoft\VC\v170\Microsoft.CppBuild.targets(60,5): message :     ;
C:\Program Files\Microsoft Visual Studio\2022\Community\MSBuild\Microsoft\VC\v170\Microsoft.CppBuild.targets(60,5): message :     " (valor anterior: "
C:\Program Files\Microsoft Visual Studio\2022\Community\MSBuild\Microsoft\VC\v170\Microsoft.CppBuild.targets(60,5): message :       ;
C:\Program Files\Microsoft Visual Studio\2022\Community\MSBuild\Microsoft\VC\v170\Microsoft.CppBuild.targets(60,5): message :       BeforeBuildGenerateSources;
C:\Program Files\Microsoft Visual Studio\2022\Community\MSBuild\Microsoft\VC\v170\Microsoft.CppBuild.targets(60,5): message :     ") en C:\Program Files\Microsoft Visual Studio\2022\Community\MSBuild\Microsoft\VC\v170\Microsoft.CppBuild.targets (60,5)
C:\Program Files\Microsoft Visual Studio\2022\Community\MSBuild\Microsoft\VC\v170\Microsoft.CppBuild.targets(71,5): message : Reasignaci├│n de propiedad: $(AfterBuildGenerateSourcesTargets)="
C:\Program Files\Microsoft Visual Studio\2022\Community\MSBuild\Microsoft\VC\v170\Microsoft.CppBuild.targets(71,5): message :       
C:\Program Files\Microsoft Visual Studio\2022\Community\MSBuild\Microsoft\VC\v170\Microsoft.CppBuild.targets(71,5): message :       ;
C:\Program Files\Microsoft Visual Studio\2022\Community\MSBuild\Microsoft\VC\v170\Microsoft.CppBuild.targets(71,5): message :       AfterBuildGenerateSources;
C:\Program Files\Microsoft Visual Studio\2022\Community\MSBuild\Microsoft\VC\v170\Microsoft.CppBuild.targets(71,5): message :     ;
C:\Program Files\Microsoft Visual Studio\2022\Community\MSBuild\Microsoft\VC\v170\Microsoft.CppBuild.targets(71,5): message :       AfterBuildGenerateSourcesEvent;
C:\Program Files\Microsoft Visual Studio\2022\Community\MSBuild\Microsoft\VC\v170\Microsoft.CppBuild.targets(71,5): message :     " (valor anterior: "
C:\Program Files\Microsoft Visual Studio\2022\Community\MSBuild\Microsoft\VC\v170\Microsoft.CppBuild.targets(71,5): message :       ;
C:\Program Files\Microsoft Visual Studio\2022\Community\MSBuild\Microsoft\VC\v170\Microsoft.CppBuild.targets(71,5): message :       AfterBuildGenerateSources;
C:\Program Files\Microsoft Visual Studio\2022\Community\MSBuild\Microsoft\VC\v170\Microsoft.CppBuild.targets(71,5): message :     ") en C:\Program Files\Microsoft Visual Studio\2022\Community\MSBuild\Microsoft\VC\v170\Microsoft.CppBuild.targets (71,5)
C:\Program Files\Microsoft Visual Studio\2022\Community\MSBuild\Microsoft\VC\v170\Microsoft.CppBuild.targets(140,5): message : Reasignaci├│n de propiedad: $(BuildGenerateSourcesAction)="_BuildGenerateSourcesAction" (valor anterior: "Build") en C:\Program Files\Microsoft Visual Studio\2022\Community\MSBuild\Microsoft\VC\v170\Microsoft.CppBuild.targets (140,5)
C:\Program Files\Microsoft Visual Studio\2022\Community\MSBuild\Microsoft\VC\v170\Microsoft.CppBuild.targets(141,5): message : Reasignaci├│n de propiedad: $(BuildCompileAction)="_BuildCompileAction" (valor anterior: "Build") en C:\Program Files\Microsoft Visual Studio\2022\Community\MSBuild\Microsoft\VC\v170\Microsoft.CppBuild.targets (141,5)
C:\Program Files\Microsoft Visual Studio\2022\Community\MSBuild\Microsoft\VC\v170\Microsoft.CppBuild.targets(142,5): message : Reasignaci├│n de propiedad: $(BuildLinkAction)="_BuildLinkAction" (valor anterior: "Build") en C:\Program Files\Microsoft Visual Studio\2022\Community\MSBuild\Microsoft\VC\v170\Microsoft.CppBuild.targets (142,5)
C:\Program Files\Microsoft Visual Studio\2022\Community\MSBuild\Microsoft\VC\v170\Microsoft.CppBuild.targets(249,5): message : Reasignaci├│n de propiedad: $(DetermineProjectTypeTargets)="_PrepareForReferenceResolution;
C:\Program Files\Microsoft Visual Studio\2022\Community\MSBuild\Microsoft\VC\v170\Microsoft.CppBuild.targets(249,5): message :       ;
C:\Program Files\Microsoft Visual Studio\2022\Community\MSBuild\Microsoft\VC\v170\Microsoft.CppBuild.targets(249,5): message :       AddExternalIncludDirectoriesToPaths
C:\Program Files\Microsoft Visual Studio\2022\Community\MSBuild\Microsoft\VC\v170\Microsoft.CppBuild.targets(249,5): message :     " (valor anterior: "
C:\Program Files\Microsoft Visual Studio\2022\Community\MSBuild\Microsoft\VC\v170\Microsoft.CppBuild.targets(249,5): message :       ;
C:\Program Files\Microsoft Visual Studio\2022\Community\MSBuild\Microsoft\VC\v170\Microsoft.CppBuild.targets(249,5): message :       AddExternalIncludDirectoriesToPaths
C:\Program Files\Microsoft Visual Studio\2022\Community\MSBuild\Microsoft\VC\v170\Microsoft.CppBuild.targets(249,5): message :     ") en C:\Program Files\Microsoft Visual Studio\2022\Community\MSBuild\Microsoft\VC\v170\Microsoft.CppBuild.targets (249,5)
C:\Program Files\Microsoft Visual Studio\2022\Community\MSBuild\Microsoft\VC\v170\Microsoft.CppBuild.targets(314,5): message : Reasignaci├│n de propiedad: $(ResolveReferencesDependsOn)="_PrepareForReferenceResolution;ComputeCrtSDKReference;
C:\Program Files\Microsoft Visual Studio\2022\Community\MSBuild\Microsoft\VC\v170\Microsoft.CppBuild.targets(314,5): message :       
C:\Program Files\Microsoft Visual Studio\2022\Community\MSBuild\Microsoft\VC\v170\Microsoft.CppBuild.targets(314,5): message :       BeforeResolveReferences;
C:\Program Files\Microsoft Visual Studio\2022\Community\MSBuild\Microsoft\VC\v170\Microsoft.CppBuild.targets(314,5): message :       AssignProjectConfiguration;
C:\Program Files\Microsoft Visual Studio\2022\Community\MSBuild\Microsoft\VC\v170\Microsoft.CppBuild.targets(314,5): message :       ResolveProjectReferences;
C:\Program Files\Microsoft Visual Studio\2022\Community\MSBuild\Microsoft\VC\v170\Microsoft.CppBuild.targets(314,5): message :       FindInvalidProjectReferences;
C:\Program Files\Microsoft Visual Studio\2022\Community\MSBuild\Microsoft\VC\v170\Microsoft.CppBuild.targets(314,5): message :       ResolveNativeReferences;
C:\Program Files\Microsoft Visual Studio\2022\Community\MSBuild\Microsoft\VC\v170\Microsoft.CppBuild.targets(314,5): message :       ResolveAssemblyReferences;
C:\Program Files\Microsoft Visual Studio\2022\Community\MSBuild\Microsoft\VC\v170\Microsoft.CppBuild.targets(314,5): message :       GenerateBindingRedirects;
C:\Program Files\Microsoft Visual Studio\2022\Community\MSBuild\Microsoft\VC\v170\Microsoft.CppBuild.targets(314,5): message :       GenerateBindingRedirectsUpdateAppConfig;
C:\Program Files\Microsoft Visual Studio\2022\Community\MSBuild\Microsoft\VC\v170\Microsoft.CppBuild.targets(314,5): message :       ResolveComReferences;
C:\Program Files\Microsoft Visual Studio\2022\Community\MSBuild\Microsoft\VC\v170\Microsoft.CppBuild.targets(314,5): message :       AfterResolveReferences
C:\Program Files\Microsoft Visual Studio\2022\Community\MSBuild\Microsoft\VC\v170\Microsoft.CppBuild.targets(314,5): message :     ;
C:\Program Files\Microsoft Visual Studio\2022\Community\MSBuild\Microsoft\VC\v170\Microsoft.CppBuild.targets(314,5): message :       ResolveTestReferences
C:\Program Files\Microsoft Visual Studio\2022\Community\MSBuild\Microsoft\VC\v170\Microsoft.CppBuild.targets(314,5): message :     " (valor anterior: "
C:\Program Files\Microsoft Visual Studio\2022\Community\MSBuild\Microsoft\VC\v170\Microsoft.CppBuild.targets(314,5): message :       
C:\Program Files\Microsoft Visual Studio\2022\Community\MSBuild\Microsoft\VC\v170\Microsoft.CppBuild.targets(314,5): message :       BeforeResolveReferences;
C:\Program Files\Microsoft Visual Studio\2022\Community\MSBuild\Microsoft\VC\v170\Microsoft.CppBuild.targets(314,5): message :       AssignProjectConfiguration;
C:\Program Files\Microsoft Visual Studio\2022\Community\MSBuild\Microsoft\VC\v170\Microsoft.CppBuild.targets(314,5): message :       ResolveProjectReferences;
C:\Program Files\Microsoft Visual Studio\2022\Community\MSBuild\Microsoft\VC\v170\Microsoft.CppBuild.targets(314,5): message :       FindInvalidProjectReferences;
C:\Program Files\Microsoft Visual Studio\2022\Community\MSBuild\Microsoft\VC\v170\Microsoft.CppBuild.targets(314,5): message :       ResolveNativeReferences;
C:\Program Files\Microsoft Visual Studio\2022\Community\MSBuild\Microsoft\VC\v170\Microsoft.CppBuild.targets(314,5): message :       ResolveAssemblyReferences;
C:\Program Files\Microsoft Visual Studio\2022\Community\MSBuild\Microsoft\VC\v170\Microsoft.CppBuild.targets(314,5): message :       GenerateBindingRedirects;
C:\Program Files\Microsoft Visual Studio\2022\Community\MSBuild\Microsoft\VC\v170\Microsoft.CppBuild.targets(314,5): message :       GenerateBindingRedirectsUpdateAppConfig;
C:\Program Files\Microsoft Visual Studio\2022\Community\MSBuild\Microsoft\VC\v170\Microsoft.CppBuild.targets(314,5): message :       ResolveComReferences;
C:\Program Files\Microsoft Visual Studio\2022\Community\MSBuild\Microsoft\VC\v170\Microsoft.CppBuild.targets(314,5): message :       AfterResolveReferences
C:\Program Files\Microsoft Visual Studio\2022\Community\MSBuild\Microsoft\VC\v170\Microsoft.CppBuild.targets(314,5): message :     ;
C:\Program Files\Microsoft Visual Studio\2022\Community\MSBuild\Microsoft\VC\v170\Microsoft.CppBuild.targets(314,5): message :       ResolveTestReferences
C:\Program Files\Microsoft Visual Studio\2022\Community\MSBuild\Microsoft\VC\v170\Microsoft.CppBuild.targets(314,5): message :     ") en C:\Program Files\Microsoft Visual Studio\2022\Community\MSBuild\Microsoft\VC\v170\Microsoft.CppBuild.targets (314,5)
C:\Program Files\Microsoft Visual Studio\2022\Community\MSBuild\Microsoft\VC\v170\Microsoft.CppBuild.targets(315,5): message : Reasignaci├│n de propiedad: $(ResolveAssemblyReferencesDependsOn)="_PrepareForReferenceResolution;
C:\Program Files\Microsoft Visual Studio\2022\Community\MSBuild\Microsoft\VC\v170\Microsoft.CppBuild.targets(315,5): message :       ResolveProjectReferences;
C:\Program Files\Microsoft Visual Studio\2022\Community\MSBuild\Microsoft\VC\v170\Microsoft.CppBuild.targets(315,5): message :       FindInvalidProjectReferences;
C:\Program Files\Microsoft Visual Studio\2022\Community\MSBuild\Microsoft\VC\v170\Microsoft.CppBuild.targets(315,5): message :       GetFrameworkPaths;
C:\Program Files\Microsoft Visual Studio\2022\Community\MSBuild\Microsoft\VC\v170\Microsoft.CppBuild.targets(315,5): message :       GetReferenceAssemblyPaths;
C:\Program Files\Microsoft Visual Studio\2022\Community\MSBuild\Microsoft\VC\v170\Microsoft.CppBuild.targets(315,5): message :       PrepareForBuild;
C:\Program Files\Microsoft Visual Studio\2022\Community\MSBuild\Microsoft\VC\v170\Microsoft.CppBuild.targets(315,5): message :       ResolveSDKReferences;
C:\Program Files\Microsoft Visual Studio\2022\Community\MSBuild\Microsoft\VC\v170\Microsoft.CppBuild.targets(315,5): message :       ExpandSDKReferences;
C:\Program Files\Microsoft Visual Studio\2022\Community\MSBuild\Microsoft\VC\v170\Microsoft.CppBuild.targets(315,5): message :     ;ResolveNuGetPackageAssets" (valor anterior: "
C:\Program Files\Microsoft Visual Studio\2022\Community\MSBuild\Microsoft\VC\v170\Microsoft.CppBuild.targets(315,5): message :       ResolveProjectReferences;
C:\Program Files\Microsoft Visual Studio\2022\Community\MSBuild\Microsoft\VC\v170\Microsoft.CppBuild.targets(315,5): message :       FindInvalidProjectReferences;
C:\Program Files\Microsoft Visual Studio\2022\Community\MSBuild\Microsoft\VC\v170\Microsoft.CppBuild.targets(315,5): message :       GetFrameworkPaths;
C:\Program Files\Microsoft Visual Studio\2022\Community\MSBuild\Microsoft\VC\v170\Microsoft.CppBuild.targets(315,5): message :       GetReferenceAssemblyPaths;
C:\Program Files\Microsoft Visual Studio\2022\Community\MSBuild\Microsoft\VC\v170\Microsoft.CppBuild.targets(315,5): message :       PrepareForBuild;
C:\Program Files\Microsoft Visual Studio\2022\Community\MSBuild\Microsoft\VC\v170\Microsoft.CppBuild.targets(315,5): message :       ResolveSDKReferences;
C:\Program Files\Microsoft Visual Studio\2022\Community\MSBuild\Microsoft\VC\v170\Microsoft.CppBuild.targets(315,5): message :       ExpandSDKReferences;
C:\Program Files\Microsoft Visual Studio\2022\Community\MSBuild\Microsoft\VC\v170\Microsoft.CppBuild.targets(315,5): message :     ;ResolveNuGetPackageAssets") en C:\Program Files\Microsoft Visual Studio\2022\Community\MSBuild\Microsoft\VC\v170\Microsoft.CppBuild.targets (315,5)
C:\Program Files\Microsoft Visual Studio\2022\Community\MSBuild\Microsoft\VC\v170\Microsoft.CppBuild.targets(316,5): message : Reasignaci├│n de propiedad: $(ResolveSDKReferencesDependsOn)="_PrepareForReferenceResolution;ComputeCrtSDKReference;
C:\Program Files\Microsoft Visual Studio\2022\Community\MSBuild\Microsoft\VC\v170\Microsoft.CppBuild.targets(316,5): message :       GetInstalledSDKLocations
C:\Program Files\Microsoft Visual Studio\2022\Community\MSBuild\Microsoft\VC\v170\Microsoft.CppBuild.targets(316,5): message :     " (valor anterior: "
C:\Program Files\Microsoft Visual Studio\2022\Community\MSBuild\Microsoft\VC\v170\Microsoft.CppBuild.targets(316,5): message :       GetInstalledSDKLocations
C:\Program Files\Microsoft Visual Studio\2022\Community\MSBuild\Microsoft\VC\v170\Microsoft.CppBuild.targets(316,5): message :     ") en C:\Program Files\Microsoft Visual Studio\2022\Community\MSBuild\Microsoft\VC\v170\Microsoft.CppBuild.targets (316,5)
C:\Program Files\Microsoft Visual Studio\2022\Community\MSBuild\Microsoft\VC\v170\Microsoft.CppBuild.targets(646,5): message : Reasignaci├│n de propiedad: $(ComputeCompileInputsTargets)="
C:\Program Files\Microsoft Visual Studio\2022\Community\MSBuild\Microsoft\VC\v170\Microsoft.CppBuild.targets(646,5): message :       
C:\Program Files\Microsoft Visual Studio\2022\Community\MSBuild\Microsoft\VC\v170\Microsoft.CppBuild.targets(646,5): message :       ;
C:\Program Files\Microsoft Visual Studio\2022\Community\MSBuild\Microsoft\VC\v170\Microsoft.CppBuild.targets(646,5): message :       GenerateTargetFrameworkMonikerAttribute;
C:\Program Files\Microsoft Visual Studio\2022\Community\MSBuild\Microsoft\VC\v170\Microsoft.CppBuild.targets(646,5): message :     ;
C:\Program Files\Microsoft Visual Studio\2022\Community\MSBuild\Microsoft\VC\v170\Microsoft.CppBuild.targets(646,5): message :       ComputeMIDLGeneratedCompileInputs;
C:\Program Files\Microsoft Visual Studio\2022\Community\MSBuild\Microsoft\VC\v170\Microsoft.CppBuild.targets(646,5): message :     " (valor anterior: "
C:\Program Files\Microsoft Visual Studio\2022\Community\MSBuild\Microsoft\VC\v170\Microsoft.CppBuild.targets(646,5): message :       ;
C:\Program Files\Microsoft Visual Studio\2022\Community\MSBuild\Microsoft\VC\v170\Microsoft.CppBuild.targets(646,5): message :       GenerateTargetFrameworkMonikerAttribute;
C:\Program Files\Microsoft Visual Studio\2022\Community\MSBuild\Microsoft\VC\v170\Microsoft.CppBuild.targets(646,5): message :     ") en C:\Program Files\Microsoft Visual Studio\2022\Community\MSBuild\Microsoft\VC\v170\Microsoft.CppBuild.targets (646,5)
C:\Program Files\Microsoft Visual Studio\2022\Community\MSBuild\Microsoft\VC\v170\Microsoft.CppBuild.targets(962,5): message : Reasignaci├│n de propiedad: $(ComputeLinkInputsTargets)="
C:\Program Files\Microsoft Visual Studio\2022\Community\MSBuild\Microsoft\VC\v170\Microsoft.CppBuild.targets(962,5): message :       
C:\Program Files\Microsoft Visual Studio\2022\Community\MSBuild\Microsoft\VC\v170\Microsoft.CppBuild.targets(962,5): message :       ;
C:\Program Files\Microsoft Visual Studio\2022\Community\MSBuild\Microsoft\VC\v170\Microsoft.CppBuild.targets(962,5): message :       ComputeRCGeneratedLinkInputs;
C:\Program Files\Microsoft Visual Studio\2022\Community\MSBuild\Microsoft\VC\v170\Microsoft.CppBuild.targets(962,5): message :     ;
C:\Program Files\Microsoft Visual Studio\2022\Community\MSBuild\Microsoft\VC\v170\Microsoft.CppBuild.targets(962,5): message :       ComputeManifestGeneratedLinkerInputs;
C:\Program Files\Microsoft Visual Studio\2022\Community\MSBuild\Microsoft\VC\v170\Microsoft.CppBuild.targets(962,5): message :     " (valor anterior: "
C:\Program Files\Microsoft Visual Studio\2022\Community\MSBuild\Microsoft\VC\v170\Microsoft.CppBuild.targets(962,5): message :       ;
C:\Program Files\Microsoft Visual Studio\2022\Community\MSBuild\Microsoft\VC\v170\Microsoft.CppBuild.targets(962,5): message :       ComputeRCGeneratedLinkInputs;
C:\Program Files\Microsoft Visual Studio\2022\Community\MSBuild\Microsoft\VC\v170\Microsoft.CppBuild.targets(962,5): message :     ") en C:\Program Files\Microsoft Visual Studio\2022\Community\MSBuild\Microsoft\VC\v170\Microsoft.CppBuild.targets (962,5)
C:\Program Files\Microsoft Visual Studio\2022\Community\MSBuild\Microsoft\VC\v170\Microsoft.CppBuild.targets(1159,5): message : Reasignaci├│n de propiedad: $(ComputeCompileInputsTargets)="
C:\Program Files\Microsoft Visual Studio\2022\Community\MSBuild\Microsoft\VC\v170\Microsoft.CppBuild.targets(1159,5): message :       
C:\Program Files\Microsoft Visual Studio\2022\Community\MSBuild\Microsoft\VC\v170\Microsoft.CppBuild.targets(1159,5): message :       
C:\Program Files\Microsoft Visual Studio\2022\Community\MSBuild\Microsoft\VC\v170\Microsoft.CppBuild.targets(1159,5): message :       ;
C:\Program Files\Microsoft Visual Studio\2022\Community\MSBuild\Microsoft\VC\v170\Microsoft.CppBuild.targets(1159,5): message :       GenerateTargetFrameworkMonikerAttribute;
C:\Program Files\Microsoft Visual Studio\2022\Community\MSBuild\Microsoft\VC\v170\Microsoft.CppBuild.targets(1159,5): message :     ;
C:\Program Files\Microsoft Visual Studio\2022\Community\MSBuild\Microsoft\VC\v170\Microsoft.CppBuild.targets(1159,5): message :       ComputeMIDLGeneratedCompileInputs;
C:\Program Files\Microsoft Visual Studio\2022\Community\MSBuild\Microsoft\VC\v170\Microsoft.CppBuild.targets(1159,5): message :     ;
C:\Program Files\Microsoft Visual Studio\2022\Community\MSBuild\Microsoft\VC\v170\Microsoft.CppBuild.targets(1159,5): message :       ComputeCLInputPDBName;
C:\Program Files\Microsoft Visual Studio\2022\Community\MSBuild\Microsoft\VC\v170\Microsoft.CppBuild.targets(1159,5): message :       ComputeReferenceCLInput;
C:\Program Files\Microsoft Visual Studio\2022\Community\MSBuild\Microsoft\VC\v170\Microsoft.CppBuild.targets(1159,5): message :       WarnCompileDuplicatedFilename
C:\Program Files\Microsoft Visual Studio\2022\Community\MSBuild\Microsoft\VC\v170\Microsoft.CppBuild.targets(1159,5): message :     " (valor anterior: "
C:\Program Files\Microsoft Visual Studio\2022\Community\MSBuild\Microsoft\VC\v170\Microsoft.CppBuild.targets(1159,5): message :       
C:\Program Files\Microsoft Visual Studio\2022\Community\MSBuild\Microsoft\VC\v170\Microsoft.CppBuild.targets(1159,5): message :       ;
C:\Program Files\Microsoft Visual Studio\2022\Community\MSBuild\Microsoft\VC\v170\Microsoft.CppBuild.targets(1159,5): message :       GenerateTargetFrameworkMonikerAttribute;
C:\Program Files\Microsoft Visual Studio\2022\Community\MSBuild\Microsoft\VC\v170\Microsoft.CppBuild.targets(1159,5): message :     ;
C:\Program Files\Microsoft Visual Studio\2022\Community\MSBuild\Microsoft\VC\v170\Microsoft.CppBuild.targets(1159,5): message :       ComputeMIDLGeneratedCompileInputs;
C:\Program Files\Microsoft Visual Studio\2022\Community\MSBuild\Microsoft\VC\v170\Microsoft.CppBuild.targets(1159,5): message :     ") en C:\Program Files\Microsoft Visual Studio\2022\Community\MSBuild\Microsoft\VC\v170\Microsoft.CppBuild.targets (1159,5)
C:\Program Files\Microsoft Visual Studio\2022\Community\MSBuild\Microsoft\VC\v170\Microsoft.CppBuild.targets(1211,5): message : Reasignaci├│n de propiedad: $(ComputeLinkInputsTargets)="
C:\Program Files\Microsoft Visual Studio\2022\Community\MSBuild\Microsoft\VC\v170\Microsoft.CppBuild.targets(1211,5): message :       
C:\Program Files\Microsoft Visual Studio\2022\Community\MSBuild\Microsoft\VC\v170\Microsoft.CppBuild.targets(1211,5): message :       
C:\Program Files\Microsoft Visual Studio\2022\Community\MSBuild\Microsoft\VC\v170\Microsoft.CppBuild.targets(1211,5): message :       ;
C:\Program Files\Microsoft Visual Studio\2022\Community\MSBuild\Microsoft\VC\v170\Microsoft.CppBuild.targets(1211,5): message :       ComputeRCGeneratedLinkInputs;
C:\Program Files\Microsoft Visual Studio\2022\Community\MSBuild\Microsoft\VC\v170\Microsoft.CppBuild.targets(1211,5): message :     ;
C:\Program Files\Microsoft Visual Studio\2022\Community\MSBuild\Microsoft\VC\v170\Microsoft.CppBuild.targets(1211,5): message :       ComputeManifestGeneratedLinkerInputs;
C:\Program Files\Microsoft Visual Studio\2022\Community\MSBuild\Microsoft\VC\v170\Microsoft.CppBuild.targets(1211,5): message :     ;
C:\Program Files\Microsoft Visual Studio\2022\Community\MSBuild\Microsoft\VC\v170\Microsoft.CppBuild.targets(1211,5): message :       ComputeCustomBuildOutput;
C:\Program Files\Microsoft Visual Studio\2022\Community\MSBuild\Microsoft\VC\v170\Microsoft.CppBuild.targets(1211,5): message :     " (valor anterior: "
C:\Program Files\Microsoft Visual Studio\2022\Community\MSBuild\Microsoft\VC\v170\Microsoft.CppBuild.targets(1211,5): message :       
C:\Program Files\Microsoft Visual Studio\2022\Community\MSBuild\Microsoft\VC\v170\Microsoft.CppBuild.targets(1211,5): message :       ;
C:\Program Files\Microsoft Visual Studio\2022\Community\MSBuild\Microsoft\VC\v170\Microsoft.CppBuild.targets(1211,5): message :       ComputeRCGeneratedLinkInputs;
C:\Program Files\Microsoft Visual Studio\2022\Community\MSBuild\Microsoft\VC\v170\Microsoft.CppBuild.targets(1211,5): message :     ;
C:\Program Files\Microsoft Visual Studio\2022\Community\MSBuild\Microsoft\VC\v170\Microsoft.CppBuild.targets(1211,5): message :       ComputeManifestGeneratedLinkerInputs;
C:\Program Files\Microsoft Visual Studio\2022\Community\MSBuild\Microsoft\VC\v170\Microsoft.CppBuild.targets(1211,5): message :     ") en C:\Program Files\Microsoft Visual Studio\2022\Community\MSBuild\Microsoft\VC\v170\Microsoft.CppBuild.targets (1211,5)
C:\Program Files\Microsoft Visual Studio\2022\Community\MSBuild\Microsoft\VC\v170\Microsoft.CppBuild.targets(1218,5): message : Reasignaci├│n de propiedad: $(ComputeLibInputsTargets)="
C:\Program Files\Microsoft Visual Studio\2022\Community\MSBuild\Microsoft\VC\v170\Microsoft.CppBuild.targets(1218,5): message :       
C:\Program Files\Microsoft Visual Studio\2022\Community\MSBuild\Microsoft\VC\v170\Microsoft.CppBuild.targets(1218,5): message :       ;
C:\Program Files\Microsoft Visual Studio\2022\Community\MSBuild\Microsoft\VC\v170\Microsoft.CppBuild.targets(1218,5): message :       ComputeRCGeneratedLibInputs;
C:\Program Files\Microsoft Visual Studio\2022\Community\MSBuild\Microsoft\VC\v170\Microsoft.CppBuild.targets(1218,5): message :     ;
C:\Program Files\Microsoft Visual Studio\2022\Community\MSBuild\Microsoft\VC\v170\Microsoft.CppBuild.targets(1218,5): message :       ComputeCustomBuildOutput;
C:\Program Files\Microsoft Visual Studio\2022\Community\MSBuild\Microsoft\VC\v170\Microsoft.CppBuild.targets(1218,5): message :     " (valor anterior: "
C:\Program Files\Microsoft Visual Studio\2022\Community\MSBuild\Microsoft\VC\v170\Microsoft.CppBuild.targets(1218,5): message :       ;
C:\Program Files\Microsoft Visual Studio\2022\Community\MSBuild\Microsoft\VC\v170\Microsoft.CppBuild.targets(1218,5): message :       ComputeRCGeneratedLibInputs;
C:\Program Files\Microsoft Visual Studio\2022\Community\MSBuild\Microsoft\VC\v170\Microsoft.CppBuild.targets(1218,5): message :     ") en C:\Program Files\Microsoft Visual Studio\2022\Community\MSBuild\Microsoft\VC\v170\Microsoft.CppBuild.targets (1218,5)
C:\Program Files\Microsoft Visual Studio\2022\Community\MSBuild\Microsoft\VC\v170\Microsoft.CppBuild.targets(1225,5): message : Reasignaci├│n de propiedad: $(ComputeImpLibInputsTargets)="
C:\Program Files\Microsoft Visual Studio\2022\Community\MSBuild\Microsoft\VC\v170\Microsoft.CppBuild.targets(1225,5): message :       
C:\Program Files\Microsoft Visual Studio\2022\Community\MSBuild\Microsoft\VC\v170\Microsoft.CppBuild.targets(1225,5): message :       
C:\Program Files\Microsoft Visual Studio\2022\Community\MSBuild\Microsoft\VC\v170\Microsoft.CppBuild.targets(1225,5): message :       ;
C:\Program Files\Microsoft Visual Studio\2022\Community\MSBuild\Microsoft\VC\v170\Microsoft.CppBuild.targets(1225,5): message :       ComputeRCGeneratedLibInputs;
C:\Program Files\Microsoft Visual Studio\2022\Community\MSBuild\Microsoft\VC\v170\Microsoft.CppBuild.targets(1225,5): message :     ;
C:\Program Files\Microsoft Visual Studio\2022\Community\MSBuild\Microsoft\VC\v170\Microsoft.CppBuild.targets(1225,5): message :       ComputeRCGeneratedImpLibInputs;
C:\Program Files\Microsoft Visual Studio\2022\Community\MSBuild\Microsoft\VC\v170\Microsoft.CppBuild.targets(1225,5): message :     ;
C:\Program Files\Microsoft Visual Studio\2022\Community\MSBuild\Microsoft\VC\v170\Microsoft.CppBuild.targets(1225,5): message :       ComputeCustomBuildOutput;
C:\Program Files\Microsoft Visual Studio\2022\Community\MSBuild\Microsoft\VC\v170\Microsoft.CppBuild.targets(1225,5): message :     " (valor anterior: "
C:\Program Files\Microsoft Visual Studio\2022\Community\MSBuild\Microsoft\VC\v170\Microsoft.CppBuild.targets(1225,5): message :       
C:\Program Files\Microsoft Visual Studio\2022\Community\MSBuild\Microsoft\VC\v170\Microsoft.CppBuild.targets(1225,5): message :       ;
C:\Program Files\Microsoft Visual Studio\2022\Community\MSBuild\Microsoft\VC\v170\Microsoft.CppBuild.targets(1225,5): message :       ComputeRCGeneratedLibInputs;
C:\Program Files\Microsoft Visual Studio\2022\Community\MSBuild\Microsoft\VC\v170\Microsoft.CppBuild.targets(1225,5): message :     ;
C:\Program Files\Microsoft Visual Studio\2022\Community\MSBuild\Microsoft\VC\v170\Microsoft.CppBuild.targets(1225,5): message :       ComputeRCGeneratedImpLibInputs;
C:\Program Files\Microsoft Visual Studio\2022\Community\MSBuild\Microsoft\VC\v170\Microsoft.CppBuild.targets(1225,5): message :     ") en C:\Program Files\Microsoft Visual Studio\2022\Community\MSBuild\Microsoft\VC\v170\Microsoft.CppBuild.targets (1225,5)
C:\Program Files\Microsoft Visual Studio\2022\Community\MSBuild\Microsoft\VC\v170\Microsoft.CppBuild.targets(1286,5): message : Reasignaci├│n de propiedad: $(ComputeLinkInputsTargets)="
C:\Program Files\Microsoft Visual Studio\2022\Community\MSBuild\Microsoft\VC\v170\Microsoft.CppBuild.targets(1286,5): message :       
C:\Program Files\Microsoft Visual Studio\2022\Community\MSBuild\Microsoft\VC\v170\Microsoft.CppBuild.targets(1286,5): message :       
C:\Program Files\Microsoft Visual Studio\2022\Community\MSBuild\Microsoft\VC\v170\Microsoft.CppBuild.targets(1286,5): message :       
C:\Program Files\Microsoft Visual Studio\2022\Community\MSBuild\Microsoft\VC\v170\Microsoft.CppBuild.targets(1286,5): message :       ;
C:\Program Files\Microsoft Visual Studio\2022\Community\MSBuild\Microsoft\VC\v170\Microsoft.CppBuild.targets(1286,5): message :       ComputeRCGeneratedLinkInputs;
C:\Program Files\Microsoft Visual Studio\2022\Community\MSBuild\Microsoft\VC\v170\Microsoft.CppBuild.targets(1286,5): message :     ;
C:\Program Files\Microsoft Visual Studio\2022\Community\MSBuild\Microsoft\VC\v170\Microsoft.CppBuild.targets(1286,5): message :       ComputeManifestGeneratedLinkerInputs;
C:\Program Files\Microsoft Visual Studio\2022\Community\MSBuild\Microsoft\VC\v170\Microsoft.CppBuild.targets(1286,5): message :     ;
C:\Program Files\Microsoft Visual Studio\2022\Community\MSBuild\Microsoft\VC\v170\Microsoft.CppBuild.targets(1286,5): message :       ComputeCustomBuildOutput;
C:\Program Files\Microsoft Visual Studio\2022\Community\MSBuild\Microsoft\VC\v170\Microsoft.CppBuild.targets(1286,5): message :     ;
C:\Program Files\Microsoft Visual Studio\2022\Community\MSBuild\Microsoft\VC\v170\Microsoft.CppBuild.targets(1286,5): message :       ComputeCLGeneratedLinkInputs;
C:\Program Files\Microsoft Visual Studio\2022\Community\MSBuild\Microsoft\VC\v170\Microsoft.CppBuild.targets(1286,5): message :     " (valor anterior: "
C:\Program Files\Microsoft Visual Studio\2022\Community\MSBuild\Microsoft\VC\v170\Microsoft.CppBuild.targets(1286,5): message :       
C:\Program Files\Microsoft Visual Studio\2022\Community\MSBuild\Microsoft\VC\v170\Microsoft.CppBuild.targets(1286,5): message :       
C:\Program Files\Microsoft Visual Studio\2022\Community\MSBuild\Microsoft\VC\v170\Microsoft.CppBuild.targets(1286,5): message :       ;
C:\Program Files\Microsoft Visual Studio\2022\Community\MSBuild\Microsoft\VC\v170\Microsoft.CppBuild.targets(1286,5): message :       ComputeRCGeneratedLinkInputs;
C:\Program Files\Microsoft Visual Studio\2022\Community\MSBuild\Microsoft\VC\v170\Microsoft.CppBuild.targets(1286,5): message :     ;
C:\Program Files\Microsoft Visual Studio\2022\Community\MSBuild\Microsoft\VC\v170\Microsoft.CppBuild.targets(1286,5): message :       ComputeManifestGeneratedLinkerInputs;
C:\Program Files\Microsoft Visual Studio\2022\Community\MSBuild\Microsoft\VC\v170\Microsoft.CppBuild.targets(1286,5): message :     ;
C:\Program Files\Microsoft Visual Studio\2022\Community\MSBuild\Microsoft\VC\v170\Microsoft.CppBuild.targets(1286,5): message :       ComputeCustomBuildOutput;
C:\Program Files\Microsoft Visual Studio\2022\Community\MSBuild\Microsoft\VC\v170\Microsoft.CppBuild.targets(1286,5): message :     ") en C:\Program Files\Microsoft Visual Studio\2022\Community\MSBuild\Microsoft\VC\v170\Microsoft.CppBuild.targets (1286,5)
C:\Program Files\Microsoft Visual Studio\2022\Community\MSBuild\Microsoft\VC\v170\Microsoft.CppBuild.targets(1301,5): message : Reasignaci├│n de propiedad: $(ComputeLibInputsTargets)="
C:\Program Files\Microsoft Visual Studio\2022\Community\MSBuild\Microsoft\VC\v170\Microsoft.CppBuild.targets(1301,5): message :       
C:\Program Files\Microsoft Visual Studio\2022\Community\MSBuild\Microsoft\VC\v170\Microsoft.CppBuild.targets(1301,5): message :       
C:\Program Files\Microsoft Visual Studio\2022\Community\MSBuild\Microsoft\VC\v170\Microsoft.CppBuild.targets(1301,5): message :       ;
C:\Program Files\Microsoft Visual Studio\2022\Community\MSBuild\Microsoft\VC\v170\Microsoft.CppBuild.targets(1301,5): message :       ComputeRCGeneratedLibInputs;
C:\Program Files\Microsoft Visual Studio\2022\Community\MSBuild\Microsoft\VC\v170\Microsoft.CppBuild.targets(1301,5): message :     ;
C:\Program Files\Microsoft Visual Studio\2022\Community\MSBuild\Microsoft\VC\v170\Microsoft.CppBuild.targets(1301,5): message :       ComputeCustomBuildOutput;
C:\Program Files\Microsoft Visual Studio\2022\Community\MSBuild\Microsoft\VC\v170\Microsoft.CppBuild.targets(1301,5): message :     ;
C:\Program Files\Microsoft Visual Studio\2022\Community\MSBuild\Microsoft\VC\v170\Microsoft.CppBuild.targets(1301,5): message :       ComputeCLGeneratedLibInputs;
C:\Program Files\Microsoft Visual Studio\2022\Community\MSBuild\Microsoft\VC\v170\Microsoft.CppBuild.targets(1301,5): message :     " (valor anterior: "
C:\Program Files\Microsoft Visual Studio\2022\Community\MSBuild\Microsoft\VC\v170\Microsoft.CppBuild.targets(1301,5): message :       
C:\Program Files\Microsoft Visual Studio\2022\Community\MSBuild\Microsoft\VC\v170\Microsoft.CppBuild.targets(1301,5): message :       ;
C:\Program Files\Microsoft Visual Studio\2022\Community\MSBuild\Microsoft\VC\v170\Microsoft.CppBuild.targets(1301,5): message :       ComputeRCGeneratedLibInputs;
C:\Program Files\Microsoft Visual Studio\2022\Community\MSBuild\Microsoft\VC\v170\Microsoft.CppBuild.targets(1301,5): message :     ;
C:\Program Files\Microsoft Visual Studio\2022\Community\MSBuild\Microsoft\VC\v170\Microsoft.CppBuild.targets(1301,5): message :       ComputeCustomBuildOutput;
C:\Program Files\Microsoft Visual Studio\2022\Community\MSBuild\Microsoft\VC\v170\Microsoft.CppBuild.targets(1301,5): message :     ") en C:\Program Files\Microsoft Visual Studio\2022\Community\MSBuild\Microsoft\VC\v170\Microsoft.CppBuild.targets (1301,5)
C:\Program Files\Microsoft Visual Studio\2022\Community\MSBuild\Microsoft\VC\v170\Microsoft.CppBuild.targets(1316,5): message : Reasignaci├│n de propiedad: $(ComputeImpLibInputsTargets)="
C:\Program Files\Microsoft Visual Studio\2022\Community\MSBuild\Microsoft\VC\v170\Microsoft.CppBuild.targets(1316,5): message :       
C:\Program Files\Microsoft Visual Studio\2022\Community\MSBuild\Microsoft\VC\v170\Microsoft.CppBuild.targets(1316,5): message :       
C:\Program Files\Microsoft Visual Studio\2022\Community\MSBuild\Microsoft\VC\v170\Microsoft.CppBuild.targets(1316,5): message :       
C:\Program Files\Microsoft Visual Studio\2022\Community\MSBuild\Microsoft\VC\v170\Microsoft.CppBuild.targets(1316,5): message :       ;
C:\Program Files\Microsoft Visual Studio\2022\Community\MSBuild\Microsoft\VC\v170\Microsoft.CppBuild.targets(1316,5): message :       ComputeRCGeneratedLibInputs;
C:\Program Files\Microsoft Visual Studio\2022\Community\MSBuild\Microsoft\VC\v170\Microsoft.CppBuild.targets(1316,5): message :     ;
C:\Program Files\Microsoft Visual Studio\2022\Community\MSBuild\Microsoft\VC\v170\Microsoft.CppBuild.targets(1316,5): message :       ComputeRCGeneratedImpLibInputs;
C:\Program Files\Microsoft Visual Studio\2022\Community\MSBuild\Microsoft\VC\v170\Microsoft.CppBuild.targets(1316,5): message :     ;
C:\Program Files\Microsoft Visual Studio\2022\Community\MSBuild\Microsoft\VC\v170\Microsoft.CppBuild.targets(1316,5): message :       ComputeCustomBuildOutput;
C:\Program Files\Microsoft Visual Studio\2022\Community\MSBuild\Microsoft\VC\v170\Microsoft.CppBuild.targets(1316,5): message :     ;
C:\Program Files\Microsoft Visual Studio\2022\Community\MSBuild\Microsoft\VC\v170\Microsoft.CppBuild.targets(1316,5): message :       ComputeCLGeneratedImpLibInputs;
C:\Program Files\Microsoft Visual Studio\2022\Community\MSBuild\Microsoft\VC\v170\Microsoft.CppBuild.targets(1316,5): message :     " (valor anterior: "
C:\Program Files\Microsoft Visual Studio\2022\Community\MSBuild\Microsoft\VC\v170\Microsoft.CppBuild.targets(1316,5): message :       
C:\Program Files\Microsoft Visual Studio\2022\Community\MSBuild\Microsoft\VC\v170\Microsoft.CppBuild.targets(1316,5): message :       
C:\Program Files\Microsoft Visual Studio\2022\Community\MSBuild\Microsoft\VC\v170\Microsoft.CppBuild.targets(1316,5): message :       ;
C:\Program Files\Microsoft Visual Studio\2022\Community\MSBuild\Microsoft\VC\v170\Microsoft.CppBuild.targets(1316,5): message :       ComputeRCGeneratedLibInputs;
C:\Program Files\Microsoft Visual Studio\2022\Community\MSBuild\Microsoft\VC\v170\Microsoft.CppBuild.targets(1316,5): message :     ;
C:\Program Files\Microsoft Visual Studio\2022\Community\MSBuild\Microsoft\VC\v170\Microsoft.CppBuild.targets(1316,5): message :       ComputeRCGeneratedImpLibInputs;
C:\Program Files\Microsoft Visual Studio\2022\Community\MSBuild\Microsoft\VC\v170\Microsoft.CppBuild.targets(1316,5): message :     ;
C:\Program Files\Microsoft Visual Studio\2022\Community\MSBuild\Microsoft\VC\v170\Microsoft.CppBuild.targets(1316,5): message :       ComputeCustomBuildOutput;
C:\Program Files\Microsoft Visual Studio\2022\Community\MSBuild\Microsoft\VC\v170\Microsoft.CppBuild.targets(1316,5): message :     ") en C:\Program Files\Microsoft Visual Studio\2022\Community\MSBuild\Microsoft\VC\v170\Microsoft.CppBuild.targets (1316,5)
C:\Program Files\Microsoft Visual Studio\2022\Community\MSBuild\Microsoft\VC\v170\Microsoft.CppBuild.targets(1347,5): message : Reasignaci├│n de propiedad: $(ComputeLinkInputsTargets)="
C:\Program Files\Microsoft Visual Studio\2022\Community\MSBuild\Microsoft\VC\v170\Microsoft.CppBuild.targets(1347,5): message :       
C:\Program Files\Microsoft Visual Studio\2022\Community\MSBuild\Microsoft\VC\v170\Microsoft.CppBuild.targets(1347,5): message :       
C:\Program Files\Microsoft Visual Studio\2022\Community\MSBuild\Microsoft\VC\v170\Microsoft.CppBuild.targets(1347,5): message :       
C:\Program Files\Microsoft Visual Studio\2022\Community\MSBuild\Microsoft\VC\v170\Microsoft.CppBuild.targets(1347,5): message :       
C:\Program Files\Microsoft Visual Studio\2022\Community\MSBuild\Microsoft\VC\v170\Microsoft.CppBuild.targets(1347,5): message :       ;
C:\Program Files\Microsoft Visual Studio\2022\Community\MSBuild\Microsoft\VC\v170\Microsoft.CppBuild.targets(1347,5): message :       ComputeRCGeneratedLinkInputs;
C:\Program Files\Microsoft Visual Studio\2022\Community\MSBuild\Microsoft\VC\v170\Microsoft.CppBuild.targets(1347,5): message :     ;
C:\Program Files\Microsoft Visual Studio\2022\Community\MSBuild\Microsoft\VC\v170\Microsoft.CppBuild.targets(1347,5): message :       ComputeManifestGeneratedLinkerInputs;
C:\Program Files\Microsoft Visual Studio\2022\Community\MSBuild\Microsoft\VC\v170\Microsoft.CppBuild.targets(1347,5): message :     ;
C:\Program Files\Microsoft Visual Studio\2022\Community\MSBuild\Microsoft\VC\v170\Microsoft.CppBuild.targets(1347,5): message :       ComputeCustomBuildOutput;
C:\Program Files\Microsoft Visual Studio\2022\Community\MSBuild\Microsoft\VC\v170\Microsoft.CppBuild.targets(1347,5): message :     ;
C:\Program Files\Microsoft Visual Studio\2022\Community\MSBuild\Microsoft\VC\v170\Microsoft.CppBuild.targets(1347,5): message :       ComputeCLGeneratedLinkInputs;
C:\Program Files\Microsoft Visual Studio\2022\Community\MSBuild\Microsoft\VC\v170\Microsoft.CppBuild.targets(1347,5): message :     ;
C:\Program Files\Microsoft Visual Studio\2022\Community\MSBuild\Microsoft\VC\v170\Microsoft.CppBuild.targets(1347,5): message :       ComputeLinkInputsFromProject;
C:\Program Files\Microsoft Visual Studio\2022\Community\MSBuild\Microsoft\VC\v170\Microsoft.CppBuild.targets(1347,5): message :     " (valor anterior: "
C:\Program Files\Microsoft Visual Studio\2022\Community\MSBuild\Microsoft\VC\v170\Microsoft.CppBuild.targets(1347,5): message :       
C:\Program Files\Microsoft Visual Studio\2022\Community\MSBuild\Microsoft\VC\v170\Microsoft.CppBuild.targets(1347,5): message :       
C:\Program Files\Microsoft Visual Studio\2022\Community\MSBuild\Microsoft\VC\v170\Microsoft.CppBuild.targets(1347,5): message :       
C:\Program Files\Microsoft Visual Studio\2022\Community\MSBuild\Microsoft\VC\v170\Microsoft.CppBuild.targets(1347,5): message :       ;
C:\Program Files\Microsoft Visual Studio\2022\Community\MSBuild\Microsoft\VC\v170\Microsoft.CppBuild.targets(1347,5): message :       ComputeRCGeneratedLinkInputs;
C:\Program Files\Microsoft Visual Studio\2022\Community\MSBuild\Microsoft\VC\v170\Microsoft.CppBuild.targets(1347,5): message :     ;
C:\Program Files\Microsoft Visual Studio\2022\Community\MSBuild\Microsoft\VC\v170\Microsoft.CppBuild.targets(1347,5): message :       ComputeManifestGeneratedLinkerInputs;
C:\Program Files\Microsoft Visual Studio\2022\Community\MSBuild\Microsoft\VC\v170\Microsoft.CppBuild.targets(1347,5): message :     ;
C:\Program Files\Microsoft Visual Studio\2022\Community\MSBuild\Microsoft\VC\v170\Microsoft.CppBuild.targets(1347,5): message :       ComputeCustomBuildOutput;
C:\Program Files\Microsoft Visual Studio\2022\Community\MSBuild\Microsoft\VC\v170\Microsoft.CppBuild.targets(1347,5): message :     ;
C:\Program Files\Microsoft Visual Studio\2022\Community\MSBuild\Microsoft\VC\v170\Microsoft.CppBuild.targets(1347,5): message :       ComputeCLGeneratedLinkInputs;
C:\Program Files\Microsoft Visual Studio\2022\Community\MSBuild\Microsoft\VC\v170\Microsoft.CppBuild.targets(1347,5): message :     ") en C:\Program Files\Microsoft Visual Studio\2022\Community\MSBuild\Microsoft\VC\v170\Microsoft.CppBuild.targets (1347,5)
C:\Program Files\Microsoft Visual Studio\2022\Community\MSBuild\Microsoft\VC\v170\Microsoft.CppBuild.targets(1365,5): message : Reasignaci├│n de propiedad: $(ComputeLibInputsTargets)="
C:\Program Files\Microsoft Visual Studio\2022\Community\MSBuild\Microsoft\VC\v170\Microsoft.CppBuild.targets(1365,5): message :       
C:\Program Files\Microsoft Visual Studio\2022\Community\MSBuild\Microsoft\VC\v170\Microsoft.CppBuild.targets(1365,5): message :       
C:\Program Files\Microsoft Visual Studio\2022\Community\MSBuild\Microsoft\VC\v170\Microsoft.CppBuild.targets(1365,5): message :       
C:\Program Files\Microsoft Visual Studio\2022\Community\MSBuild\Microsoft\VC\v170\Microsoft.CppBuild.targets(1365,5): message :       ;
C:\Program Files\Microsoft Visual Studio\2022\Community\MSBuild\Microsoft\VC\v170\Microsoft.CppBuild.targets(1365,5): message :       ComputeRCGeneratedLibInputs;
C:\Program Files\Microsoft Visual Studio\2022\Community\MSBuild\Microsoft\VC\v170\Microsoft.CppBuild.targets(1365,5): message :     ;
C:\Program Files\Microsoft Visual Studio\2022\Community\MSBuild\Microsoft\VC\v170\Microsoft.CppBuild.targets(1365,5): message :       ComputeCustomBuildOutput;
C:\Program Files\Microsoft Visual Studio\2022\Community\MSBuild\Microsoft\VC\v170\Microsoft.CppBuild.targets(1365,5): message :     ;
C:\Program Files\Microsoft Visual Studio\2022\Community\MSBuild\Microsoft\VC\v170\Microsoft.CppBuild.targets(1365,5): message :       ComputeCLGeneratedLibInputs;
C:\Program Files\Microsoft Visual Studio\2022\Community\MSBuild\Microsoft\VC\v170\Microsoft.CppBuild.targets(1365,5): message :     ;
C:\Program Files\Microsoft Visual Studio\2022\Community\MSBuild\Microsoft\VC\v170\Microsoft.CppBuild.targets(1365,5): message :       ComputeLibInputsFromProject;
C:\Program Files\Microsoft Visual Studio\2022\Community\MSBuild\Microsoft\VC\v170\Microsoft.CppBuild.targets(1365,5): message :     " (valor anterior: "
C:\Program Files\Microsoft Visual Studio\2022\Community\MSBuild\Microsoft\VC\v170\Microsoft.CppBuild.targets(1365,5): message :       
C:\Program Files\Microsoft Visual Studio\2022\Community\MSBuild\Microsoft\VC\v170\Microsoft.CppBuild.targets(1365,5): message :       
C:\Program Files\Microsoft Visual Studio\2022\Community\MSBuild\Microsoft\VC\v170\Microsoft.CppBuild.targets(1365,5): message :       ;
C:\Program Files\Microsoft Visual Studio\2022\Community\MSBuild\Microsoft\VC\v170\Microsoft.CppBuild.targets(1365,5): message :       ComputeRCGeneratedLibInputs;
C:\Program Files\Microsoft Visual Studio\2022\Community\MSBuild\Microsoft\VC\v170\Microsoft.CppBuild.targets(1365,5): message :     ;
C:\Program Files\Microsoft Visual Studio\2022\Community\MSBuild\Microsoft\VC\v170\Microsoft.CppBuild.targets(1365,5): message :       ComputeCustomBuildOutput;
C:\Program Files\Microsoft Visual Studio\2022\Community\MSBuild\Microsoft\VC\v170\Microsoft.CppBuild.targets(1365,5): message :     ;
C:\Program Files\Microsoft Visual Studio\2022\Community\MSBuild\Microsoft\VC\v170\Microsoft.CppBuild.targets(1365,5): message :       ComputeCLGeneratedLibInputs;
C:\Program Files\Microsoft Visual Studio\2022\Community\MSBuild\Microsoft\VC\v170\Microsoft.CppBuild.targets(1365,5): message :     ") en C:\Program Files\Microsoft Visual Studio\2022\Community\MSBuild\Microsoft\VC\v170\Microsoft.CppBuild.targets (1365,5)
C:\Program Files\Microsoft Visual Studio\2022\Community\MSBuild\Microsoft\VC\v170\Microsoft.CppBuild.targets(1383,5): message : Reasignaci├│n de propiedad: $(ComputeImpLibInputsTargets)="
C:\Program Files\Microsoft Visual Studio\2022\Community\MSBuild\Microsoft\VC\v170\Microsoft.CppBuild.targets(1383,5): message :       
C:\Program Files\Microsoft Visual Studio\2022\Community\MSBuild\Microsoft\VC\v170\Microsoft.CppBuild.targets(1383,5): message :       
C:\Program Files\Microsoft Visual Studio\2022\Community\MSBuild\Microsoft\VC\v170\Microsoft.CppBuild.targets(1383,5): message :       
C:\Program Files\Microsoft Visual Studio\2022\Community\MSBuild\Microsoft\VC\v170\Microsoft.CppBuild.targets(1383,5): message :       
C:\Program Files\Microsoft Visual Studio\2022\Community\MSBuild\Microsoft\VC\v170\Microsoft.CppBuild.targets(1383,5): message :       ;
C:\Program Files\Microsoft Visual Studio\2022\Community\MSBuild\Microsoft\VC\v170\Microsoft.CppBuild.targets(1383,5): message :       ComputeRCGeneratedLibInputs;
C:\Program Files\Microsoft Visual Studio\2022\Community\MSBuild\Microsoft\VC\v170\Microsoft.CppBuild.targets(1383,5): message :     ;
C:\Program Files\Microsoft Visual Studio\2022\Community\MSBuild\Microsoft\VC\v170\Microsoft.CppBuild.targets(1383,5): message :       ComputeRCGeneratedImpLibInputs;
C:\Program Files\Microsoft Visual Studio\2022\Community\MSBuild\Microsoft\VC\v170\Microsoft.CppBuild.targets(1383,5): message :     ;
C:\Program Files\Microsoft Visual Studio\2022\Community\MSBuild\Microsoft\VC\v170\Microsoft.CppBuild.targets(1383,5): message :       ComputeCustomBuildOutput;
C:\Program Files\Microsoft Visual Studio\2022\Community\MSBuild\Microsoft\VC\v170\Microsoft.CppBuild.targets(1383,5): message :     ;
C:\Program Files\Microsoft Visual Studio\2022\Community\MSBuild\Microsoft\VC\v170\Microsoft.CppBuild.targets(1383,5): message :       ComputeCLGeneratedImpLibInputs;
C:\Program Files\Microsoft Visual Studio\2022\Community\MSBuild\Microsoft\VC\v170\Microsoft.CppBuild.targets(1383,5): message :     ;
C:\Program Files\Microsoft Visual Studio\2022\Community\MSBuild\Microsoft\VC\v170\Microsoft.CppBuild.targets(1383,5): message :       ComputeImpLibInputsFromProject;
C:\Program Files\Microsoft Visual Studio\2022\Community\MSBuild\Microsoft\VC\v170\Microsoft.CppBuild.targets(1383,5): message :     " (valor anterior: "
C:\Program Files\Microsoft Visual Studio\2022\Community\MSBuild\Microsoft\VC\v170\Microsoft.CppBuild.targets(1383,5): message :       
C:\Program Files\Microsoft Visual Studio\2022\Community\MSBuild\Microsoft\VC\v170\Microsoft.CppBuild.targets(1383,5): message :       
C:\Program Files\Microsoft Visual Studio\2022\Community\MSBuild\Microsoft\VC\v170\Microsoft.CppBuild.targets(1383,5): message :       
C:\Program Files\Microsoft Visual Studio\2022\Community\MSBuild\Microsoft\VC\v170\Microsoft.CppBuild.targets(1383,5): message :       ;
C:\Program Files\Microsoft Visual Studio\2022\Community\MSBuild\Microsoft\VC\v170\Microsoft.CppBuild.targets(1383,5): message :       ComputeRCGeneratedLibInputs;
C:\Program Files\Microsoft Visual Studio\2022\Community\MSBuild\Microsoft\VC\v170\Microsoft.CppBuild.targets(1383,5): message :     ;
C:\Program Files\Microsoft Visual Studio\2022\Community\MSBuild\Microsoft\VC\v170\Microsoft.CppBuild.targets(1383,5): message :       ComputeRCGeneratedImpLibInputs;
C:\Program Files\Microsoft Visual Studio\2022\Community\MSBuild\Microsoft\VC\v170\Microsoft.CppBuild.targets(1383,5): message :     ;
C:\Program Files\Microsoft Visual Studio\2022\Community\MSBuild\Microsoft\VC\v170\Microsoft.CppBuild.targets(1383,5): message :       ComputeCustomBuildOutput;
C:\Program Files\Microsoft Visual Studio\2022\Community\MSBuild\Microsoft\VC\v170\Microsoft.CppBuild.targets(1383,5): message :     ;
C:\Program Files\Microsoft Visual Studio\2022\Community\MSBuild\Microsoft\VC\v170\Microsoft.CppBuild.targets(1383,5): message :       ComputeCLGeneratedImpLibInputs;
C:\Program Files\Microsoft Visual Studio\2022\Community\MSBuild\Microsoft\VC\v170\Microsoft.CppBuild.targets(1383,5): message :     ") en C:\Program Files\Microsoft Visual Studio\2022\Community\MSBuild\Microsoft\VC\v170\Microsoft.CppBuild.targets (1383,5)
C:\Program Files\Microsoft Visual Studio\2022\Community\MSBuild\Microsoft\VC\v170\Microsoft.CppBuild.targets(1507,5): message : Reasignaci├│n de propiedad: $(ComputeLinkInputsTargets)="
C:\Program Files\Microsoft Visual Studio\2022\Community\MSBuild\Microsoft\VC\v170\Microsoft.CppBuild.targets(1507,5): message :       
C:\Program Files\Microsoft Visual Studio\2022\Community\MSBuild\Microsoft\VC\v170\Microsoft.CppBuild.targets(1507,5): message :       
C:\Program Files\Microsoft Visual Studio\2022\Community\MSBuild\Microsoft\VC\v170\Microsoft.CppBuild.targets(1507,5): message :       
C:\Program Files\Microsoft Visual Studio\2022\Community\MSBuild\Microsoft\VC\v170\Microsoft.CppBuild.targets(1507,5): message :       
C:\Program Files\Microsoft Visual Studio\2022\Community\MSBuild\Microsoft\VC\v170\Microsoft.CppBuild.targets(1507,5): message :       
C:\Program Files\Microsoft Visual Studio\2022\Community\MSBuild\Microsoft\VC\v170\Microsoft.CppBuild.targets(1507,5): message :       ;
C:\Program Files\Microsoft Visual Studio\2022\Community\MSBuild\Microsoft\VC\v170\Microsoft.CppBuild.targets(1507,5): message :       ComputeRCGeneratedLinkInputs;
C:\Program Files\Microsoft Visual Studio\2022\Community\MSBuild\Microsoft\VC\v170\Microsoft.CppBuild.targets(1507,5): message :     ;
C:\Program Files\Microsoft Visual Studio\2022\Community\MSBuild\Microsoft\VC\v170\Microsoft.CppBuild.targets(1507,5): message :       ComputeManifestGeneratedLinkerInputs;
C:\Program Files\Microsoft Visual Studio\2022\Community\MSBuild\Microsoft\VC\v170\Microsoft.CppBuild.targets(1507,5): message :     ;
C:\Program Files\Microsoft Visual Studio\2022\Community\MSBuild\Microsoft\VC\v170\Microsoft.CppBuild.targets(1507,5): message :       ComputeCustomBuildOutput;
C:\Program Files\Microsoft Visual Studio\2022\Community\MSBuild\Microsoft\VC\v170\Microsoft.CppBuild.targets(1507,5): message :     ;
C:\Program Files\Microsoft Visual Studio\2022\Community\MSBuild\Microsoft\VC\v170\Microsoft.CppBuild.targets(1507,5): message :       ComputeCLGeneratedLinkInputs;
C:\Program Files\Microsoft Visual Studio\2022\Community\MSBuild\Microsoft\VC\v170\Microsoft.CppBuild.targets(1507,5): message :     ;
C:\Program Files\Microsoft Visual Studio\2022\Community\MSBuild\Microsoft\VC\v170\Microsoft.CppBuild.targets(1507,5): message :       ComputeLinkInputsFromProject;
C:\Program Files\Microsoft Visual Studio\2022\Community\MSBuild\Microsoft\VC\v170\Microsoft.CppBuild.targets(1507,5): message :     ;
C:\Program Files\Microsoft Visual Studio\2022\Community\MSBuild\Microsoft\VC\v170\Microsoft.CppBuild.targets(1507,5): message :       ComputeReferenceLinkInputs;
C:\Program Files\Microsoft Visual Studio\2022\Community\MSBuild\Microsoft\VC\v170\Microsoft.CppBuild.targets(1507,5): message :     " (valor anterior: "
C:\Program Files\Microsoft Visual Studio\2022\Community\MSBuild\Microsoft\VC\v170\Microsoft.CppBuild.targets(1507,5): message :       
C:\Program Files\Microsoft Visual Studio\2022\Community\MSBuild\Microsoft\VC\v170\Microsoft.CppBuild.targets(1507,5): message :       
C:\Program Files\Microsoft Visual Studio\2022\Community\MSBuild\Microsoft\VC\v170\Microsoft.CppBuild.targets(1507,5): message :       
C:\Program Files\Microsoft Visual Studio\2022\Community\MSBuild\Microsoft\VC\v170\Microsoft.CppBuild.targets(1507,5): message :       
C:\Program Files\Microsoft Visual Studio\2022\Community\MSBuild\Microsoft\VC\v170\Microsoft.CppBuild.targets(1507,5): message :       ;
C:\Program Files\Microsoft Visual Studio\2022\Community\MSBuild\Microsoft\VC\v170\Microsoft.CppBuild.targets(1507,5): message :       ComputeRCGeneratedLinkInputs;
C:\Program Files\Microsoft Visual Studio\2022\Community\MSBuild\Microsoft\VC\v170\Microsoft.CppBuild.targets(1507,5): message :     ;
C:\Program Files\Microsoft Visual Studio\2022\Community\MSBuild\Microsoft\VC\v170\Microsoft.CppBuild.targets(1507,5): message :       ComputeManifestGeneratedLinkerInputs;
C:\Program Files\Microsoft Visual Studio\2022\Community\MSBuild\Microsoft\VC\v170\Microsoft.CppBuild.targets(1507,5): message :     ;
C:\Program Files\Microsoft Visual Studio\2022\Community\MSBuild\Microsoft\VC\v170\Microsoft.CppBuild.targets(1507,5): message :       ComputeCustomBuildOutput;
C:\Program Files\Microsoft Visual Studio\2022\Community\MSBuild\Microsoft\VC\v170\Microsoft.CppBuild.targets(1507,5): message :     ;
C:\Program Files\Microsoft Visual Studio\2022\Community\MSBuild\Microsoft\VC\v170\Microsoft.CppBuild.targets(1507,5): message :       ComputeCLGeneratedLinkInputs;
C:\Program Files\Microsoft Visual Studio\2022\Community\MSBuild\Microsoft\VC\v170\Microsoft.CppBuild.targets(1507,5): message :     ;
C:\Program Files\Microsoft Visual Studio\2022\Community\MSBuild\Microsoft\VC\v170\Microsoft.CppBuild.targets(1507,5): message :       ComputeLinkInputsFromProject;
C:\Program Files\Microsoft Visual Studio\2022\Community\MSBuild\Microsoft\VC\v170\Microsoft.CppBuild.targets(1507,5): message :     ") en C:\Program Files\Microsoft Visual Studio\2022\Community\MSBuild\Microsoft\VC\v170\Microsoft.CppBuild.targets (1507,5)
C:\Program Files\Microsoft Visual Studio\2022\Community\MSBuild\Microsoft\VC\v170\Microsoft.CppBuild.targets(1545,5): message : Reasignaci├│n de propiedad: $(ComputeLibInputsTargets)="
C:\Program Files\Microsoft Visual Studio\2022\Community\MSBuild\Microsoft\VC\v170\Microsoft.CppBuild.targets(1545,5): message :       
C:\Program Files\Microsoft Visual Studio\2022\Community\MSBuild\Microsoft\VC\v170\Microsoft.CppBuild.targets(1545,5): message :       
C:\Program Files\Microsoft Visual Studio\2022\Community\MSBuild\Microsoft\VC\v170\Microsoft.CppBuild.targets(1545,5): message :       
C:\Program Files\Microsoft Visual Studio\2022\Community\MSBuild\Microsoft\VC\v170\Microsoft.CppBuild.targets(1545,5): message :       
C:\Program Files\Microsoft Visual Studio\2022\Community\MSBuild\Microsoft\VC\v170\Microsoft.CppBuild.targets(1545,5): message :       ;
C:\Program Files\Microsoft Visual Studio\2022\Community\MSBuild\Microsoft\VC\v170\Microsoft.CppBuild.targets(1545,5): message :       ComputeRCGeneratedLibInputs;
C:\Program Files\Microsoft Visual Studio\2022\Community\MSBuild\Microsoft\VC\v170\Microsoft.CppBuild.targets(1545,5): message :     ;
C:\Program Files\Microsoft Visual Studio\2022\Community\MSBuild\Microsoft\VC\v170\Microsoft.CppBuild.targets(1545,5): message :       ComputeCustomBuildOutput;
C:\Program Files\Microsoft Visual Studio\2022\Community\MSBuild\Microsoft\VC\v170\Microsoft.CppBuild.targets(1545,5): message :     ;
C:\Program Files\Microsoft Visual Studio\2022\Community\MSBuild\Microsoft\VC\v170\Microsoft.CppBuild.targets(1545,5): message :       ComputeCLGeneratedLibInputs;
C:\Program Files\Microsoft Visual Studio\2022\Community\MSBuild\Microsoft\VC\v170\Microsoft.CppBuild.targets(1545,5): message :     ;
C:\Program Files\Microsoft Visual Studio\2022\Community\MSBuild\Microsoft\VC\v170\Microsoft.CppBuild.targets(1545,5): message :       ComputeLibInputsFromProject;
C:\Program Files\Microsoft Visual Studio\2022\Community\MSBuild\Microsoft\VC\v170\Microsoft.CppBuild.targets(1545,5): message :     ;
C:\Program Files\Microsoft Visual Studio\2022\Community\MSBuild\Microsoft\VC\v170\Microsoft.CppBuild.targets(1545,5): message :       ComputeReferenceLibInputs;
C:\Program Files\Microsoft Visual Studio\2022\Community\MSBuild\Microsoft\VC\v170\Microsoft.CppBuild.targets(1545,5): message :     " (valor anterior: "
C:\Program Files\Microsoft Visual Studio\2022\Community\MSBuild\Microsoft\VC\v170\Microsoft.CppBuild.targets(1545,5): message :       
C:\Program Files\Microsoft Visual Studio\2022\Community\MSBuild\Microsoft\VC\v170\Microsoft.CppBuild.targets(1545,5): message :       
C:\Program Files\Microsoft Visual Studio\2022\Community\MSBuild\Microsoft\VC\v170\Microsoft.CppBuild.targets(1545,5): message :       
C:\Program Files\Microsoft Visual Studio\2022\Community\MSBuild\Microsoft\VC\v170\Microsoft.CppBuild.targets(1545,5): message :       ;
C:\Program Files\Microsoft Visual Studio\2022\Community\MSBuild\Microsoft\VC\v170\Microsoft.CppBuild.targets(1545,5): message :       ComputeRCGeneratedLibInputs;
C:\Program Files\Microsoft Visual Studio\2022\Community\MSBuild\Microsoft\VC\v170\Microsoft.CppBuild.targets(1545,5): message :     ;
C:\Program Files\Microsoft Visual Studio\2022\Community\MSBuild\Microsoft\VC\v170\Microsoft.CppBuild.targets(1545,5): message :       ComputeCustomBuildOutput;
C:\Program Files\Microsoft Visual Studio\2022\Community\MSBuild\Microsoft\VC\v170\Microsoft.CppBuild.targets(1545,5): message :     ;
C:\Program Files\Microsoft Visual Studio\2022\Community\MSBuild\Microsoft\VC\v170\Microsoft.CppBuild.targets(1545,5): message :       ComputeCLGeneratedLibInputs;
C:\Program Files\Microsoft Visual Studio\2022\Community\MSBuild\Microsoft\VC\v170\Microsoft.CppBuild.targets(1545,5): message :     ;
C:\Program Files\Microsoft Visual Studio\2022\Community\MSBuild\Microsoft\VC\v170\Microsoft.CppBuild.targets(1545,5): message :       ComputeLibInputsFromProject;
C:\Program Files\Microsoft Visual Studio\2022\Community\MSBuild\Microsoft\VC\v170\Microsoft.CppBuild.targets(1545,5): message :     ") en C:\Program Files\Microsoft Visual Studio\2022\Community\MSBuild\Microsoft\VC\v170\Microsoft.CppBuild.targets (1545,5)
C:\Program Files\Microsoft Visual Studio\2022\Community\MSBuild\Microsoft\VC\v170\Microsoft.CppBuild.targets(1602,5): message : Reasignaci├│n de propiedad: $(ComputeLibInputsTargets)="
C:\Program Files\Microsoft Visual Studio\2022\Community\MSBuild\Microsoft\VC\v170\Microsoft.CppBuild.targets(1602,5): message :       ComputeLibAdditionalOptions;
C:\Program Files\Microsoft Visual Studio\2022\Community\MSBuild\Microsoft\VC\v170\Microsoft.CppBuild.targets(1602,5): message :       
C:\Program Files\Microsoft Visual Studio\2022\Community\MSBuild\Microsoft\VC\v170\Microsoft.CppBuild.targets(1602,5): message :       
C:\Program Files\Microsoft Visual Studio\2022\Community\MSBuild\Microsoft\VC\v170\Microsoft.CppBuild.targets(1602,5): message :       
C:\Program Files\Microsoft Visual Studio\2022\Community\MSBuild\Microsoft\VC\v170\Microsoft.CppBuild.targets(1602,5): message :       
C:\Program Files\Microsoft Visual Studio\2022\Community\MSBuild\Microsoft\VC\v170\Microsoft.CppBuild.targets(1602,5): message :       
C:\Program Files\Microsoft Visual Studio\2022\Community\MSBuild\Microsoft\VC\v170\Microsoft.CppBuild.targets(1602,5): message :       ;
C:\Program Files\Microsoft Visual Studio\2022\Community\MSBuild\Microsoft\VC\v170\Microsoft.CppBuild.targets(1602,5): message :       ComputeRCGeneratedLibInputs;
C:\Program Files\Microsoft Visual Studio\2022\Community\MSBuild\Microsoft\VC\v170\Microsoft.CppBuild.targets(1602,5): message :     ;
C:\Program Files\Microsoft Visual Studio\2022\Community\MSBuild\Microsoft\VC\v170\Microsoft.CppBuild.targets(1602,5): message :       ComputeCustomBuildOutput;
C:\Program Files\Microsoft Visual Studio\2022\Community\MSBuild\Microsoft\VC\v170\Microsoft.CppBuild.targets(1602,5): message :     ;
C:\Program Files\Microsoft Visual Studio\2022\Community\MSBuild\Microsoft\VC\v170\Microsoft.CppBuild.targets(1602,5): message :       ComputeCLGeneratedLibInputs;
C:\Program Files\Microsoft Visual Studio\2022\Community\MSBuild\Microsoft\VC\v170\Microsoft.CppBuild.targets(1602,5): message :     ;
C:\Program Files\Microsoft Visual Studio\2022\Community\MSBuild\Microsoft\VC\v170\Microsoft.CppBuild.targets(1602,5): message :       ComputeLibInputsFromProject;
C:\Program Files\Microsoft Visual Studio\2022\Community\MSBuild\Microsoft\VC\v170\Microsoft.CppBuild.targets(1602,5): message :     ;
C:\Program Files\Microsoft Visual Studio\2022\Community\MSBuild\Microsoft\VC\v170\Microsoft.CppBuild.targets(1602,5): message :       ComputeReferenceLibInputs;
C:\Program Files\Microsoft Visual Studio\2022\Community\MSBuild\Microsoft\VC\v170\Microsoft.CppBuild.targets(1602,5): message :     
C:\Program Files\Microsoft Visual Studio\2022\Community\MSBuild\Microsoft\VC\v170\Microsoft.CppBuild.targets(1602,5): message :     " (valor anterior: "
C:\Program Files\Microsoft Visual Studio\2022\Community\MSBuild\Microsoft\VC\v170\Microsoft.CppBuild.targets(1602,5): message :       
C:\Program Files\Microsoft Visual Studio\2022\Community\MSBuild\Microsoft\VC\v170\Microsoft.CppBuild.targets(1602,5): message :       
C:\Program Files\Microsoft Visual Studio\2022\Community\MSBuild\Microsoft\VC\v170\Microsoft.CppBuild.targets(1602,5): message :       
C:\Program Files\Microsoft Visual Studio\2022\Community\MSBuild\Microsoft\VC\v170\Microsoft.CppBuild.targets(1602,5): message :       
C:\Program Files\Microsoft Visual Studio\2022\Community\MSBuild\Microsoft\VC\v170\Microsoft.CppBuild.targets(1602,5): message :       ;
C:\Program Files\Microsoft Visual Studio\2022\Community\MSBuild\Microsoft\VC\v170\Microsoft.CppBuild.targets(1602,5): message :       ComputeRCGeneratedLibInputs;
C:\Program Files\Microsoft Visual Studio\2022\Community\MSBuild\Microsoft\VC\v170\Microsoft.CppBuild.targets(1602,5): message :     ;
C:\Program Files\Microsoft Visual Studio\2022\Community\MSBuild\Microsoft\VC\v170\Microsoft.CppBuild.targets(1602,5): message :       ComputeCustomBuildOutput;
C:\Program Files\Microsoft Visual Studio\2022\Community\MSBuild\Microsoft\VC\v170\Microsoft.CppBuild.targets(1602,5): message :     ;
C:\Program Files\Microsoft Visual Studio\2022\Community\MSBuild\Microsoft\VC\v170\Microsoft.CppBuild.targets(1602,5): message :       ComputeCLGeneratedLibInputs;
C:\Program Files\Microsoft Visual Studio\2022\Community\MSBuild\Microsoft\VC\v170\Microsoft.CppBuild.targets(1602,5): message :     ;
C:\Program Files\Microsoft Visual Studio\2022\Community\MSBuild\Microsoft\VC\v170\Microsoft.CppBuild.targets(1602,5): message :       ComputeLibInputsFromProject;
C:\Program Files\Microsoft Visual Studio\2022\Community\MSBuild\Microsoft\VC\v170\Microsoft.CppBuild.targets(1602,5): message :     ;
C:\Program Files\Microsoft Visual Studio\2022\Community\MSBuild\Microsoft\VC\v170\Microsoft.CppBuild.targets(1602,5): message :       ComputeReferenceLibInputs;
C:\Program Files\Microsoft Visual Studio\2022\Community\MSBuild\Microsoft\VC\v170\Microsoft.CppBuild.targets(1602,5): message :     ") en C:\Program Files\Microsoft Visual Studio\2022\Community\MSBuild\Microsoft\VC\v170\Microsoft.CppBuild.targets (1602,5)
C:\Program Files\Microsoft Visual Studio\2022\Community\MSBuild\Microsoft\VC\v170\Microsoft.CppBuild.targets(1790,5): message : Reasignaci├│n de propiedad: $(GetProjectInfoForReferenceDependsOn)="
C:\Program Files\Microsoft Visual Studio\2022\Community\MSBuild\Microsoft\VC\v170\Microsoft.CppBuild.targets(1790,5): message :       
C:\Program Files\Microsoft Visual Studio\2022\Community\MSBuild\Microsoft\VC\v170\Microsoft.CppBuild.targets(1790,5): message :       ;
C:\Program Files\Microsoft Visual Studio\2022\Community\MSBuild\Microsoft\VC\v170\Microsoft.CppBuild.targets(1790,5): message :       AddPublicIncludeDirectoriesToProjectsInfoForReference;
C:\Program Files\Microsoft Visual Studio\2022\Community\MSBuild\Microsoft\VC\v170\Microsoft.CppBuild.targets(1790,5): message :     ;
C:\Program Files\Microsoft Visual Studio\2022\Community\MSBuild\Microsoft\VC\v170\Microsoft.CppBuild.targets(1790,5): message :       AddPublicBMIsToProjectsInfoForReference;
C:\Program Files\Microsoft Visual Studio\2022\Community\MSBuild\Microsoft\VC\v170\Microsoft.CppBuild.targets(1790,5): message :       AddDeployRecipeFileToProjectsInfoForReference;
C:\Program Files\Microsoft Visual Studio\2022\Community\MSBuild\Microsoft\VC\v170\Microsoft.CppBuild.targets(1790,5): message :       AddLibrariesToProjectsInfoForReference;
C:\Program Files\Microsoft Visual Studio\2022\Community\MSBuild\Microsoft\VC\v170\Microsoft.CppBuild.targets(1790,5): message :     " (valor anterior: "
C:\Program Files\Microsoft Visual Studio\2022\Community\MSBuild\Microsoft\VC\v170\Microsoft.CppBuild.targets(1790,5): message :       ;
C:\Program Files\Microsoft Visual Studio\2022\Community\MSBuild\Microsoft\VC\v170\Microsoft.CppBuild.targets(1790,5): message :       AddPublicIncludeDirectoriesToProjectsInfoForReference;
C:\Program Files\Microsoft Visual Studio\2022\Community\MSBuild\Microsoft\VC\v170\Microsoft.CppBuild.targets(1790,5): message :     ") en C:\Program Files\Microsoft Visual Studio\2022\Community\MSBuild\Microsoft\VC\v170\Microsoft.CppBuild.targets (1790,5)
C:\Program Files\Microsoft Visual Studio\2022\Community\MSBuild\Microsoft\VC\v170\Microsoft.CppBuild.targets(2215,5): message : Reasignaci├│n de propiedad: $(DocumentationProjectOutputGroupDependsOn)="ResolvedXDCMake;ComputeCLCompileGeneratedXDCFiles" (valor anterior: "") en C:\Program Files\Microsoft Visual Studio\2022\Community\MSBuild\Microsoft\VC\v170\Microsoft.CppBuild.targets (2215,5)
C:\Program Files\Microsoft Visual Studio\2022\Community\MSBuild\Microsoft\VC\v170\Microsoft.CppBuild.targets(2281,5): message : Reasignaci├│n de propiedad: $(ContentFilesProjectOutputGroupDependsOn)="PrepareForBuild;AssignTargetPaths;PrepareForBuild;AssignTargetPaths;MakeDirsForFxc" (valor anterior: "PrepareForBuild;AssignTargetPaths") en C:\Program Files\Microsoft Visual Studio\2022\Community\MSBuild\Microsoft\VC\v170\Microsoft.CppBuild.targets (2281,5)
C:\Program Files\Microsoft Visual Studio\2022\Community\MSBuild\Microsoft\VC\v170\Microsoft.CppCommon.targets(315,5): message : Reasignaci├│n de propiedad: $(ComputeCompileInputsTargets)="
C:\Program Files\Microsoft Visual Studio\2022\Community\MSBuild\Microsoft\VC\v170\Microsoft.CppCommon.targets(315,5): message :       
C:\Program Files\Microsoft Visual Studio\2022\Community\MSBuild\Microsoft\VC\v170\Microsoft.CppCommon.targets(315,5): message :       
C:\Program Files\Microsoft Visual Studio\2022\Community\MSBuild\Microsoft\VC\v170\Microsoft.CppCommon.targets(315,5): message :       
C:\Program Files\Microsoft Visual Studio\2022\Community\MSBuild\Microsoft\VC\v170\Microsoft.CppCommon.targets(315,5): message :       ;
C:\Program Files\Microsoft Visual Studio\2022\Community\MSBuild\Microsoft\VC\v170\Microsoft.CppCommon.targets(315,5): message :       GenerateTargetFrameworkMonikerAttribute;
C:\Program Files\Microsoft Visual Studio\2022\Community\MSBuild\Microsoft\VC\v170\Microsoft.CppCommon.targets(315,5): message :     ;
C:\Program Files\Microsoft Visual Studio\2022\Community\MSBuild\Microsoft\VC\v170\Microsoft.CppCommon.targets(315,5): message :       ComputeMIDLGeneratedCompileInputs;
C:\Program Files\Microsoft Visual Studio\2022\Community\MSBuild\Microsoft\VC\v170\Microsoft.CppCommon.targets(315,5): message :     ;
C:\Program Files\Microsoft Visual Studio\2022\Community\MSBuild\Microsoft\VC\v170\Microsoft.CppCommon.targets(315,5): message :       ComputeCLInputPDBName;
C:\Program Files\Microsoft Visual Studio\2022\Community\MSBuild\Microsoft\VC\v170\Microsoft.CppCommon.targets(315,5): message :       ComputeReferenceCLInput;
C:\Program Files\Microsoft Visual Studio\2022\Community\MSBuild\Microsoft\VC\v170\Microsoft.CppCommon.targets(315,5): message :       WarnCompileDuplicatedFilename
C:\Program Files\Microsoft Visual Studio\2022\Community\MSBuild\Microsoft\VC\v170\Microsoft.CppCommon.targets(315,5): message :     ;
C:\Program Files\Microsoft Visual Studio\2022\Community\MSBuild\Microsoft\VC\v170\Microsoft.CppCommon.targets(315,5): message :       ;
C:\Program Files\Microsoft Visual Studio\2022\Community\MSBuild\Microsoft\VC\v170\Microsoft.CppCommon.targets(315,5): message :       ComputeStdModulesCompileInputs;
C:\Program Files\Microsoft Visual Studio\2022\Community\MSBuild\Microsoft\VC\v170\Microsoft.CppCommon.targets(315,5): message :       FixupCLCompileOptions;
C:\Program Files\Microsoft Visual Studio\2022\Community\MSBuild\Microsoft\VC\v170\Microsoft.CppCommon.targets(315,5): message :       SetModuleDependencies;
C:\Program Files\Microsoft Visual Studio\2022\Community\MSBuild\Microsoft\VC\v170\Microsoft.CppCommon.targets(315,5): message :     " (valor anterior: "
C:\Program Files\Microsoft Visual Studio\2022\Community\MSBuild\Microsoft\VC\v170\Microsoft.CppCommon.targets(315,5): message :       
C:\Program Files\Microsoft Visual Studio\2022\Community\MSBuild\Microsoft\VC\v170\Microsoft.CppCommon.targets(315,5): message :       
C:\Program Files\Microsoft Visual Studio\2022\Community\MSBuild\Microsoft\VC\v170\Microsoft.CppCommon.targets(315,5): message :       ;
C:\Program Files\Microsoft Visual Studio\2022\Community\MSBuild\Microsoft\VC\v170\Microsoft.CppCommon.targets(315,5): message :       GenerateTargetFrameworkMonikerAttribute;
C:\Program Files\Microsoft Visual Studio\2022\Community\MSBuild\Microsoft\VC\v170\Microsoft.CppCommon.targets(315,5): message :     ;
C:\Program Files\Microsoft Visual Studio\2022\Community\MSBuild\Microsoft\VC\v170\Microsoft.CppCommon.targets(315,5): message :       ComputeMIDLGeneratedCompileInputs;
C:\Program Files\Microsoft Visual Studio\2022\Community\MSBuild\Microsoft\VC\v170\Microsoft.CppCommon.targets(315,5): message :     ;
C:\Program Files\Microsoft Visual Studio\2022\Community\MSBuild\Microsoft\VC\v170\Microsoft.CppCommon.targets(315,5): message :       ComputeCLInputPDBName;
C:\Program Files\Microsoft Visual Studio\2022\Community\MSBuild\Microsoft\VC\v170\Microsoft.CppCommon.targets(315,5): message :       ComputeReferenceCLInput;
C:\Program Files\Microsoft Visual Studio\2022\Community\MSBuild\Microsoft\VC\v170\Microsoft.CppCommon.targets(315,5): message :       WarnCompileDuplicatedFilename
C:\Program Files\Microsoft Visual Studio\2022\Community\MSBuild\Microsoft\VC\v170\Microsoft.CppCommon.targets(315,5): message :     ") en C:\Program Files\Microsoft Visual Studio\2022\Community\MSBuild\Microsoft\VC\v170\Microsoft.CppCommon.targets (315,5)
C:\Program Files\Microsoft Visual Studio\2022\Community\MSBuild\Microsoft\VC\v170\Microsoft.CppCommon.targets(2127,5): message : Reasignaci├│n de propiedad: $(BuildingProject)="true" (valor anterior: "false") en C:\Program Files\Microsoft Visual Studio\2022\Community\MSBuild\Microsoft\VC\v170\Microsoft.CppCommon.targets (2127,5)
C:\Program Files\Microsoft Visual Studio\2022\Community\MSBuild\Microsoft\VC\v170\Microsoft.CppCommon.targets(2673,5): message : Reasignaci├│n de propiedad: $(ContentFilesProjectOutputGroupDependsOn)="PrepareForBuild;AssignTargetPaths;PrepareForBuild;AssignTargetPaths;MakeDirsForFxc;_CreateCopyFileItems;" (valor anterior: "PrepareForBuild;AssignTargetPaths;PrepareForBuild;AssignTargetPaths;MakeDirsForFxc") en C:\Program Files\Microsoft Visual Studio\2022\Community\MSBuild\Microsoft\VC\v170\Microsoft.CppCommon.targets (2673,5)
C:\Program Files\Microsoft Visual Studio\2022\Community\MSBuild\Microsoft\VC\v170\Microsoft.Cpp.WindowsSDK.targets(16,5): message : Reasignaci├│n de propiedad: $(PrepareForBuildDependsOn)="_CheckWindowsSDKInstalled;;GetFrameworkPaths;GetReferenceAssemblyPaths;AssignLinkMetadata;SetCABuildNativeEnvironmentVariables" (valor anterior: ";GetFrameworkPaths;GetReferenceAssemblyPaths;AssignLinkMetadata;SetCABuildNativeEnvironmentVariables") en C:\Program Files\Microsoft Visual Studio\2022\Community\MSBuild\Microsoft\VC\v170\Microsoft.Cpp.WindowsSDK.targets (16,5)
C:\Program Files\Microsoft Visual Studio\2022\Community\MSBuild\Microsoft\VC\v170\Microsoft.CppClean.targets(22,5): message : Reasignaci├│n de propiedad: $(CleanDependsOn)="
C:\Program Files\Microsoft Visual Studio\2022\Community\MSBuild\Microsoft\VC\v170\Microsoft.CppClean.targets(22,5): message :       
C:\Program Files\Microsoft Visual Studio\2022\Community\MSBuild\Microsoft\VC\v170\Microsoft.CppClean.targets(22,5): message :       _PrepareForClean;
C:\Program Files\Microsoft Visual Studio\2022\Community\MSBuild\Microsoft\VC\v170\Microsoft.CppClean.targets(22,5): message :       
C:\Program Files\Microsoft Visual Studio\2022\Community\MSBuild\Microsoft\VC\v170\Microsoft.CppClean.targets(22,5): message :       BeforeClean;
C:\Program Files\Microsoft Visual Studio\2022\Community\MSBuild\Microsoft\VC\v170\Microsoft.CppClean.targets(22,5): message :       UnmanagedUnregistration;
C:\Program Files\Microsoft Visual Studio\2022\Community\MSBuild\Microsoft\VC\v170\Microsoft.CppClean.targets(22,5): message :       CoreClean;
C:\Program Files\Microsoft Visual Studio\2022\Community\MSBuild\Microsoft\VC\v170\Microsoft.CppClean.targets(22,5): message :       CleanReferencedProjects;
C:\Program Files\Microsoft Visual Studio\2022\Community\MSBuild\Microsoft\VC\v170\Microsoft.CppClean.targets(22,5): message :       CleanPublishFolder;
C:\Program Files\Microsoft Visual Studio\2022\Community\MSBuild\Microsoft\VC\v170\Microsoft.CppClean.targets(22,5): message :       AfterClean
C:\Program Files\Microsoft Visual Studio\2022\Community\MSBuild\Microsoft\VC\v170\Microsoft.CppClean.targets(22,5): message :     ;
C:\Program Files\Microsoft Visual Studio\2022\Community\MSBuild\Microsoft\VC\v170\Microsoft.CppClean.targets(22,5): message :     ;
C:\Program Files\Microsoft Visual Studio\2022\Community\MSBuild\Microsoft\VC\v170\Microsoft.CppClean.targets(22,5): message :       CppClean
C:\Program Files\Microsoft Visual Studio\2022\Community\MSBuild\Microsoft\VC\v170\Microsoft.CppClean.targets(22,5): message :     " (valor anterior: "
C:\Program Files\Microsoft Visual Studio\2022\Community\MSBuild\Microsoft\VC\v170\Microsoft.CppClean.targets(22,5): message :       _PrepareForClean;
C:\Program Files\Microsoft Visual Studio\2022\Community\MSBuild\Microsoft\VC\v170\Microsoft.CppClean.targets(22,5): message :       
C:\Program Files\Microsoft Visual Studio\2022\Community\MSBuild\Microsoft\VC\v170\Microsoft.CppClean.targets(22,5): message :       BeforeClean;
C:\Program Files\Microsoft Visual Studio\2022\Community\MSBuild\Microsoft\VC\v170\Microsoft.CppClean.targets(22,5): message :       UnmanagedUnregistration;
C:\Program Files\Microsoft Visual Studio\2022\Community\MSBuild\Microsoft\VC\v170\Microsoft.CppClean.targets(22,5): message :       CoreClean;
C:\Program Files\Microsoft Visual Studio\2022\Community\MSBuild\Microsoft\VC\v170\Microsoft.CppClean.targets(22,5): message :       CleanReferencedProjects;
C:\Program Files\Microsoft Visual Studio\2022\Community\MSBuild\Microsoft\VC\v170\Microsoft.CppClean.targets(22,5): message :       CleanPublishFolder;
C:\Program Files\Microsoft Visual Studio\2022\Community\MSBuild\Microsoft\VC\v170\Microsoft.CppClean.targets(22,5): message :       AfterClean
C:\Program Files\Microsoft Visual Studio\2022\Community\MSBuild\Microsoft\VC\v170\Microsoft.CppClean.targets(22,5): message :     ;
C:\Program Files\Microsoft Visual Studio\2022\Community\MSBuild\Microsoft\VC\v170\Microsoft.CppClean.targets(22,5): message :     ") en C:\Program Files\Microsoft Visual Studio\2022\Community\MSBuild\Microsoft\VC\v170\Microsoft.CppClean.targets (22,5)
C:\Program Files\Microsoft Visual Studio\2022\Community\MSBuild\Microsoft\VC\v170\Microsoft.CppClean.targets(92,5): message : Reasignaci├│n de propiedad: $(CppCleanDependsOn)="
C:\Program Files\Microsoft Visual Studio\2022\Community\MSBuild\Microsoft\VC\v170\Microsoft.CppClean.targets(92,5): message :       BeforeCppClean;
C:\Program Files\Microsoft Visual Studio\2022\Community\MSBuild\Microsoft\VC\v170\Microsoft.CppClean.targets(92,5): message :       ;
C:\Program Files\Microsoft Visual Studio\2022\Community\MSBuild\Microsoft\VC\v170\Microsoft.CppClean.targets(92,5): message :       CoreCppClean;
C:\Program Files\Microsoft Visual Studio\2022\Community\MSBuild\Microsoft\VC\v170\Microsoft.CppClean.targets(92,5): message :       AfterCppClean;
C:\Program Files\Microsoft Visual Studio\2022\Community\MSBuild\Microsoft\VC\v170\Microsoft.CppClean.targets(92,5): message :     ;PGInstrumentedClean" (valor anterior: "
C:\Program Files\Microsoft Visual Studio\2022\Community\MSBuild\Microsoft\VC\v170\Microsoft.CppClean.targets(92,5): message :       BeforeCppClean;
C:\Program Files\Microsoft Visual Studio\2022\Community\MSBuild\Microsoft\VC\v170\Microsoft.CppClean.targets(92,5): message :       ;
C:\Program Files\Microsoft Visual Studio\2022\Community\MSBuild\Microsoft\VC\v170\Microsoft.CppClean.targets(92,5): message :       CoreCppClean;
C:\Program Files\Microsoft Visual Studio\2022\Community\MSBuild\Microsoft\VC\v170\Microsoft.CppClean.targets(92,5): message :       AfterCppClean;
C:\Program Files\Microsoft Visual Studio\2022\Community\MSBuild\Microsoft\VC\v170\Microsoft.CppClean.targets(92,5): message :     ") en C:\Program Files\Microsoft Visual Studio\2022\Community\MSBuild\Microsoft\VC\v170\Microsoft.CppClean.targets (92,5)
C:\Program Files\Microsoft Visual Studio\2022\Community\MSBuild\Microsoft\VC\v170\Microsoft.Cpp.DesignTime.targets(542,5): message : Reasignaci├│n de propiedad: $(BuildDependsOn)="SetTelemetryEnvironmentVariables;
C:\Program Files\Microsoft Visual Studio\2022\Community\MSBuild\Microsoft\VC\v170\Microsoft.Cpp.DesignTime.targets(542,5): message :       _PrepareForBuild;
C:\Program Files\Microsoft Visual Studio\2022\Community\MSBuild\Microsoft\VC\v170\Microsoft.Cpp.DesignTime.targets(542,5): message :       
C:\Program Files\Microsoft Visual Studio\2022\Community\MSBuild\Microsoft\VC\v170\Microsoft.Cpp.DesignTime.targets(542,5): message :       ResolveReferences;
C:\Program Files\Microsoft Visual Studio\2022\Community\MSBuild\Microsoft\VC\v170\Microsoft.Cpp.DesignTime.targets(542,5): message :       PrepareForBuild;
C:\Program Files\Microsoft Visual Studio\2022\Community\MSBuild\Microsoft\VC\v170\Microsoft.Cpp.DesignTime.targets(542,5): message :       InitializeBuildStatus;
C:\Program Files\Microsoft Visual Studio\2022\Community\MSBuild\Microsoft\VC\v170\Microsoft.Cpp.DesignTime.targets(542,5): message :       BuildGenerateSources;
C:\Program Files\Microsoft Visual Studio\2022\Community\MSBuild\Microsoft\VC\v170\Microsoft.Cpp.DesignTime.targets(542,5): message :       BuildCompile;
C:\Program Files\Microsoft Visual Studio\2022\Community\MSBuild\Microsoft\VC\v170\Microsoft.Cpp.DesignTime.targets(542,5): message :       BuildLink;
C:\Program Files\Microsoft Visual Studio\2022\Community\MSBuild\Microsoft\VC\v170\Microsoft.Cpp.DesignTime.targets(542,5): message :     ;
C:\Program Files\Microsoft Visual Studio\2022\Community\MSBuild\Microsoft\VC\v170\Microsoft.Cpp.DesignTime.targets(542,5): message :       AfterBuild;
C:\Program Files\Microsoft Visual Studio\2022\Community\MSBuild\Microsoft\VC\v170\Microsoft.Cpp.DesignTime.targets(542,5): message :       IncrementalClean;
C:\Program Files\Microsoft Visual Studio\2022\Community\MSBuild\Microsoft\VC\v170\Microsoft.Cpp.DesignTime.targets(542,5): message :       TlogCleanup;
C:\Program Files\Microsoft Visual Studio\2022\Community\MSBuild\Microsoft\VC\v170\Microsoft.Cpp.DesignTime.targets(542,5): message :       FinalizeBuildStatus;
C:\Program Files\Microsoft Visual Studio\2022\Community\MSBuild\Microsoft\VC\v170\Microsoft.Cpp.DesignTime.targets(542,5): message :     " (valor anterior: "
C:\Program Files\Microsoft Visual Studio\2022\Community\MSBuild\Microsoft\VC\v170\Microsoft.Cpp.DesignTime.targets(542,5): message :       _PrepareForBuild;
C:\Program Files\Microsoft Visual Studio\2022\Community\MSBuild\Microsoft\VC\v170\Microsoft.Cpp.DesignTime.targets(542,5): message :       
C:\Program Files\Microsoft Visual Studio\2022\Community\MSBuild\Microsoft\VC\v170\Microsoft.Cpp.DesignTime.targets(542,5): message :       ResolveReferences;
C:\Program Files\Microsoft Visual Studio\2022\Community\MSBuild\Microsoft\VC\v170\Microsoft.Cpp.DesignTime.targets(542,5): message :       PrepareForBuild;
C:\Program Files\Microsoft Visual Studio\2022\Community\MSBuild\Microsoft\VC\v170\Microsoft.Cpp.DesignTime.targets(542,5): message :       InitializeBuildStatus;
C:\Program Files\Microsoft Visual Studio\2022\Community\MSBuild\Microsoft\VC\v170\Microsoft.Cpp.DesignTime.targets(542,5): message :       BuildGenerateSources;
C:\Program Files\Microsoft Visual Studio\2022\Community\MSBuild\Microsoft\VC\v170\Microsoft.Cpp.DesignTime.targets(542,5): message :       BuildCompile;
C:\Program Files\Microsoft Visual Studio\2022\Community\MSBuild\Microsoft\VC\v170\Microsoft.Cpp.DesignTime.targets(542,5): message :       BuildLink;
C:\Program Files\Microsoft Visual Studio\2022\Community\MSBuild\Microsoft\VC\v170\Microsoft.Cpp.DesignTime.targets(542,5): message :     ;
C:\Program Files\Microsoft Visual Studio\2022\Community\MSBuild\Microsoft\VC\v170\Microsoft.Cpp.DesignTime.targets(542,5): message :       AfterBuild;
C:\Program Files\Microsoft Visual Studio\2022\Community\MSBuild\Microsoft\VC\v170\Microsoft.Cpp.DesignTime.targets(542,5): message :       IncrementalClean;
C:\Program Files\Microsoft Visual Studio\2022\Community\MSBuild\Microsoft\VC\v170\Microsoft.Cpp.DesignTime.targets(542,5): message :       TlogCleanup;
C:\Program Files\Microsoft Visual Studio\2022\Community\MSBuild\Microsoft\VC\v170\Microsoft.Cpp.DesignTime.targets(542,5): message :       FinalizeBuildStatus;
C:\Program Files\Microsoft Visual Studio\2022\Community\MSBuild\Microsoft\VC\v170\Microsoft.Cpp.DesignTime.targets(542,5): message :     ") en C:\Program Files\Microsoft Visual Studio\2022\Community\MSBuild\Microsoft\VC\v170\Microsoft.Cpp.DesignTime.targets (542,5)
C:\Program Files\Microsoft Visual Studio\2022\Community\MSBuild\Microsoft\VC\v170\Microsoft.Cpp.DesignTime.targets(543,5): message : Reasignaci├│n de propiedad: $(RebuildDependsOn)="SetTelemetryEnvironmentVariables;
C:\Program Files\Microsoft Visual Studio\2022\Community\MSBuild\Microsoft\VC\v170\Microsoft.Cpp.DesignTime.targets(543,5): message :       _PrepareForRebuild;
C:\Program Files\Microsoft Visual Studio\2022\Community\MSBuild\Microsoft\VC\v170\Microsoft.Cpp.DesignTime.targets(543,5): message :       
C:\Program Files\Microsoft Visual Studio\2022\Community\MSBuild\Microsoft\VC\v170\Microsoft.Cpp.DesignTime.targets(543,5): message :       BeforeRebuild;
C:\Program Files\Microsoft Visual Studio\2022\Community\MSBuild\Microsoft\VC\v170\Microsoft.Cpp.DesignTime.targets(543,5): message :       Clean;
C:\Program Files\Microsoft Visual Studio\2022\Community\MSBuild\Microsoft\VC\v170\Microsoft.Cpp.DesignTime.targets(543,5): message :       Build;
C:\Program Files\Microsoft Visual Studio\2022\Community\MSBuild\Microsoft\VC\v170\Microsoft.Cpp.DesignTime.targets(543,5): message :       AfterRebuild;
C:\Program Files\Microsoft Visual Studio\2022\Community\MSBuild\Microsoft\VC\v170\Microsoft.Cpp.DesignTime.targets(543,5): message :     ;
C:\Program Files\Microsoft Visual Studio\2022\Community\MSBuild\Microsoft\VC\v170\Microsoft.Cpp.DesignTime.targets(543,5): message :     " (valor anterior: "
C:\Program Files\Microsoft Visual Studio\2022\Community\MSBuild\Microsoft\VC\v170\Microsoft.Cpp.DesignTime.targets(543,5): message :       _PrepareForRebuild;
C:\Program Files\Microsoft Visual Studio\2022\Community\MSBuild\Microsoft\VC\v170\Microsoft.Cpp.DesignTime.targets(543,5): message :       
C:\Program Files\Microsoft Visual Studio\2022\Community\MSBuild\Microsoft\VC\v170\Microsoft.Cpp.DesignTime.targets(543,5): message :       BeforeRebuild;
C:\Program Files\Microsoft Visual Studio\2022\Community\MSBuild\Microsoft\VC\v170\Microsoft.Cpp.DesignTime.targets(543,5): message :       Clean;
C:\Program Files\Microsoft Visual Studio\2022\Community\MSBuild\Microsoft\VC\v170\Microsoft.Cpp.DesignTime.targets(543,5): message :       Build;
C:\Program Files\Microsoft Visual Studio\2022\Community\MSBuild\Microsoft\VC\v170\Microsoft.Cpp.DesignTime.targets(543,5): message :       AfterRebuild;
C:\Program Files\Microsoft Visual Studio\2022\Community\MSBuild\Microsoft\VC\v170\Microsoft.Cpp.DesignTime.targets(543,5): message :     ;
C:\Program Files\Microsoft Visual Studio\2022\Community\MSBuild\Microsoft\VC\v170\Microsoft.Cpp.DesignTime.targets(543,5): message :     ") en C:\Program Files\Microsoft Visual Studio\2022\Community\MSBuild\Microsoft\VC\v170\Microsoft.Cpp.DesignTime.targets (543,5)
Invalidando el destino "GenerateTargetFrameworkMonikerAttribute" del proyecto"C:\Program Files\Microsoft Visual Studio\2022\Community\MSBuild\Current\Bin\Microsoft.Common.CurrentVersion.targets" con el destino "GenerateTargetFrameworkMonikerAttribute" del proyecto "C:\Program Files\Microsoft Visual Studio\2022\Community\MSBuild\Microsoft\VC\v170\Microsoft.BuildSteps.Targets".
Invalidando el destino "Build" del proyecto"C:\Program Files\Microsoft Visual Studio\2022\Community\MSBuild\Current\Bin\Microsoft.Common.CurrentVersion.targets" con el destino "Build" del proyecto "C:\Program Files\Microsoft Visual Studio\2022\Community\MSBuild\Microsoft\VC\v170\Microsoft.BuildSteps.Targets".
Invalidando el destino "Rebuild" del proyecto"C:\Program Files\Microsoft Visual Studio\2022\Community\MSBuild\Current\Bin\Microsoft.Common.CurrentVersion.targets" con el destino "Rebuild" del proyecto "C:\Program Files\Microsoft Visual Studio\2022\Community\MSBuild\Microsoft\VC\v170\Microsoft.BuildSteps.Targets".
Invalidando el destino "AfterBuild" del proyecto"C:\Program Files\Microsoft Visual Studio\2022\Community\MSBuild\Current\Bin\Microsoft.Common.CurrentVersion.targets" con el destino "AfterBuild" del proyecto "C:\Program Files\Microsoft Visual Studio\2022\Community\MSBuild\Microsoft\VC\v170\Microsoft.BuildSteps.Targets".
Invalidando el destino "PrepareForBuild" del proyecto"C:\Program Files\Microsoft Visual Studio\2022\Community\MSBuild\Current\Bin\Microsoft.Common.CurrentVersion.targets" con el destino "PrepareForBuild" del proyecto "C:\Program Files\Microsoft Visual Studio\2022\Community\MSBuild\Microsoft\VC\v170\Microsoft.CppBuild.targets".
Invalidando el destino "GetTargetPath" del proyecto"C:\Program Files\Microsoft Visual Studio\2022\Community\MSBuild\Current\Bin\Microsoft.Common.CurrentVersion.targets" con el destino "GetTargetPath" del proyecto "C:\Program Files\Microsoft Visual Studio\2022\Community\MSBuild\Microsoft\VC\v170\Microsoft.CppBuild.targets".
Invalidando el destino "ComputeIntermediateSatelliteAssemblies" del proyecto"C:\Program Files\Microsoft Visual Studio\2022\Community\MSBuild\Current\Bin\Microsoft.Common.CurrentVersion.targets" con el destino "ComputeIntermediateSatelliteAssemblies" del proyecto "C:\Program Files\Microsoft Visual Studio\2022\Community\MSBuild\Microsoft\VC\v170\Microsoft.CppBuild.targets".
Invalidando el destino "ClCompile" del proyecto"C:\Program Files\Microsoft Visual Studio\2022\Community\MSBuild\Microsoft\VC\v170\Microsoft.CppBuild.targets" con el destino "ClCompile" del proyecto "C:\Program Files\Microsoft Visual Studio\2022\Community\MSBuild\Microsoft\VC\v170\Microsoft.CppBuild.targets".
Invalidando el destino "ResourceCompile" del proyecto"C:\Program Files\Microsoft Visual Studio\2022\Community\MSBuild\Microsoft\VC\v170\Microsoft.CppBuild.targets" con el destino "ResourceCompile" del proyecto "C:\Program Files\Microsoft Visual Studio\2022\Community\MSBuild\Microsoft\VC\v170\Microsoft.CppBuild.targets".
Invalidando el destino "Lib" del proyecto"C:\Program Files\Microsoft Visual Studio\2022\Community\MSBuild\Microsoft\VC\v170\Microsoft.CppBuild.targets" con el destino "Lib" del proyecto "C:\Program Files\Microsoft Visual Studio\2022\Community\MSBuild\Microsoft\VC\v170\Microsoft.CppBuild.targets".
Invalidando el destino "Link" del proyecto"C:\Program Files\Microsoft Visual Studio\2022\Community\MSBuild\Microsoft\VC\v170\Microsoft.CppBuild.targets" con el destino "Link" del proyecto "C:\Program Files\Microsoft Visual Studio\2022\Community\MSBuild\Microsoft\VC\v170\Microsoft.CppBuild.targets".
Invalidando el destino "AllProjectOutputGroups" del proyecto"C:\Program Files\Microsoft Visual Studio\2022\Community\MSBuild\Current\Bin\Microsoft.Common.CurrentVersion.targets" con el destino "AllProjectOutputGroups" del proyecto "C:\Program Files\Microsoft Visual Studio\2022\Community\MSBuild\Microsoft\VC\v170\Microsoft.CppBuild.targets".
Invalidando el destino "BuiltProjectOutputGroup" del proyecto"C:\Program Files\Microsoft Visual Studio\2022\Community\MSBuild\Current\Bin\Microsoft.Common.CurrentVersion.targets" con el destino "BuiltProjectOutputGroup" del proyecto "C:\Program Files\Microsoft Visual Studio\2022\Community\MSBuild\Microsoft\VC\v170\Microsoft.CppBuild.targets".
Invalidando el destino "DebugSymbolsProjectOutputGroup" del proyecto"C:\Program Files\Microsoft Visual Studio\2022\Community\MSBuild\Current\Bin\Microsoft.Common.CurrentVersion.targets" con el destino "DebugSymbolsProjectOutputGroup" del proyecto "C:\Program Files\Microsoft Visual Studio\2022\Community\MSBuild\Microsoft\VC\v170\Microsoft.CppBuild.targets".
Invalidando el destino "DocumentationProjectOutputGroup" del proyecto"C:\Program Files\Microsoft Visual Studio\2022\Community\MSBuild\Current\Bin\Microsoft.Common.CurrentVersion.targets" con el destino "DocumentationProjectOutputGroup" del proyecto "C:\Program Files\Microsoft Visual Studio\2022\Community\MSBuild\Microsoft\VC\v170\Microsoft.CppBuild.targets".
Invalidando el destino "SourceFilesProjectOutputGroup" del proyecto"C:\Program Files\Microsoft Visual Studio\2022\Community\MSBuild\Current\Bin\Microsoft.Common.CurrentVersion.targets" con el destino "SourceFilesProjectOutputGroup" del proyecto "C:\Program Files\Microsoft Visual Studio\2022\Community\MSBuild\Microsoft\VC\v170\Microsoft.CppBuild.targets".
Invalidando el destino "ContentFilesProjectOutputGroup" del proyecto"C:\Program Files\Microsoft Visual Studio\2022\Community\MSBuild\Current\Bin\Microsoft.Common.CurrentVersion.targets" con el destino "ContentFilesProjectOutputGroup" del proyecto "C:\Program Files\Microsoft Visual Studio\2022\Community\MSBuild\Microsoft\VC\v170\Microsoft.CppBuild.targets".
Invalidando el destino "AllProjectOutputGroupsDependencies" del proyecto"C:\Program Files\Microsoft Visual Studio\2022\Community\MSBuild\Current\Bin\Microsoft.Common.CurrentVersion.targets" con el destino "AllProjectOutputGroupsDependencies" del proyecto "C:\Program Files\Microsoft Visual Studio\2022\Community\MSBuild\Microsoft\VC\v170\Microsoft.CppBuild.targets".
Invalidando el destino "BuiltProjectOutputGroupDependencies" del proyecto"C:\Program Files\Microsoft Visual Studio\2022\Community\MSBuild\Current\Bin\Microsoft.Common.CurrentVersion.targets" con el destino "BuiltProjectOutputGroupDependencies" del proyecto "C:\Program Files\Microsoft Visual Studio\2022\Community\MSBuild\Microsoft\VC\v170\Microsoft.CppBuild.targets".
Invalidando el destino "DebugSymbolsProjectOutputGroupDependencies" del proyecto"C:\Program Files\Microsoft Visual Studio\2022\Community\MSBuild\Current\Bin\Microsoft.Common.CurrentVersion.targets" con el destino "DebugSymbolsProjectOutputGroupDependencies" del proyecto "C:\Program Files\Microsoft Visual Studio\2022\Community\MSBuild\Microsoft\VC\v170\Microsoft.CppBuild.targets".
Invalidando el destino "DocumentationProjectOutputGroupDependencies" del proyecto"C:\Program Files\Microsoft Visual Studio\2022\Community\MSBuild\Current\Bin\Microsoft.Common.CurrentVersion.targets" con el destino "DocumentationProjectOutputGroupDependencies" del proyecto "C:\Program Files\Microsoft Visual Studio\2022\Community\MSBuild\Microsoft\VC\v170\Microsoft.CppBuild.targets".
Invalidando el destino "PreBuildEvent" del proyecto"C:\Program Files\Microsoft Visual Studio\2022\Community\MSBuild\Current\Bin\Microsoft.Common.CurrentVersion.targets" con el destino "PreBuildEvent" del proyecto "C:\Program Files\Microsoft Visual Studio\2022\Community\MSBuild\Microsoft\VC\v170\Microsoft.CppCommon.targets".
Invalidando el destino "PostBuildEvent" del proyecto"C:\Program Files\Microsoft Visual Studio\2022\Community\MSBuild\Current\Bin\Microsoft.Common.CurrentVersion.targets" con el destino "PostBuildEvent" del proyecto "C:\Program Files\Microsoft Visual Studio\2022\Community\MSBuild\Microsoft\VC\v170\Microsoft.CppCommon.targets".
Invalidando el destino "ClCompile" del proyecto"C:\Program Files\Microsoft Visual Studio\2022\Community\MSBuild\Microsoft\VC\v170\Microsoft.CppBuild.targets" con el destino "ClCompile" del proyecto "C:\Program Files\Microsoft Visual Studio\2022\Community\MSBuild\Microsoft\VC\v170\Microsoft.CppCommon.targets".
Invalidando el destino "Link" del proyecto"C:\Program Files\Microsoft Visual Studio\2022\Community\MSBuild\Microsoft\VC\v170\Microsoft.CppBuild.targets" con el destino "Link" del proyecto "C:\Program Files\Microsoft Visual Studio\2022\Community\MSBuild\Microsoft\VC\v170\Microsoft.CppCommon.targets".
Invalidando el destino "Lib" del proyecto"C:\Program Files\Microsoft Visual Studio\2022\Community\MSBuild\Microsoft\VC\v170\Microsoft.CppBuild.targets" con el destino "Lib" del proyecto "C:\Program Files\Microsoft Visual Studio\2022\Community\MSBuild\Microsoft\VC\v170\Microsoft.CppCommon.targets".
Invalidando el destino "ImpLib" del proyecto"C:\Program Files\Microsoft Visual Studio\2022\Community\MSBuild\Microsoft\VC\v170\Microsoft.CppBuild.targets" con el destino "ImpLib" del proyecto "C:\Program Files\Microsoft Visual Studio\2022\Community\MSBuild\Microsoft\VC\v170\Microsoft.CppCommon.targets".
Invalidando el destino "Midl" del proyecto"C:\Program Files\Microsoft Visual Studio\2022\Community\MSBuild\Microsoft\VC\v170\Microsoft.CppBuild.targets" con el destino "Midl" del proyecto "C:\Program Files\Microsoft Visual Studio\2022\Community\MSBuild\Microsoft\VC\v170\Microsoft.CppCommon.targets".
Invalidando el destino "ResourceCompile" del proyecto"C:\Program Files\Microsoft Visual Studio\2022\Community\MSBuild\Microsoft\VC\v170\Microsoft.CppBuild.targets" con el destino "ResourceCompile" del proyecto "C:\Program Files\Microsoft Visual Studio\2022\Community\MSBuild\Microsoft\VC\v170\Microsoft.CppCommon.targets".
Invalidando el destino "BeforeResGen" del proyecto"C:\Program Files\Microsoft Visual Studio\2022\Community\MSBuild\Current\Bin\Microsoft.Common.CurrentVersion.targets" con el destino "BeforeResGen" del proyecto "C:\Program Files\Microsoft Visual Studio\2022\Community\MSBuild\Microsoft\VC\v170\Microsoft.CppCommon.targets".
Invalidando el destino "ResGen" del proyecto"C:\Program Files\Microsoft Visual Studio\2022\Community\MSBuild\Current\Bin\Microsoft.Common.CurrentVersion.targets" con el destino "ResGen" del proyecto "C:\Program Files\Microsoft Visual Studio\2022\Community\MSBuild\Microsoft\VC\v170\Microsoft.CppCommon.targets".
Invalidando el destino "GenerateSatelliteAssemblies" del proyecto"C:\Program Files\Microsoft Visual Studio\2022\Community\MSBuild\Current\Bin\Microsoft.Common.CurrentVersion.targets" con el destino "GenerateSatelliteAssemblies" del proyecto "C:\Program Files\Microsoft Visual Studio\2022\Community\MSBuild\Microsoft\VC\v170\Microsoft.CppCommon.targets".
Invalidando el destino "Manifest" del proyecto"C:\Program Files\Microsoft Visual Studio\2022\Community\MSBuild\Microsoft\VC\v170\Microsoft.CppBuild.targets" con el destino "Manifest" del proyecto "C:\Program Files\Microsoft Visual Studio\2022\Community\MSBuild\Microsoft\VC\v170\Microsoft.CppCommon.targets".
Invalidando el destino "XdcMake" del proyecto"C:\Program Files\Microsoft Visual Studio\2022\Community\MSBuild\Microsoft\VC\v170\Microsoft.CppBuild.targets" con el destino "XdcMake" del proyecto "C:\Program Files\Microsoft Visual Studio\2022\Community\MSBuild\Microsoft\VC\v170\Microsoft.CppCommon.targets".
Invalidando el destino "BscMake" del proyecto"C:\Program Files\Microsoft Visual Studio\2022\Community\MSBuild\Microsoft\VC\v170\Microsoft.CppBuild.targets" con el destino "BscMake" del proyecto "C:\Program Files\Microsoft Visual Studio\2022\Community\MSBuild\Microsoft\VC\v170\Microsoft.CppCommon.targets".
Invalidando el destino "ComputeMetaGenInputs" del proyecto"C:\Program Files\Microsoft Visual Studio\2022\Community\MSBuild\Microsoft\VC\v170\Microsoft.MetaGen.targets" con el destino "ComputeMetaGenInputs" del proyecto "C:\Program Files\Microsoft Visual Studio\2022\Community\MSBuild\Microsoft\VC\v170\Microsoft.CppCommon.targets".
Invalidando el destino "GetNativeManifest" del proyecto"C:\Program Files\Microsoft Visual Studio\2022\Community\MSBuild\Current\Bin\Microsoft.Common.CurrentVersion.targets" con el destino "GetNativeManifest" del proyecto "C:\Program Files\Microsoft Visual Studio\2022\Community\MSBuild\Microsoft\VC\v170\Microsoft.CppCommon.targets".
Invalidando el destino "GetTargetPathWithTargetPlatformMoniker" del proyecto"C:\Program Files\Microsoft Visual Studio\2022\Community\MSBuild\Current\Bin\Microsoft.Common.CurrentVersion.targets" con el destino "GetTargetPathWithTargetPlatformMoniker" del proyecto "C:\Program Files\Microsoft Visual Studio\2022\Community\MSBuild\Microsoft\VC\v170\Microsoft.Cpp.DesignTime.targets".
El destino "CompileDesignTime" que aparece en un atributo BeforeTargets en "C:\Program Files\Microsoft Visual Studio\2022\Community\MSBuild\Microsoft\VisualStudio\WebTools.Aspire\Microsoft.WebTools.Aspire.targets (44,11)" no existe en el proyecto y se omitir├í.
El destino "CompileDesignTime" que aparece en un atributo BeforeTargets en "C:\Program Files\Microsoft Visual Studio\2022\Community\MSBuild\Microsoft\VisualStudio\WebTools.Aspire\Microsoft.WebTools.Aspire.targets (57,11)" no existe en el proyecto y se omitir├í.
El proyecto "c:\Users\Usuario\source\repos\Search Lobbys\Search Lobbys.sln" (1) est├í compilando "c:\Users\Usuario\source\repos\Search Lobbys\Search Lobbys.vcxproj" (2) en el nodo 1 (Rebuild destinos).
Se omiti├│ el destino "EnableIntermediateOutputPathMismatchWarning" debido a una condici├│n falsa (False); ('$(RestoreProjectStyle)' == 'PackageReference') se evalu├│ como ('' == 'PackageReference').
Destino "_CheckForInvalidConfigurationAndPlatform" en el archivo "C:\Program Files\Microsoft Visual Studio\2022\Community\MSBuild\Current\Bin\Microsoft.Common.CurrentVersion.targets" del proyecto "c:\Users\Usuario\source\repos\Search Lobbys\Search Lobbys.vcxproj" (el destino "SetTelemetryEnvironmentVariables" depende de ├®l):
Se omiti├│ la tarea "MSBuildInternalMessage" debido a una condici├│n falsa (False); ('$(_InvalidConfigurationMessageSeverity)' != '') se evalu├│ como ('' != '').
Usando la tarea "Message" del ensamblado "Microsoft.Build.Tasks.Core, Version=15.1.0.0, Culture=neutral, PublicKeyToken=b03f5f7f11d50a3a".
Tarea "Message"
  Configuration=Release
Ejecuci├│n de la tarea "Message" terminada.
Tarea "Message"
  Platform=x64
Ejecuci├│n de la tarea "Message" terminada.
Se omiti├│ la tarea "MSBuildInternalMessage" debido a una condici├│n falsa (False); ('$(OutDir)' != '' and !HasTrailingSlash('$(OutDir)')) se evalu├│ como ('c:\Users\Usuario\source\repos\Search Lobbys\x64\Release\' != '' and !HasTrailingSlash('c:\Users\Usuario\source\repos\Search Lobbys\x64\Release\')).
Se omiti├│ la tarea "MSBuildInternalMessage" debido a una condici├│n falsa (False); ('$(IntermediateOutputPath)' != '' and !HasTrailingSlash('$(IntermediateOutputPath)')) se evalu├│ como ('Search Lobbys\x64\Release\' != '' and !HasTrailingSlash('Search Lobbys\x64\Release\')).
Se omiti├│ la tarea "MSBuildInternalMessage" debido a una condici├│n falsa (False); ('$(BaseIntermediateOutputPath)' != '' and !HasTrailingSlash('$(BaseIntermediateOutputPath)')) se evalu├│ como ('obj\' != '' and !HasTrailingSlash('obj\')).
Se omiti├│ la tarea "MSBuildInternalMessage" debido a una condici├│n falsa (False); ( '$(Prefer32Bit)' == 'true' and '$(PreferNativeArm64)' == 'true' ) se evalu├│ como ( '' == 'true' and '' == 'true' ).
Se omiti├│ la tarea "MSBuildInternalMessage" debido a una condici├│n falsa (False); ( '$(NoWin32Manifest)' == 'true' and '$(PreferNativeArm64)' == 'true' ) se evalu├│ como ( '' == 'true' and '' == 'true' ).
Se omiti├│ la tarea "MSBuildInternalMessage" debido a una condici├│n falsa (False); ( '$(PreferNativeArm64)' == 'true' and '$(Platform)' != 'AnyCPU' ) se evalu├│ como ( '' == 'true' and 'x64' != 'AnyCPU' ).
Se omiti├│ la tarea "MSBuildInternalMessage" debido a una condici├│n falsa (False); ( '$(_InitialMSBuildProjectExtensionsPath)' != '' And '$(MSBuildProjectExtensionsPath)' != '$(_InitialMSBuildProjectExtensionsPath)' ) se evalu├│ como ( 'c:\Users\Usuario\source\repos\Search Lobbys\obj\' != '' And 'c:\Users\Usuario\source\repos\Search Lobbys\obj\' != 'c:\Users\Usuario\source\repos\Search Lobbys\obj\' ).
Se omiti├│ la tarea "MSBuildInternalMessage" debido a una condici├│n falsa (False); ( '$(EnableBaseIntermediateOutputPathMismatchWarning)' == 'true' And '$(_InitialBaseIntermediateOutputPath)' != '$(BaseIntermediateOutputPath)' And '$(BaseIntermediateOutputPath)' != '$(MSBuildProjectExtensionsPath)' ) se evalu├│ como ( '' == 'true' And 'obj\' != 'obj\' And 'obj\' != 'c:\Users\Usuario\source\repos\Search Lobbys\obj\' ).
Compilaci├│n terminada del destino "_CheckForInvalidConfigurationAndPlatform" en el proyecto "Search Lobbys.vcxproj".
Se omiti├│ el destino "_CheckForInvalidConfigurationAndPlatform". Compilado previamente de forma correcta.
Destino "SetTelemetryEnvironmentVariables" en el archivo "C:\Program Files\Microsoft Visual Studio\2022\Community\MSBuild\Microsoft\VC\v170\Microsoft.Cpp.DesignTime.targets" del proyecto "c:\Users\Usuario\source\repos\Search Lobbys\Search Lobbys.vcxproj" (el destino "Rebuild" depende de ├®l):
Usando la tarea "SetEnv" del ensamblado "C:\Program Files\Microsoft Visual Studio\2022\Community\MSBuild\Microsoft\VC\v170\Microsoft.Build.CppTasks.Common.dll".
Tarea "SetEnv"
  VSTEL_SolutionSessionID=
Ejecuci├│n de la tarea "SetEnv" terminada.
Tarea "SetEnv"
  VSTEL_CurrentSolutionBuildID=
Ejecuci├│n de la tarea "SetEnv" terminada.
Tarea "SetEnv"
  VSTEL_ProjectID={c4136785-97ff-4be5-84f5-e9cfe80bbc12}
Ejecuci├│n de la tarea "SetEnv" terminada.
Tarea "SetEnv"
  VSTEL_SolutionPath=c:\Users\Usuario\source\repos\Search Lobbys\Search Lobbys.sln
Ejecuci├│n de la tarea "SetEnv" terminada.
Tarea "SetEnv"
  VSTEL_MSBuildProjectFullPath=c:\Users\Usuario\source\repos\Search Lobbys\Search Lobbys.vcxproj
Ejecuci├│n de la tarea "SetEnv" terminada.
Compilaci├│n terminada del destino "SetTelemetryEnvironmentVariables" en el proyecto "Search Lobbys.vcxproj".
Destino "_PrepareForRebuild" en el archivo "C:\Program Files\Microsoft Visual Studio\2022\Community\MSBuild\Microsoft\VC\v170\Microsoft.BuildSteps.Targets" del proyecto "c:\Users\Usuario\source\repos\Search Lobbys\Search Lobbys.vcxproj" (el destino "Rebuild" depende de ├®l):
C:\Program Files\Microsoft Visual Studio\2022\Community\MSBuild\Microsoft\VC\v170\Microsoft.BuildSteps.Targets(194,7): message : Reasignaci├│n de propiedad: $(_BuildActionType)="Rebuild" (valor anterior: "Build") en C:\Program Files\Microsoft Visual Studio\2022\Community\MSBuild\Microsoft\VC\v170\Microsoft.BuildSteps.Targets (194,7) [c:\Users\Usuario\source\repos\Search Lobbys\Search Lobbys.vcxproj]
Compilaci├│n terminada del destino "_PrepareForRebuild" en el proyecto "Search Lobbys.vcxproj".
Destino "BeforeRebuild" en el archivo "C:\Program Files\Microsoft Visual Studio\2022\Community\MSBuild\Current\Bin\Microsoft.Common.CurrentVersion.targets" del proyecto "c:\Users\Usuario\source\repos\Search Lobbys\Search Lobbys.vcxproj" (el destino "Rebuild" depende de ├®l):
Compilaci├│n terminada del destino "BeforeRebuild" en el proyecto "Search Lobbys.vcxproj".
Destino "_PrepareForClean" en el archivo "C:\Program Files\Microsoft Visual Studio\2022\Community\MSBuild\Microsoft\VC\v170\Microsoft.BuildSteps.Targets" del proyecto "c:\Users\Usuario\source\repos\Search Lobbys\Search Lobbys.vcxproj" (el destino "Clean" depende de ├®l):
C:\Program Files\Microsoft Visual Studio\2022\Community\MSBuild\Microsoft\VC\v170\Microsoft.BuildSteps.Targets(207,7): message : Reasignaci├│n de propiedad: $(_BuildActionType)="Clean" (valor anterior: "Rebuild") en C:\Program Files\Microsoft Visual Studio\2022\Community\MSBuild\Microsoft\VC\v170\Microsoft.BuildSteps.Targets (207,7) [c:\Users\Usuario\source\repos\Search Lobbys\Search Lobbys.vcxproj]
Usando la tarea "Delete" del ensamblado "Microsoft.Build.Tasks.Core, Version=15.1.0.0, Culture=neutral, PublicKeyToken=b03f5f7f11d50a3a".
Tarea "Delete"
  Se eliminar├í el archivo "Search Lobbys\x64\Release\Search Lobbys.tlog\Search Lobbys.lastbuildstate".
Ejecuci├│n de la tarea "Delete" terminada.
Compilaci├│n terminada del destino "_PrepareForClean" en el proyecto "Search Lobbys.vcxproj".
Destino "BeforeClean" en el archivo "C:\Program Files\Microsoft Visual Studio\2022\Community\MSBuild\Current\Bin\Microsoft.Common.CurrentVersion.targets" del proyecto "c:\Users\Usuario\source\repos\Search Lobbys\Search Lobbys.vcxproj" (el destino "Clean" depende de ├®l):
Compilaci├│n terminada del destino "BeforeClean" en el proyecto "Search Lobbys.vcxproj".
Se omiti├│ el destino "UnmanagedUnregistration" debido a una condici├│n falsa (False); ((('$(_AssemblyTimestampBeforeCompile)' != '$(_AssemblyTimestampAfterCompile)' or '$(RegisterForComInterop)' != 'true' or '$(OutputType)' != 'library') or
                    ('$(_AssemblyTimestampBeforeCompile)' == '')) and
                   Exists('@(_UnmanagedRegistrationCache)')) se evalu├│ como ((('' != '' or '' != 'true' or 'exe' != 'library') or
                    ('' == '')) and
                   Exists('obj\Search Lobbys.vcxproj.UnmanagedRegistration.cache')).
Destino "CoreClean" en el archivo "C:\Program Files\Microsoft Visual Studio\2022\Community\MSBuild\Current\Bin\Microsoft.Common.CurrentVersion.targets" del proyecto "c:\Users\Usuario\source\repos\Search Lobbys\Search Lobbys.vcxproj" (el destino "Clean" depende de ├®l):
Tarea "Delete"
  El archivo "Search Lobbys\x64\Release\\TempCA\Search Lobbys.pdb" no existe. Se omitir├í.
  El archivo "Search Lobbys\x64\Release\\TempCA\Search Lobbys.exe" no existe. Se omitir├í.
Ejecuci├│n de la tarea "Delete" terminada.
Usando la tarea "ReadLinesFromFile" del ensamblado "Microsoft.Build.Tasks.Core, Version=15.1.0.0, Culture=neutral, PublicKeyToken=b03f5f7f11d50a3a".
Tarea "ReadLinesFromFile"
Ejecuci├│n de la tarea "ReadLinesFromFile" terminada.
Usando la tarea "FindUnderPath" del ensamblado "Microsoft.Build.Tasks.Core, Version=15.1.0.0, Culture=neutral, PublicKeyToken=b03f5f7f11d50a3a".
Tarea "FindUnderPath"
  La ruta de comparaci├│n es "c:\Users\Usuario\source\repos\Search Lobbys\x64\Release\".
Ejecuci├│n de la tarea "FindUnderPath" terminada.
Tarea "FindUnderPath"
  La ruta de comparaci├│n es "Search Lobbys\x64\Release\".
Ejecuci├│n de la tarea "FindUnderPath" terminada.
Tarea "Delete"
Ejecuci├│n de la tarea "Delete" terminada.
Usando la tarea "RemoveDuplicates" del ensamblado "Microsoft.Build.Tasks.Core, Version=15.1.0.0, Culture=neutral, PublicKeyToken=b03f5f7f11d50a3a".
Tarea "RemoveDuplicates"
Ejecuci├│n de la tarea "RemoveDuplicates" terminada.
Usando la tarea "MakeDir" del ensamblado "Microsoft.Build.Tasks.Core, Version=15.1.0.0, Culture=neutral, PublicKeyToken=b03f5f7f11d50a3a".
Tarea "MakeDir"
Ejecuci├│n de la tarea "MakeDir" terminada.
Usando la tarea "WriteLinesToFile" del ensamblado "Microsoft.Build.Tasks.Core, Version=15.1.0.0, Culture=neutral, PublicKeyToken=b03f5f7f11d50a3a".
Tarea "WriteLinesToFile"
  Omitiendo la escritura en el archivo "Search Lobbys\x64\Release\Search Lobbys.vcxproj.FileListAbsolute.txt" porque el contenido no cambiar├í.
Ejecuci├│n de la tarea "WriteLinesToFile" terminada.
Compilaci├│n terminada del destino "CoreClean" en el proyecto "Search Lobbys.vcxproj".
Destino "IgnoreJavaScriptOutputAssembly" en el archivo "C:\Program Files\Microsoft Visual Studio\2022\Community\MSBuild\Current\Bin\Microsoft.Common.CurrentVersion.targets" del proyecto "c:\Users\Usuario\source\repos\Search Lobbys\Search Lobbys.vcxproj" (el destino "AssignProjectConfiguration" depende de ├®l):
Compilaci├│n terminada del destino "IgnoreJavaScriptOutputAssembly" en el proyecto "Search Lobbys.vcxproj".
Destino "AssignProjectConfiguration" en el archivo "C:\Program Files\Microsoft Visual Studio\2022\Community\MSBuild\Current\Bin\Microsoft.Common.CurrentVersion.targets" del proyecto "c:\Users\Usuario\source\repos\Search Lobbys\Search Lobbys.vcxproj" (el destino "PrepareProjectReferences" depende de ├®l):
Usando la tarea "AssignProjectConfiguration" del ensamblado "Microsoft.Build.Tasks.Core, Version=15.1.0.0, Culture=neutral, PublicKeyToken=b03f5f7f11d50a3a".
Tarea "AssignProjectConfiguration"
Ejecuci├│n de la tarea "AssignProjectConfiguration" terminada.
Compilaci├│n terminada del destino "AssignProjectConfiguration" en el proyecto "Search Lobbys.vcxproj".
Destino "_SplitProjectReferencesByFileExistence" en el archivo "C:\Program Files\Microsoft Visual Studio\2022\Community\MSBuild\Current\Bin\Microsoft.Common.CurrentVersion.targets" del proyecto "c:\Users\Usuario\source\repos\Search Lobbys\Search Lobbys.vcxproj" (el destino "PrepareProjectReferences" depende de ├®l):
Se omiti├│ la tarea "ResolveNonMSBuildProjectOutput" debido a una condici├│n falsa (False); ('$(BuildingInsideVisualStudio)'=='true' and '@(ProjectReferenceWithConfiguration)'!='') se evalu├│ como (''=='true' and ''!='').
Compilaci├│n terminada del destino "_SplitProjectReferencesByFileExistence" en el proyecto "Search Lobbys.vcxproj".
Destino "_AddOutputPathToGlobalPropertiesToRemove" en el archivo "C:\Program Files\Microsoft Visual Studio\2022\Community\MSBuild\Current\Bin\Microsoft.Common.CurrentVersion.targets" del proyecto "c:\Users\Usuario\source\repos\Search Lobbys\Search Lobbys.vcxproj" (el destino "_GetProjectReferenceTargetFrameworkProperties" depende de ├®l):
Compilaci├│n terminada del destino "_AddOutputPathToGlobalPropertiesToRemove" en el proyecto "Search Lobbys.vcxproj".
Destino "_GetProjectReferenceTargetFrameworkProperties" en el archivo "C:\Program Files\Microsoft Visual Studio\2022\Community\MSBuild\Current\Bin\Microsoft.Common.CurrentVersion.targets" del proyecto "c:\Users\Usuario\source\repos\Search Lobbys\Search Lobbys.vcxproj" (el destino "PrepareProjectReferences" depende de ├®l):
Usando la tarea "MSBuild" del ensamblado "Microsoft.Build.Tasks.Core, Version=15.1.0.0, Culture=neutral, PublicKeyToken=b03f5f7f11d50a3a".
Tarea "MSBuild"
Ejecuci├│n de la tarea "MSBuild" terminada.
Se omiti├│ la tarea "MSBuild" debido a una condici├│n falsa (False); ('%(_MSBuildProjectReferenceExistent.SkipGetTargetFrameworkProperties)' != 'true' and '$(EnableDynamicPlatformResolution)' == 'true') se evalu├│ como ('' != 'true' and '' == 'true').
Se omiti├│ la tarea "GetReferenceNearestTargetFrameworkTask" debido a una condici├│n falsa (False); ('@(_ProjectReferenceTargetFrameworkPossibilities)' != '' and '$(ReferringTargetFrameworkForProjectReferences)' != ''
                                                        And '$(GetReferenceNearestTargetFrameworkTaskSupportsTargetPlatformParameter)' == 'true' and '%(_ProjectReferenceTargetFrameworkPossibilities.IsVcxOrNativeProj)' != 'true') se evalu├│ como ('' != '' and '' != ''
                                                        And 'true' == 'true' and '' != 'true').
Se omiti├│ la tarea "GetReferenceNearestTargetFrameworkTask" debido a una condici├│n falsa (False); ('@(_ProjectReferenceTargetFrameworkPossibilities)' != '' and '$(ReferringTargetFrameworkForProjectReferences)' != ''
                                                        And '$(GetReferenceNearestTargetFrameworkTaskSupportsTargetPlatformParameter)' != 'true' and '%(_ProjectReferenceTargetFrameworkPossibilities.IsVcxOrNativeProj)' != 'true') se evalu├│ como ('' != '' and '' != ''
                                                        And 'true' != 'true' and '' != 'true').
Usando la tarea "SetRidAgnosticValueForProjects" del ensamblado "Microsoft.Build.Tasks.Core, Version=15.1.0.0, Culture=neutral, PublicKeyToken=b03f5f7f11d50a3a".
Tarea "SetRidAgnosticValueForProjects"
Ejecuci├│n de la tarea "SetRidAgnosticValueForProjects" terminada.
Compilaci├│n terminada del destino "_GetProjectReferenceTargetFrameworkProperties" en el proyecto "Search Lobbys.vcxproj".
Se omiti├│ el destino "_GetProjectReferencePlatformProperties" debido a una condici├│n falsa (False); ('$(EnableDynamicPlatformResolution)' == 'true'
                     and '@(_MSBuildProjectReferenceExistent)' != '') se evalu├│ como ('' == 'true'
                     and '' != '').
Destino "PrepareProjectReferences" en el archivo "C:\Program Files\Microsoft Visual Studio\2022\Community\MSBuild\Current\Bin\Microsoft.Common.CurrentVersion.targets" del proyecto "c:\Users\Usuario\source\repos\Search Lobbys\Search Lobbys.vcxproj" (el destino "CleanReferencedProjects" depende de ├®l):
Compilaci├│n terminada del destino "PrepareProjectReferences" en el proyecto "Search Lobbys.vcxproj".
Destino "CleanReferencedProjects" en el archivo "C:\Program Files\Microsoft Visual Studio\2022\Community\MSBuild\Current\Bin\Microsoft.Common.CurrentVersion.targets" del proyecto "c:\Users\Usuario\source\repos\Search Lobbys\Search Lobbys.vcxproj" (el destino "Clean" depende de ├®l):
Se omiti├│ la tarea "MSBuild" debido a una condici├│n falsa (False); ('$(BuildingInsideVisualStudio)' != 'true' and '$(BuildProjectReferences)' == 'true' and '@(_MSBuildProjectReferenceExistent)' != '') se evalu├│ como ('' != 'true' and 'true' == 'true' and '' != '').
Compilaci├│n terminada del destino "CleanReferencedProjects" en el proyecto "Search Lobbys.vcxproj".
Destino "CleanPublishFolder" en el archivo "C:\Program Files\Microsoft Visual Studio\2022\Community\MSBuild\Current\Bin\Microsoft.Common.CurrentVersion.targets" del proyecto "c:\Users\Usuario\source\repos\Search Lobbys\Search Lobbys.vcxproj" (el destino "Clean" depende de ├®l):
Se omiti├│ la tarea "RemoveDir" debido a una condici├│n falsa (False); ('$(ClickOncePublishDir)'=='$(OutputPath)app.publish\' and Exists('$(ClickOncePublishDir)')) se evalu├│ como ('c:\Users\Usuario\source\repos\Search Lobbys\x64\Release\app.publish\'=='c:\Users\Usuario\source\repos\Search Lobbys\x64\Release\app.publish\' and Exists('c:\Users\Usuario\source\repos\Search Lobbys\x64\Release\app.publish\')).
Compilaci├│n terminada del destino "CleanPublishFolder" en el proyecto "Search Lobbys.vcxproj".
Destino "AfterClean" en el archivo "C:\Program Files\Microsoft Visual Studio\2022\Community\MSBuild\Current\Bin\Microsoft.Common.CurrentVersion.targets" del proyecto "c:\Users\Usuario\source\repos\Search Lobbys\Search Lobbys.vcxproj" (el destino "Clean" depende de ├®l):
Compilaci├│n terminada del destino "AfterClean" en el proyecto "Search Lobbys.vcxproj".
Destino "BeforeCppClean" en el archivo "C:\Program Files\Microsoft Visual Studio\2022\Community\MSBuild\Microsoft\VC\v170\Microsoft.CppClean.targets" del proyecto "c:\Users\Usuario\source\repos\Search Lobbys\Search Lobbys.vcxproj" (el destino "CppClean" depende de ├®l):
Compilaci├│n terminada del destino "BeforeCppClean" en el proyecto "Search Lobbys.vcxproj".
Destino "CoreCppClean" en el archivo "C:\Program Files\Microsoft Visual Studio\2022\Community\MSBuild\Microsoft\VC\v170\Microsoft.CppClean.targets" del proyecto "c:\Users\Usuario\source\repos\Search Lobbys\Search Lobbys.vcxproj" (el destino "CppClean" depende de ├®l):
Tarea "MakeDir"
Ejecuci├│n de la tarea "MakeDir" terminada.
Usando la tarea "CppClean" del ensamblado "C:\Program Files\Microsoft Visual Studio\2022\Community\MSBuild\Microsoft\VC\v170\Microsoft.Build.CppTasks.Common.dll".
Tarea "CppClean"
C:\Program Files\Microsoft Visual Studio\2022\Community\MSBuild\Microsoft\VC\v170\Microsoft.CppClean.targets(77,5): warning : Acceso denegado a la ruta de acceso 'c:\users\usuario\source\repos\search lobbys\x64\release\search lobbys.exe'. [c:\Users\Usuario\source\repos\Search Lobbys\Search Lobbys.vcxproj]
Ejecuci├│n de la tarea "CppClean" terminada.
Tarea "WriteLinesToFile"
Ejecuci├│n de la tarea "WriteLinesToFile" terminada.
Compilaci├│n terminada del destino "CoreCppClean" en el proyecto "Search Lobbys.vcxproj".
Destino "AfterCppClean" en el archivo "C:\Program Files\Microsoft Visual Studio\2022\Community\MSBuild\Microsoft\VC\v170\Microsoft.CppClean.targets" del proyecto "c:\Users\Usuario\source\repos\Search Lobbys\Search Lobbys.vcxproj" (el destino "CppClean" depende de ├®l):
Compilaci├│n terminada del destino "AfterCppClean" en el proyecto "Search Lobbys.vcxproj".
Destino "PGInstrumentedClean" en el archivo "C:\Program Files\Microsoft Visual Studio\2022\Community\MSBuild\Microsoft\VC\v170\Microsoft.CppClean.targets" del proyecto "c:\Users\Usuario\source\repos\Search Lobbys\Search Lobbys.vcxproj" (el destino "CppClean" depende de ├®l):
Tarea "Delete"
Ejecuci├│n de la tarea "Delete" terminada.
Compilaci├│n terminada del destino "PGInstrumentedClean" en el proyecto "Search Lobbys.vcxproj".
Destino "CppClean" en el archivo "C:\Program Files\Microsoft Visual Studio\2022\Community\MSBuild\Microsoft\VC\v170\Microsoft.CppClean.targets" del proyecto "c:\Users\Usuario\source\repos\Search Lobbys\Search Lobbys.vcxproj" (el destino "Clean" depende de ├®l):
Compilaci├│n terminada del destino "CppClean" en el proyecto "Search Lobbys.vcxproj".
Destino "Clean" en el archivo "C:\Program Files\Microsoft Visual Studio\2022\Community\MSBuild\Current\Bin\Microsoft.Common.CurrentVersion.targets" del proyecto "c:\Users\Usuario\source\repos\Search Lobbys\Search Lobbys.vcxproj" (el destino "Rebuild" depende de ├®l):
Compilaci├│n terminada del destino "Clean" en el proyecto "Search Lobbys.vcxproj".
Se omiti├│ el destino "SetTelemetryEnvironmentVariables". Compilado previamente de forma correcta.
Destino "_PrepareForBuild" en el archivo "C:\Program Files\Microsoft Visual Studio\2022\Community\MSBuild\Microsoft\VC\v170\Microsoft.BuildSteps.Targets" del proyecto "c:\Users\Usuario\source\repos\Search Lobbys\Search Lobbys.vcxproj" (el destino "Build" depende de ├®l):
C:\Program Files\Microsoft Visual Studio\2022\Community\MSBuild\Microsoft\VC\v170\Microsoft.BuildSteps.Targets(165,7): message : Reasignaci├│n de propiedad: $(_BuildActionType)="Build" (valor anterior: "Clean") en C:\Program Files\Microsoft Visual Studio\2022\Community\MSBuild\Microsoft\VC\v170\Microsoft.BuildSteps.Targets (165,7) [c:\Users\Usuario\source\repos\Search Lobbys\Search Lobbys.vcxproj]
Se omiti├│ la tarea "CreateItem" debido a una condici├│n falsa (False); ('%(CustomBuild.IncludeFileToTool)'!='') se evalu├│ como (''!='').
Compilaci├│n terminada del destino "_PrepareForBuild" en el proyecto "Search Lobbys.vcxproj".
Destino "_PrepareForReferenceResolution" en el archivo "C:\Program Files\Microsoft Visual Studio\2022\Community\MSBuild\Microsoft\VC\v170\Microsoft.CppBuild.targets" del proyecto "c:\Users\Usuario\source\repos\Search Lobbys\Search Lobbys.vcxproj" (el destino "ResolveReferences" depende de ├®l):
Se omiti├│ la tarea "VCMessage" debido a una condici├│n falsa (False); ('$(WarnAboutIndividualManagedFiles)' == 'true') se evalu├│ como ('' == 'true').
Se omiti├│ la tarea "VCMessage" debido a una condici├│n falsa (False); ('$(UseDynamicDebugging)' == 'true' and '$(WholeProgramOptimization)' == 'true') se evalu├│ como ('false' == 'true' and 'true' == 'true').
Se omiti├│ la tarea "Message" debido a una condici├│n falsa (False); ('$(_REFERENCE_DEBUG)'=='true') se evalu├│ como (''=='true').
Compilaci├│n terminada del destino "_PrepareForReferenceResolution" en el proyecto "Search Lobbys.vcxproj".
Se omiti├│ el destino "ComputeCrtSDKReference" debido a una condici├│n falsa (False); ('@(ClCompile)'!='' and '$(WindowsAppContainer)'=='true' and '$(UseCrtSDKReference)' != 'false') se evalu├│ como ('Search Lobbys.cpp'!='' and 'false'=='true' and '' != 'false').
Destino "BeforeResolveReferences" en el archivo "C:\Program Files\Microsoft Visual Studio\2022\Community\MSBuild\Current\Bin\Microsoft.Common.CurrentVersion.targets" del proyecto "c:\Users\Usuario\source\repos\Search Lobbys\Search Lobbys.vcxproj" (el destino "ResolveReferences" depende de ├®l):
Compilaci├│n terminada del destino "BeforeResolveReferences" en el proyecto "Search Lobbys.vcxproj".
Se omiti├│ el destino "AssignProjectConfiguration". Compilado previamente de forma correcta.
Se omiti├│ el destino "PrepareProjectReferences". Compilado previamente de forma correcta.
Se omiti├│ el destino "_RemoveNameMetadataFromProjectReferenceItems" debido a una condici├│n falsa (False); ('@(ProjectReference)'!='') se evalu├│ como (''!='').
Se omiti├│ el destino "UpdateProjectReferenceBuildTargets" debido a una condici├│n falsa (False); ('@(_MSBuildProjectReferenceExistent)' != '' and '$(BuildingXReferences)' == 'true') se evalu├│ como ('' != '' and '' == 'true').
Destino "ResolveProjectReferences" en el archivo "C:\Program Files\Microsoft Visual Studio\2022\Community\MSBuild\Current\Bin\Microsoft.Common.CurrentVersion.targets" del proyecto "c:\Users\Usuario\source\repos\Search Lobbys\Search Lobbys.vcxproj" (el destino "ResolveReferences" depende de ├®l):
Se omiti├│ la tarea "MSBuild" debido a una condici├│n falsa (False); ('%(_MSBuildProjectReferenceExistent.BuildReference)' == 'true' and '@(ProjectReferenceWithConfiguration)' != '' and ('$(BuildingInsideVisualStudio)' == 'true' or '$(BuildProjectReferences)' != 'true') and '$(VisualStudioVersion)' != '10.0' and '@(_MSBuildProjectReferenceExistent)' != '') se evalu├│ como ('' == 'true' and '' != '' and ('' == 'true' or 'true' != 'true') and '17.0' != '10.0' and '' != '').
Se omiti├│ la tarea "MSBuild" debido a una condici├│n falsa (False); ('%(_MSBuildProjectReferenceExistent.BuildReference)' == 'true' and '@(ProjectReferenceWithConfiguration)' != '' and '$(BuildingInsideVisualStudio)' != 'true' and '$(BuildProjectReferences)' == 'true' and '@(_MSBuildProjectReferenceExistent)' != '') se evalu├│ como ('' == 'true' and '' != '' and '' != 'true' and 'true' == 'true' and '' != '').
Se omiti├│ la tarea "MSBuild" debido a una condici├│n falsa (False); ('%(_MSBuildProjectReferenceExistent.BuildReference)' == 'true' and '@(ProjectReferenceWithConfiguration)' != '' and '$(BuildingProject)' == 'true' and '@(_MSBuildProjectReferenceExistent)' != '') se evalu├│ como ('' == 'true' and '' != '' and 'true' == 'true' and '' != '').
Se omiti├│ la tarea "MSBuildInternalMessage" debido a una condici├│n falsa (False); ('$(_NonExistentProjectReferenceSeverity)' != '') se evalu├│ como ('' != '').
Compilaci├│n terminada del destino "ResolveProjectReferences" en el proyecto "Search Lobbys.vcxproj".
Se omiti├│ el destino "FindInvalidProjectReferences" debido a una condici├│n falsa (False); ('$(FindInvalidProjectReferences)' == 'true') se evalu├│ como ('' == 'true').
Se omiti├│ el destino "ResolveNativeReferences" debido a una condici├│n falsa (False); ('@(NativeReference)'!='') se evalu├│ como (''!='').
Se omiti├│ el destino "_PrepareForReferenceResolution". Compilado previamente de forma correcta.
Se omiti├│ el destino "ResolveProjectReferences". Compilado previamente de forma correcta.
Se omiti├│ el destino "FindInvalidProjectReferences" debido a una condici├│n falsa (False); ('$(FindInvalidProjectReferences)' == 'true') se evalu├│ como ('' == 'true').
Destino "GetFrameworkPaths" en el archivo "C:\Program Files\Microsoft Visual Studio\2022\Community\MSBuild\Current\Bin\Microsoft.Common.CurrentVersion.targets" del proyecto "c:\Users\Usuario\source\repos\Search Lobbys\Search Lobbys.vcxproj" (el destino "ResolveAssemblyReferences" depende de ├®l):
Compilaci├│n terminada del destino "GetFrameworkPaths" en el proyecto "Search Lobbys.vcxproj".
Se omiti├│ el destino "_PrepareForReferenceResolution". Compilado previamente de forma correcta.
Se omiti├│ el destino "GetFrameworkPaths". Compilado previamente de forma correcta.
Destino "GetReferenceAssemblyPaths" en el archivo "C:\Program Files\Microsoft Visual Studio\2022\Community\MSBuild\Current\Bin\Microsoft.Common.CurrentVersion.targets" del proyecto "c:\Users\Usuario\source\repos\Search Lobbys\Search Lobbys.vcxproj" (el destino "ResolveAssemblyReferences" depende de ├®l):
Se omiti├│ la tarea "GetReferenceAssemblyPaths" debido a una condici├│n falsa (False); ('$(TargetFrameworkMoniker)' != '' and ('$(_TargetFrameworkDirectories)' == '' or '$(_FullFrameworkReferenceAssemblyPaths)' == '')) se evalu├│ como ('' != '' and ('' == '' or '' == '')).
C:\Program Files\Microsoft Visual Studio\2022\Community\MSBuild\Current\Bin\Microsoft.Common.CurrentVersion.targets(1284,7): message : Reasignaci├│n de propiedad: $(AssemblySearchPaths)="{CandidateAssemblyFiles};C:\Program Files\Microsoft Visual Studio\2022\Community\VC\Tools\MSVC\14.44.35207\atlmfc\lib\x64;;C:\Program Files\Microsoft Visual Studio\2022\Community\VC\Tools\MSVC\14.44.35207\lib\x64;;{HintPathFromItem};{TargetFrameworkDirectory};{AssemblyFoldersFromConfig:C:\Program Files\Microsoft Visual Studio\2022\Community\MSBuild\Current\Bin\AssemblyFolders.config,};;{Registry:Software\Microsoft\,,AssemblyFoldersEx};;{GAC};{RawFileName};c:\Users\Usuario\source\repos\Search Lobbys\x64\Release\" (valor anterior: "{CandidateAssemblyFiles};C:\Program Files\Microsoft Visual Studio\2022\Community\VC\Tools\MSVC\14.44.35207\atlmfc\lib\x64;;C:\Program Files\Microsoft Visual Studio\2022\Community\VC\Tools\MSVC\14.44.35207\lib\x64;;{HintPathFromItem};{TargetFrameworkDirectory};{AssemblyFoldersFromConfig:C:\Program Files\Microsoft Visual Studio\2022\Community\MSBuild\Current\Bin\AssemblyFolders.config,};;{Registry:Software\Microsoft\,,AssemblyFoldersEx};{AssemblyFolders};{GAC};{RawFileName};c:\Users\Usuario\source\repos\Search Lobbys\x64\Release\") en C:\Program Files\Microsoft Visual Studio\2022\Community\MSBuild\Current\Bin\Microsoft.Common.CurrentVersion.targets (1284,7) [c:\Users\Usuario\source\repos\Search Lobbys\Search Lobbys.vcxproj]
Compilaci├│n terminada del destino "GetReferenceAssemblyPaths" en el proyecto "Search Lobbys.vcxproj".
Destino "AddExternalIncludDirectoriesToPaths" en el archivo "C:\Program Files\Microsoft Visual Studio\2022\Community\MSBuild\Microsoft\VC\v170\Microsoft.Cpp.Current.targets" del proyecto "c:\Users\Usuario\source\repos\Search Lobbys\Search Lobbys.vcxproj" (el destino "SetBuildDefaultEnvironmentVariables" depende de ├®l):
Compilaci├│n terminada del destino "AddExternalIncludDirectoriesToPaths" en el proyecto "Search Lobbys.vcxproj".
Destino "SetBuildDefaultEnvironmentVariables" en el archivo "C:\Program Files\Microsoft Visual Studio\2022\Community\MSBuild\Microsoft\VC\v170\Microsoft.Cpp.Current.targets" del proyecto "c:\Users\Usuario\source\repos\Search Lobbys\Search Lobbys.vcxproj" (el destino "PrepareForBuild" depende de ├®l):
Tarea "SetEnv"
  PATH=C:\Program Files\Microsoft Visual Studio\2022\Community\VC\Tools\MSVC\14.44.35207\bin\HostX86\x64;C:\Program Files\Microsoft Visual Studio\2022\Community\VC\Tools\MSVC\14.44.35207\bin\HostX86\x86;C:\Program Files (x86)\Windows Kits\10\bin\10.0.26100.0\x86;;C:\Program Files (x86)\Microsoft SDKs\Windows\v10.0A\bin\NETFX 4.8.1 Tools;C:\Program Files\Microsoft Visual Studio\2022\Community\Common7\tools;C:\Program Files\Microsoft Visual Studio\2022\Community\Common7\ide;C:\Program Files (x86)\HTML Help Workshop;;C:\Program Files\Microsoft Visual Studio\2022\Community\MSBuild\Current\Bin;C:\WINDOWS\Microsoft.NET\Framework\v4.0.30319\;;C:\Program Files\Common Files\Oracle\Java\javapath;C:\Program Files (x86)\Common Files\Oracle\Java\java8path;C:\Program Files (x86)\Common Files\Oracle\Java\javapath;C:\WINDOWS\system32;C:\WINDOWS;C:\WINDOWS\System32\Wbem;C:\WINDOWS\System32\WindowsPowerShell\v1.0\;C:\WINDOWS\System32\OpenSSH\;C:\Program Files\dotnet\;C:\Program Files\NVIDIA Corporation\NVIDIA app\NvDLISR;C:\Program Files (x86)\NVIDIA Corporation\PhysX\Common;C:\Program Files (x86)\Windows Kits\10\Windows Performance Toolkit\;C:\Program Files\Microsoft SQL Server\150\Tools\Binn\;C:\Program Files\Microsoft SQL Server\Client SDK\ODBC\170\Tools\Binn\;C:\Program Files\Git\cmd;C:\Users\Usuario\AppData\Local\Microsoft\WindowsApps;C:\Users\Usuario\.dotnet\tools;C:\Users\Usuario\AppData\Local\Programs\Antigravity\bin;
C:\Program Files\Microsoft Visual Studio\2022\Community\MSBuild\Microsoft\VC\v170\Microsoft.Cpp.Current.targets(101,7): message : Reasignaci├│n de propiedad: $(Path)="C:\Program Files\Microsoft Visual Studio\2022\Community\VC\Tools\MSVC\14.44.35207\bin\HostX86\x64%3bC:\Program Files\Microsoft Visual Studio\2022\Community\VC\Tools\MSVC\14.44.35207\bin\HostX86\x86%3bC:\Program Files %28x86%29\Windows Kits\10\bin\10.0.26100.0\x86%3b%3bC:\Program Files %28x86%29\Microsoft SDKs\Windows\v10.0A\bin\NETFX 4.8.1 Tools%3bC:\Program Files\Microsoft Visual Studio\2022\Community\Common7\tools%3bC:\Program Files\Microsoft Visual Studio\2022\Community\Common7\ide%3bC:\Program Files %28x86%29\HTML Help Workshop%3b%3bC:\Program Files\Microsoft Visual Studio\2022\Community\MSBuild\Current\Bin%3bC:\WINDOWS\Microsoft.NET\Framework\v4.0.30319\%3b%3bC:\Program Files\Common Files\Oracle\Java\javapath%3bC:\Program Files %28x86%29\Common Files\Oracle\Java\java8path%3bC:\Program Files %28x86%29\Common Files\Oracle\Java\javapath%3bC:\WINDOWS\system32%3bC:\WINDOWS%3bC:\WINDOWS\System32\Wbem%3bC:\WINDOWS\System32\WindowsPowerShell\v1.0\%3bC:\WINDOWS\System32\OpenSSH\%3bC:\Program Files\dotnet\%3bC:\Program Files\NVIDIA Corporation\NVIDIA app\NvDLISR%3bC:\Program Files %28x86%29\NVIDIA Corporation\PhysX\Common%3bC:\Program Files %28x86%29\Windows Kits\10\Windows Performance Toolkit\%3bC:\Program Files\Microsoft SQL Server\150\Tools\Binn\%3bC:\Program Files\Microsoft SQL Server\Client SDK\ODBC\170\Tools\Binn\%3bC:\Program Files\Git\cmd%3bC:\Users\Usuario\AppData\Local\Microsoft\WindowsApps%3bC:\Users\Usuario\.dotnet\tools%3bC:\Users\Usuario\AppData\Local\Programs\Antigravity\bin%3b" (valor anterior: "C:\Program Files\Common Files\Oracle\Java\javapath;C:\Program Files (x86)\Common Files\Oracle\Java\java8path;C:\Program Files (x86)\Common Files\Oracle\Java\javapath;C:\WINDOWS\system32;C:\WINDOWS;C:\WINDOWS\System32\Wbem;C:\WINDOWS\System32\WindowsPowerShell\v1.0\;C:\WINDOWS\System32\OpenSSH\;C:\Program Files\dotnet\;C:\Program Files\NVIDIA Corporation\NVIDIA app\NvDLISR;C:\Program Files (x86)\NVIDIA Corporation\PhysX\Common;C:\Program Files (x86)\Windows Kits\10\Windows Performance Toolkit\;C:\Program Files\Microsoft SQL Server\150\Tools\Binn\;C:\Program Files\Microsoft SQL Server\Client SDK\ODBC\170\Tools\Binn\;C:\Program Files\Git\cmd;C:\Users\Usuario\AppData\Local\Microsoft\WindowsApps;C:\Users\Usuario\.dotnet\tools;C:\Users\Usuario\AppData\Local\Programs\Antigravity\bin") en C:\Program Files\Microsoft Visual Studio\2022\Community\MSBuild\Microsoft\VC\v170\Microsoft.Cpp.Current.targets (101,7) [c:\Users\Usuario\source\repos\Search Lobbys\Search Lobbys.vcxproj]
Ejecuci├│n de la tarea "SetEnv" terminada.
Tarea "SetEnv"
  LIB=C:\Program Files\Microsoft Visual Studio\2022\Community\VC\Tools\MSVC\14.44.35207\lib\x64;;C:\Program Files\Microsoft Visual Studio\2022\Community\VC\Tools\MSVC\14.44.35207\atlmfc\lib\x64;;C:\Program Files\Microsoft Visual Studio\2022\Community\VC\Auxiliary\VS\lib\x64;;C:\Program Files (x86)\Windows Kits\10\lib\10.0.26100.0\ucrt\x64;;;C:\Program Files (x86)\Windows Kits\10\lib\10.0.26100.0\um\x64;C:\Program Files (x86)\Windows Kits\NETFXSDK\4.8.1\lib\um\x64;
Ejecuci├│n de la tarea "SetEnv" terminada.
Tarea "SetEnv"
  LIBPATH=C:\Program Files\Microsoft Visual Studio\2022\Community\VC\Tools\MSVC\14.44.35207\atlmfc\lib\x64;;C:\Program Files\Microsoft Visual Studio\2022\Community\VC\Tools\MSVC\14.44.35207\lib\x64;
Ejecuci├│n de la tarea "SetEnv" terminada.
Tarea "SetEnv"
  INCLUDE=C:\Program Files\Microsoft Visual Studio\2022\Community\VC\Tools\MSVC\14.44.35207\include;;C:\Program Files\Microsoft Visual Studio\2022\Community\VC\Tools\MSVC\14.44.35207\atlmfc\include;;C:\Program Files\Microsoft Visual Studio\2022\Community\VC\Auxiliary\VS\include;;C:\Program Files (x86)\Windows Kits\10\Include\10.0.26100.0\ucrt;;;C:\Program Files (x86)\Windows Kits\10\Include\10.0.26100.0\um;C:\Program Files (x86)\Windows Kits\10\Include\10.0.26100.0\shared;C:\Program Files (x86)\Windows Kits\10\Include\10.0.26100.0\winrt;C:\Program Files (x86)\Windows Kits\10\Include\10.0.26100.0\cppwinrt;C:\Program Files (x86)\Windows Kits\NETFXSDK\4.8.1\Include\um;
Ejecuci├│n de la tarea "SetEnv" terminada.
Tarea "SetEnv"
  EXTERNAL_INCLUDE=C:\Program Files\Microsoft Visual Studio\2022\Community\VC\Tools\MSVC\14.44.35207\include;;C:\Program Files\Microsoft Visual Studio\2022\Community\VC\Tools\MSVC\14.44.35207\atlmfc\include;;C:\Program Files\Microsoft Visual Studio\2022\Community\VC\Auxiliary\VS\include;;C:\Program Files (x86)\Windows Kits\10\Include\10.0.26100.0\ucrt;;;C:\Program Files (x86)\Windows Kits\10\Include\10.0.26100.0\um;C:\Program Files (x86)\Windows Kits\10\Include\10.0.26100.0\shared;C:\Program Files (x86)\Windows Kits\10\Include\10.0.26100.0\winrt;C:\Program Files (x86)\Windows Kits\10\Include\10.0.26100.0\cppwinrt;C:\Program Files (x86)\Windows Kits\NETFXSDK\4.8.1\Include\um;
Ejecuci├│n de la tarea "SetEnv" terminada.
Compilaci├│n terminada del destino "SetBuildDefaultEnvironmentVariables" en el proyecto "Search Lobbys.vcxproj".
Se omiti├│ el destino "SetUserMacroEnvironmentVariables" debido a una condici├│n falsa (False); ('@(BuildMacro)' != '' and '$(DesignTimeBuild)' != 'true') se evalu├│ como ('' != '' and '' != 'true').
Se omiti├│ el destino "_PrepareForReferenceResolution". Compilado previamente de forma correcta.
Destino "GetResolvedWinMD" en el archivo "C:\Program Files\Microsoft Visual Studio\2022\Community\MSBuild\Microsoft\VC\v170\Microsoft.CppBuild.targets" del proyecto "c:\Users\Usuario\source\repos\Search Lobbys\Search Lobbys.vcxproj" (el destino "PrepareForBuild" depende de ├®l):
Compilaci├│n terminada del destino "GetResolvedWinMD" en el proyecto "Search Lobbys.vcxproj".
Destino "_CheckWindowsSDKInstalled" en el archivo "C:\Program Files\Microsoft Visual Studio\2022\Community\MSBuild\Microsoft\VC\v170\Microsoft.Cpp.WindowsSDK.targets" del proyecto "c:\Users\Usuario\source\repos\Search Lobbys\Search Lobbys.vcxproj" (el destino "PrepareForBuild" depende de ├®l):
Se omiti├│ la tarea "VCMessage" debido a una condici├│n falsa (False); ('$(WindowsSDKInstalled)' != 'true') se evalu├│ como ('true' != 'true').
Se omiti├│ la tarea "VCMessage" debido a una condici├│n falsa (False); ('$(Platform)' == 'ARM' and $([MSBuild]::VersionGreaterThanOrEquals('$(TargetPlatformVersion)','$(WindowsSdkVersionARMSupportRemoved)'))) se evalu├│ como ('x64' == 'ARM' and True).
Se omiti├│ la tarea "VCMessage" debido a una condici├│n falsa (False); ('$(WindowsAppContainer)' != 'true' and '$(WindowsSDK_Desktop_Support)' != true) se evalu├│ como ('false' != 'true' and 'true' != true).
Compilaci├│n terminada del destino "_CheckWindowsSDKInstalled" en el proyecto "Search Lobbys.vcxproj".
Se omiti├│ el destino "GetFrameworkPaths". Compilado previamente de forma correcta.
Se omiti├│ el destino "GetReferenceAssemblyPaths". Compilado previamente de forma correcta.
Se omiti├│ el destino "AssignLinkMetadata" debido a una condici├│n falsa (False); ( '$(SynthesizeLinkMetadata)' == 'true' ) se evalu├│ como ( '' == 'true' ).
Destino "SetCABuildNativeEnvironmentVariables" en el archivo "C:\Program Files\Microsoft Visual Studio\2022\Community\MSBuild\Microsoft\VisualStudio\v17.0\CodeAnalysis\Microsoft.CodeAnalysis.targets" del proyecto "c:\Users\Usuario\source\repos\Search Lobbys\Search Lobbys.vcxproj" (el destino "PrepareForBuild" depende de ├®l):
Tarea "SetEnv"
  CAExcludePath=C:\Program Files\Microsoft Visual Studio\2022\Community\VC\Tools\MSVC\14.44.35207\atlmfc\include;C:\Program Files\Microsoft Visual Studio\2022\Community\VC\Tools\MSVC\14.44.35207\include;C:\Program Files (x86)\Windows Kits\10\Include\10.0.26100.0\ucrt;;C:\Program Files (x86)\Windows Kits\10\Include\10.0.26100.0\um;C:\Program Files (x86)\Windows Kits\10\Include\10.0.26100.0\shared;C:\Program Files (x86)\Windows Kits\10\Include\10.0.26100.0\winrt;C:\Program Files (x86)\Windows Kits\10\Include\10.0.26100.0\cppwinrt;C:\Program Files (x86)\Windows Kits\NETFXSDK\4.8.1\Include\um;
Ejecuci├│n de la tarea "SetEnv" terminada.
Se omiti├│ la tarea "SetEnv" debido a una condici├│n falsa (False); ('$(RunMsvcAnalysis)'=='true' and '$(VCCodeAnalysisUX)'=='true') se evalu├│ como ('false'=='true' and ''=='true').
Compilaci├│n terminada del destino "SetCABuildNativeEnvironmentVariables" en el proyecto "Search Lobbys.vcxproj".
Destino "PrepareForBuild" en el archivo "C:\Program Files\Microsoft Visual Studio\2022\Community\MSBuild\Microsoft\VC\v170\Microsoft.CppBuild.targets" del proyecto "c:\Users\Usuario\source\repos\Search Lobbys\Search Lobbys.vcxproj" (el destino "ResolveAssemblyReferences" depende de ├®l):
C:\Program Files\Microsoft Visual Studio\2022\Community\MSBuild\Microsoft\VC\v170\Microsoft.CppBuild.targets(429,7): message : Reasignaci├│n de propiedad: $(BuildProjectReferences)="false" (valor anterior: "true") en C:\Program Files\Microsoft Visual Studio\2022\Community\MSBuild\Microsoft\VC\v170\Microsoft.CppBuild.targets (429,7) [c:\Users\Usuario\source\repos\Search Lobbys\Search Lobbys.vcxproj]
Se omiti├│ la tarea "VCMessage" debido a una condici├│n falsa (False); ('$(PlatformToolset)' == '' and '$(DesignTimeBuild)' != 'true' and '$(_ToolsetFound)' != 'true') se evalu├│ como ('v143' == '' and '' != 'true' and 'true' != 'true').
Se omiti├│ la tarea "VCMessage" debido a una condici├│n falsa (False); ('$(DesignTimeBuild)' != 'true' and '$(ConfigurationPlatformExists)' != 'true') se evalu├│ como ('' != 'true' and 'true' != 'true').
Se omiti├│ la tarea "VCMessage" debido a una condici├│n falsa (False); ('$(ApplicationType)' == '' and '$(DesignTimeBuild)' != 'true' and '$(_ToolsetFound)' != 'true') se evalu├│ como ('' == '' and '' != 'true' and 'true' != 'true').
Se omiti├│ la tarea "VCMessage" debido a una condici├│n falsa (False); ('$(ApplicationType)' != '' and '$(DesignTimeBuild)' != 'true' and '$(_ToolsetFound)' != 'true') se evalu├│ como ('' != '' and '' != 'true' and 'true' != 'true').
Tarea "MakeDir"
Ejecuci├│n de la tarea "MakeDir" terminada.
Se omiti├│ la tarea "VCMessage" debido a una condici├│n falsa (False); ('$(DesignTimeBuild)'!='true' and '$(WindowsAppContainer)'=='true' and '$(ConfigurationType)'!='Application' and '$(ConfigurationType)'!='DynamicLibrary' and '$(ConfigurationType)'!='StaticLibrary') se evalu├│ como (''!='true' and 'false'=='true' and 'Application'!='Application' and 'Application'!='DynamicLibrary' and 'Application'!='StaticLibrary').
Se omiti├│ la tarea "VCMessage" debido a una condici├│n falsa (False); ('$(DesignTimeBuild)'!='true' and '$(VCToolsInstallDir)'=='' and '$(UseEnv)' != 'true' and ('$(TargetFrameworkVersion)'=='v3.5' or '$(TargetFrameworkVersion)'=='v3.0' or '$(TargetFrameworkVersion)'=='v2.0' )) se evalu├│ como (''!='true' and 'C:\Program Files\Microsoft Visual Studio\2022\Community\VC\Tools\MSVC\14.44.35207\'=='' and '' != 'true' and (''=='v3.5' or ''=='v3.0' or ''=='v2.0' )).
Se omiti├│ la tarea "VCMessage" debido a una condici├│n falsa (False); ('$(DesignTimeBuild)'!='true' and '$(VCToolsInstallDir)'=='' and '$(UseEnv)' != 'true' and '$(PlatformToolset)'=='v90') se evalu├│ como (''!='true' and 'C:\Program Files\Microsoft Visual Studio\2022\Community\VC\Tools\MSVC\14.44.35207\'=='' and '' != 'true' and 'v143'=='v90').
Usando la tarea "CheckVCToolsetVersion" del ensamblado "C:\Program Files\Microsoft Visual Studio\2022\Community\MSBuild\Microsoft\VC\v170\Microsoft.Build.CppTasks.Common.dll".
Tarea "CheckVCToolsetVersion"
Ejecuci├│n de la tarea "CheckVCToolsetVersion" terminada.
Se omiti├│ la tarea "VCMessage" debido a una condici├│n falsa (False); ('$(CheckMFCInstalled)' == 'true' and !Exists($(MFC_KeyFile)) and '$(SpectreLibs)' == '') se evalu├│ como ('' == 'true' and !Exists(C:\Program Files\Microsoft Visual Studio\2022\Community\VC\Tools\MSVC\14.44.35207\atlmfc\lib\x64\mfcs140.lib) and '' == '').
Se omiti├│ la tarea "VCMessage" debido a una condici├│n falsa (False); ('$(CheckMFCInstalled)' == 'true' and !Exists($(MFC_KeyFile)) and '$(SpectreLibs)' != '') se evalu├│ como ('' == 'true' and !Exists(C:\Program Files\Microsoft Visual Studio\2022\Community\VC\Tools\MSVC\14.44.35207\atlmfc\lib\x64\mfcs140.lib) and '' != '').
Se omiti├│ la tarea "VCMessage" debido a una condici├│n falsa (False); ('$(CheckATLInstalled)' == 'true' and !Exists($(ATL_KeyFile)) and '$(SpectreLibs)' == '') se evalu├│ como ('' == 'true' and !Exists(C:\Program Files\Microsoft Visual Studio\2022\Community\VC\Tools\MSVC\14.44.35207\atlmfc\lib\x64\atls.lib) and '' == '').
Se omiti├│ la tarea "VCMessage" debido a una condici├│n falsa (False); ('$(CheckATLInstalled)' == 'true' and !Exists($(ATL_KeyFile)) and '$(SpectreLibs)' != '') se evalu├│ como ('' == 'true' and !Exists(C:\Program Files\Microsoft Visual Studio\2022\Community\VC\Tools\MSVC\14.44.35207\atlmfc\lib\x64\atls.lib) and '' != '').
Se omiti├│ la tarea "VCMessage" debido a una condici├│n falsa (False); ('$(DesignTimeBuild)' != 'true' and
                                                        '$(CheckMSVCComponents)'=='true' and
                                                        '$(SpectreMitigation)' != '' and
                                                        '$(SpectreMitigation)' != 'false' and
                                                        (('$(VC_Target_Library_Platform)' == 'OneCore' and !Exists('$(VC_LibraryPath_VC_OneCore_CurrentPlatform_spectre)')) or
                                                         ('$(VC_Target_Library_Platform)' == 'Desktop' and !Exists('$(VC_LibraryPath_VC_Desktop_CurrentPlatform_spectre)')))) se evalu├│ como ('' != 'true' and
                                                        'true'=='true' and
                                                        'false' != '' and
                                                        'false' != 'false' and
                                                        (('Desktop' == 'OneCore' and !Exists('C:\Program Files\Microsoft Visual Studio\2022\Community\VC\Tools\MSVC\14.44.35207\lib\spectre\onecore\x64')) or
                                                         ('Desktop' == 'Desktop' and !Exists('C:\Program Files\Microsoft Visual Studio\2022\Community\VC\Tools\MSVC\14.44.35207\lib\spectre\x64')))).
Se omiti├│ la tarea "VCMessage" debido a una condici├│n falsa (False); ('$(DesignTimeBuild)'!='true' and '$(VCToolsInstallDir)'=='' and '$(UseEnv)' != 'true'  and '$(CheckMSVCComponents)'=='true') se evalu├│ como (''!='true' and 'C:\Program Files\Microsoft Visual Studio\2022\Community\VC\Tools\MSVC\14.44.35207\'=='' and '' != 'true'  and 'true'=='true').
Se omiti├│ la tarea "VCMessage" debido a una condici├│n falsa (False); ('$(DesignTimeBuild)'!='true' and '$(WindowsSDKDir)'=='' and '$(UseEnv)' != 'true') se evalu├│ como (''!='true' and 'C:\Program Files (x86)\Windows Kits\10\'=='' and '' != 'true').
Se omiti├│ la tarea "VCMessage" debido a una condici├│n falsa (False); ('$(DesignTimeBuild)'!='true' and '$(IntDirTrailingSlashWarning)'=='true') se evalu├│ como (''!='true' and ''=='true').
Se omiti├│ la tarea "VCMessage" debido a una condici├│n falsa (False); ('$(DesignTimeBuild)'!='true' and '$(OutDirTrailingSlashWarning)'=='true') se evalu├│ como (''!='true' and ''=='true').
Se omiti├│ la tarea "VCMessage" debido a una condici├│n falsa (False); ('%(CompatibilityIssues.Identity)' != '' and '$(DesignTimeBuild)'!='true') se evalu├│ como ('' != '' and ''!='true').
Se omiti├│ la tarea "VCMessage" debido a una condici├│n falsa (False); ('$(IgnoreWarnIntDirSharingDetected)' != 'true' and '$(IntDirSharingDetected)' == 'true') se evalu├│ como ('' != 'true' and '' == 'true').
C:\Program Files\Microsoft Visual Studio\2022\Community\MSBuild\Microsoft\VC\v170\Microsoft.CppBuild.targets(543,7): message : Propiedad "TMP" con el valor "C:\Users\Usuario\AppData\Local\Temp" expandido desde el entorno. [c:\Users\Usuario\source\repos\Search Lobbys\Search Lobbys.vcxproj]
C:\Program Files\Microsoft Visual Studio\2022\Community\MSBuild\Microsoft\VC\v170\Microsoft.CppBuild.targets(544,7): message : Propiedad "TEMP" con el valor "C:\Users\Usuario\AppData\Local\Temp" expandido desde el entorno. [c:\Users\Usuario\source\repos\Search Lobbys\Search Lobbys.vcxproj]
Se omiti├│ la tarea "VCMessage" debido a una condici├│n falsa (False); ('$(DesignTimeBuild)'!='true' and '$(IgnoreWarnIntDirInTempDetected)' != 'true' and ('$(IntDirFullPath.StartsWith($(_Tmp), true, null))' == 'true' or '$(IntDirFullPath.StartsWith($(_Temp), true, null))' == 'true' or '$(OutDirFullPath.StartsWith($(_Tmp), true, null))' == 'true' or '$(OutDirFullPath.StartsWith($(_Temp), true, null))' == 'true')) se evalu├│ como (''!='true' and '' != 'true' and ('False' == 'true' or 'False' == 'true' or 'False' == 'true' or 'False' == 'true')).
Usando la tarea "VCMessage" del ensamblado "C:\Program Files\Microsoft Visual Studio\2022\Community\MSBuild\Microsoft\VC\v170\Microsoft.Build.CppTasks.Common.dll".
Tarea "VCMessage"
  La salida estructurada est├í habilitada. El formato del diagn├│stico del compilador reflejar├í la jerarqu├¡a de errores. Consulte https://aka.ms/cpp/structured-output para obtener m├ís detalles.
Ejecuci├│n de la tarea "VCMessage" terminada.
Tarea "MakeDir"
Ejecuci├│n de la tarea "MakeDir" terminada.
Compilaci├│n terminada del destino "PrepareForBuild" en el proyecto "Search Lobbys.vcxproj".
Se omiti├│ el destino "_PrepareForReferenceResolution". Compilado previamente de forma correcta.
Se omiti├│ el destino "ComputeCrtSDKReference" debido a una condici├│n falsa (False); ('@(ClCompile)'!='' and '$(WindowsAppContainer)'=='true' and '$(UseCrtSDKReference)' != 'false') se evalu├│ como ('Search Lobbys.cpp'!='' and 'false'=='true' and '' != 'false').
Se omiti├│ el destino "GetInstalledSDKLocations" debido a una condici├│n falsa (False); ('@(SDKReference)' != '') se evalu├│ como ('' != '').
Destino "ResolveSDKReferences" en el archivo "C:\Program Files\Microsoft Visual Studio\2022\Community\MSBuild\Current\Bin\Microsoft.Common.CurrentVersion.targets" del proyecto "c:\Users\Usuario\source\repos\Search Lobbys\Search Lobbys.vcxproj" (el destino "ResolveAssemblyReferences" depende de ├®l):
Se omiti├│ la tarea "ResolveSDKReference" debido a una condici├│n falsa (False); ('@(SDKReference)'!='') se evalu├│ como (''!='').
Compilaci├│n terminada del destino "ResolveSDKReferences" en el proyecto "Search Lobbys.vcxproj".
Se omiti├│ el destino "ResolveSDKReferences". Compilado previamente de forma correcta.
Destino "ExpandSDKReferences" en el archivo "C:\Program Files\Microsoft Visual Studio\2022\Community\MSBuild\Current\Bin\Microsoft.Common.CurrentVersion.targets" del proyecto "c:\Users\Usuario\source\repos\Search Lobbys\Search Lobbys.vcxproj" (el destino "ResolveAssemblyReferences" depende de ├®l):
Se omiti├│ la tarea "GetSDKReferenceFiles" debido a una condici├│n falsa (False); ('@(ResolvedSDKReference)'!='') se evalu├│ como (''!='').
Compilaci├│n terminada del destino "ExpandSDKReferences" en el proyecto "Search Lobbys.vcxproj".
Se omiti├│ el destino "ResolveNuGetPackageAssets" debido a una condici├│n falsa (False); ('$(ResolveNuGetPackages)' == 'true' and exists('$(ProjectLockFile)')) se evalu├│ como ('true' == 'true' and exists('obj\project.assets.json')).
Destino "ResolveAssemblyReferences" en el archivo "C:\Program Files\Microsoft Visual Studio\2022\Community\MSBuild\Current\Bin\Microsoft.Common.CurrentVersion.targets" del proyecto "c:\Users\Usuario\source\repos\Search Lobbys\Search Lobbys.vcxproj" (el destino "ResolveReferences" depende de ├®l):
Se omiti├│ la tarea "ResolveAssemblyReference" debido a una condici├│n falsa (False); ('@(Reference)'!='' or '@(_ResolvedProjectReferencePaths)'!='' or '@(_ExplicitReference)' != '') se evalu├│ como (''!='' or ''!='' or '' != '').
Compilaci├│n terminada del destino "ResolveAssemblyReferences" en el proyecto "Search Lobbys.vcxproj".
Se omiti├│ el destino "GenerateBindingRedirects" debido a una condici├│n falsa (False); ('$(AutoGenerateBindingRedirects)' == 'true' and '$(GenerateBindingRedirectsOutputType)' == 'true' and '@(SuggestedBindingRedirects)' != '' and '$(DesignTimeBuild)' != 'true' and '$(BuildingProject)' == 'true') se evalu├│ como ('' == 'true' and 'true' == 'true' and '' != '' and '' != 'true' and 'true' == 'true').
Se omiti├│ el destino "GenerateBindingRedirectsUpdateAppConfig" debido a una condici├│n falsa (False); ('$(AutoGenerateBindingRedirects)' == 'true' and '$(GenerateBindingRedirectsOutputType)' == 'true') se evalu├│ como ('' == 'true' and 'true' == 'true').
Se omiti├│ el destino "ResolveComReferences" debido a una condici├│n falsa (False); ('@(COMReference)'!='' or '@(COMFileReference)'!='') se evalu├│ como (''!='' or ''!='').
Destino "AfterResolveReferences" en el archivo "C:\Program Files\Microsoft Visual Studio\2022\Community\MSBuild\Current\Bin\Microsoft.Common.CurrentVersion.targets" del proyecto "c:\Users\Usuario\source\repos\Search Lobbys\Search Lobbys.vcxproj" (el destino "ResolveReferences" depende de ├®l):
Compilaci├│n terminada del destino "AfterResolveReferences" en el proyecto "Search Lobbys.vcxproj".
Se omiti├│ el destino "ResolveTestReferences" debido a una condici├│n falsa (False); ('@(Shadow)'!='') se evalu├│ como (''!='').
Destino "ResolveReferences" en el archivo "C:\Program Files\Microsoft Visual Studio\2022\Community\MSBuild\Current\Bin\Microsoft.Common.CurrentVersion.targets" del proyecto "c:\Users\Usuario\source\repos\Search Lobbys\Search Lobbys.vcxproj" (el destino "Build" depende de ├®l):
Compilaci├│n terminada del destino "ResolveReferences" en el proyecto "Search Lobbys.vcxproj".
Se omiti├│ el destino "PrepareForBuild". Compilado previamente de forma correcta.
Se omiti├│ el destino "PrepareForBuild". Compilado previamente de forma correcta.
Destino "InitializeBuildStatus" en el archivo "C:\Program Files\Microsoft Visual Studio\2022\Community\MSBuild\Microsoft\VC\v170\Microsoft.CppBuild.targets" del proyecto "c:\Users\Usuario\source\repos\Search Lobbys\Search Lobbys.vcxproj" (el destino "Build" depende de ├®l):
Tarea "ReadLinesFromFile"
Ejecuci├│n de la tarea "ReadLinesFromFile" terminada.
Tarea "WriteLinesToFile"
Ejecuci├│n de la tarea "WriteLinesToFile" terminada.
Usando la tarea "Touch" del ensamblado "Microsoft.Build.Tasks.Core, Version=15.1.0.0, Culture=neutral, PublicKeyToken=b03f5f7f11d50a3a".
Tarea "Touch"
  Aplicando tarea Touch a "Search Lobbys\x64\Release\Search Lobbys.tlog\unsuccessfulbuild".
Ejecuci├│n de la tarea "Touch" terminada.
Compilaci├│n terminada del destino "InitializeBuildStatus" en el proyecto "Search Lobbys.vcxproj".
Se omiti├│ el destino "PrepareProjectReferences". Compilado previamente de forma correcta.
Destino "BuildGenerateSourcesTraverse" en el archivo "C:\Program Files\Microsoft Visual Studio\2022\Community\MSBuild\Current\Bin\Microsoft.Common.CurrentVersion.targets" del proyecto "c:\Users\Usuario\source\repos\Search Lobbys\Search Lobbys.vcxproj" (el destino "BuildGenerateSources" depende de ├®l):
Se omiti├│ la tarea "MSBuild" debido a una condici├│n falsa (False); ('$(BuildPassReferences)' == 'true' and '@(ProjectReferenceWithConfiguration)' != '' and '@(_MSBuildProjectReferenceExistent)' != '' and '%(_MSBuildProjectReferenceExistent.BuildReference)' == 'true') se evalu├│ como ('' == 'true' and '' != '' and '' != '' and '' == 'true').
Compilaci├│n terminada del destino "BuildGenerateSourcesTraverse" en el proyecto "Search Lobbys.vcxproj".
Se omiti├│ el destino "PrepareForBuild". Compilado previamente de forma correcta.
Se omiti├│ el destino "ResolveReferences". Compilado previamente de forma correcta.
Destino "BeforeBuildGenerateSources" en el archivo "C:\Program Files\Microsoft Visual Studio\2022\Community\MSBuild\Microsoft\VC\v170\Microsoft.BuildSteps.Targets" del proyecto "c:\Users\Usuario\source\repos\Search Lobbys\Search Lobbys.vcxproj" (el destino "_BuildGenerateSourcesAction" depende de ├®l):
Compilaci├│n terminada del destino "BeforeBuildGenerateSources" en el proyecto "Search Lobbys.vcxproj".
Destino "PreBuildEvent" en el archivo "C:\Program Files\Microsoft Visual Studio\2022\Community\MSBuild\Microsoft\VC\v170\Microsoft.CppCommon.targets" del proyecto "c:\Users\Usuario\source\repos\Search Lobbys\Search Lobbys.vcxproj" (el destino "_BuildGenerateSourcesAction" depende de ├®l):
Se omiti├│ la tarea "Message" debido a una condici├│n falsa (False); ('%(PreBuildEvent.Message)' != '' and '%(PreBuildEvent.Command)' != '') se evalu├│ como ('' != '' and '' != '').
Se omiti├│ la tarea "Exec" debido a una condici├│n falsa (False); ('%(PreBuildEvent.Command)' != '') se evalu├│ como ('' != '').
Compilaci├│n terminada del destino "PreBuildEvent" en el proyecto "Search Lobbys.vcxproj".
Se omiti├│ el destino "PrepareForBuild". Compilado previamente de forma correcta.
Se omiti├│ el destino "InitializeBuildStatus". Compilado previamente de forma correcta.
Se omiti├│ el destino "SetBuildDefaultEnvironmentVariables". Compilado previamente de forma correcta.
Se omiti├│ el destino "SetUserMacroEnvironmentVariables" debido a una condici├│n falsa (False); ('@(BuildMacro)' != '' and '$(DesignTimeBuild)' != 'true') se evalu├│ como ('' != '' and '' != 'true').
Destino "_SelectedFiles" en el archivo "C:\Program Files\Microsoft Visual Studio\2022\Community\MSBuild\Microsoft\VC\v170\Microsoft.CppBuild.targets" del proyecto "c:\Users\Usuario\source\repos\Search Lobbys\Search Lobbys.vcxproj" (el destino "SelectCustomBuild" depende de ├®l):
Compilaci├│n terminada del destino "_SelectedFiles" en el proyecto "Search Lobbys.vcxproj".
Destino "SelectCustomBuild" en el archivo "C:\Program Files\Microsoft Visual Studio\2022\Community\MSBuild\Microsoft\VC\v170\Microsoft.CppBuild.targets" del proyecto "c:\Users\Usuario\source\repos\Search Lobbys\Search Lobbys.vcxproj" (el destino "CustomBuild" depende de ├®l):
Compilaci├│n terminada del destino "SelectCustomBuild" en el proyecto "Search Lobbys.vcxproj".
Destino "ComputeCustomBuildOutput" en el archivo "C:\Program Files\Microsoft Visual Studio\2022\Community\MSBuild\Microsoft\VC\v170\Microsoft.CppBuild.targets" del proyecto "c:\Users\Usuario\source\repos\Search Lobbys\Search Lobbys.vcxproj" (el destino "CustomBuild" depende de ├®l):
Se omiti├│ la tarea "CreateItem" debido a una condici├│n falsa (False); ('%(CustomBuildOutputs.OutputItemType)'!='') se evalu├│ como (''!='').
Tarea "MakeDir"
Ejecuci├│n de la tarea "MakeDir" terminada.
Compilaci├│n terminada del destino "ComputeCustomBuildOutput" en el proyecto "Search Lobbys.vcxproj".
Destino "CustomBuild" en el archivo "C:\Program Files\Microsoft Visual Studio\2022\Community\MSBuild\Microsoft\VC\v170\Microsoft.CppCommon.targets" del proyecto "c:\Users\Usuario\source\repos\Search Lobbys\Search Lobbys.vcxproj" (el destino "_BuildGenerateSourcesAction" depende de ├®l):
Usando la tarea "GetOutOfDateItems" del ensamblado "C:\Program Files\Microsoft Visual Studio\2022\Community\MSBuild\Microsoft\VC\v170\Microsoft.Build.CppTasks.Common.dll".
Tarea "GetOutOfDateItems"
Ejecuci├│n de la tarea "GetOutOfDateItems" terminada.
Tarea "GetOutOfDateItems"
Ejecuci├│n de la tarea "GetOutOfDateItems" terminada.
Se omiti├│ la tarea "ParallelCustomBuild" debido a una condici├│n falsa (False); ('@(_ParallelCustomBuild)' != '') se evalu├│ como ('' != '').
Se omiti├│ la tarea "CustomBuild" debido a una condici├│n falsa (False); ('@(_CustomBuild)' != '') se evalu├│ como ('' != '').
Compilaci├│n terminada del destino "CustomBuild" en el proyecto "Search Lobbys.vcxproj".
Se omiti├│ el destino "FxExport" debido a una condici├│n falsa (False); ('@(FxCompile)' != '') se evalu├│ como ('' != '').
Se omiti├│ el destino "FxCompile" debido a una condici├│n falsa (False); ('@(FxCompile)' != '') se evalu├│ como ('' != '').
Se omiti├│ el destino "_CreateCopyFileItems" debido a una condici├│n falsa (False); ('@(CopyFileToFolders)' != '') se evalu├│ como ('' != '').
Se omiti├│ el destino "_SelectedFiles". Compilado previamente de forma correcta.
Destino "CopyFileToFolders" en el archivo "C:\Program Files\Microsoft Visual Studio\2022\Community\MSBuild\Microsoft\VC\v170\Microsoft.CppCommon.targets" del proyecto "c:\Users\Usuario\source\repos\Search Lobbys\Search Lobbys.vcxproj" (el destino "_BuildGenerateSourcesAction" depende de ├®l):
Tarea "GetOutOfDateItems"
Ejecuci├│n de la tarea "GetOutOfDateItems" terminada.
Se omiti├│ la tarea "Copy" debido a una condici├│n falsa (False); ('@(_OutOfDateCopyFile)' != '') se evalu├│ como ('' != '').
Compilaci├│n terminada del destino "CopyFileToFolders" en el proyecto "Search Lobbys.vcxproj".
Se omiti├│ el destino "Xsd" debido a una condici├│n falsa (False); ('@(Xsd)' != '') se evalu├│ como ('' != '').
Destino "_Xsd" en el archivo "C:\Program Files\Microsoft Visual Studio\2022\Community\MSBuild\Microsoft\VC\v170\Microsoft.CppBuild.targets" del proyecto "c:\Users\Usuario\source\repos\Search Lobbys\Search Lobbys.vcxproj" (el destino "_BuildGenerateSourcesAction" depende de ├®l):
Compilaci├│n terminada del destino "_Xsd" en el proyecto "Search Lobbys.vcxproj".
Destino "MakeDirsForMidl" en el archivo "C:\Program Files\Microsoft Visual Studio\2022\Community\MSBuild\Microsoft\VC\v170\Microsoft.CppBuild.targets" del proyecto "c:\Users\Usuario\source\repos\Search Lobbys\Search Lobbys.vcxproj" (el destino "_Midl" depende de ├®l):
Tarea "Makedir"
Ejecuci├│n de la tarea "Makedir" terminada.
Compilaci├│n terminada del destino "MakeDirsForMidl" en el proyecto "Search Lobbys.vcxproj".
Se omiti├│ el destino "Midl" debido a una condici├│n falsa (False); ('@(Midl)' != '') se evalu├│ como ('' != '').
Se omiti├│ el destino "FxExport" debido a una condici├│n falsa (False); ('@(FxCompile)' != '') se evalu├│ como ('' != '').
Se omiti├│ el destino "FxCompile" debido a una condici├│n falsa (False); ('@(FxCompile)' != '') se evalu├│ como ('' != '').
Destino "ComputeMIDLGeneratedCompileInputs" en el archivo "C:\Program Files\Microsoft Visual Studio\2022\Community\MSBuild\Microsoft\VC\v170\Microsoft.CppBuild.targets" del proyecto "c:\Users\Usuario\source\repos\Search Lobbys\Search Lobbys.vcxproj" (el destino "_Midl" depende de ├®l):
Compilaci├│n terminada del destino "ComputeMIDLGeneratedCompileInputs" en el proyecto "Search Lobbys.vcxproj".
Destino "AfterMidl" en el archivo "C:\Program Files\Microsoft Visual Studio\2022\Community\MSBuild\Microsoft\VC\v170\Microsoft.CppBuild.targets" del proyecto "c:\Users\Usuario\source\repos\Search Lobbys\Search Lobbys.vcxproj" (el destino "_Midl" depende de ├®l):
Compilaci├│n terminada del destino "AfterMidl" en el proyecto "Search Lobbys.vcxproj".
Destino "_Midl" en el archivo "C:\Program Files\Microsoft Visual Studio\2022\Community\MSBuild\Microsoft\VC\v170\Microsoft.CppBuild.targets" del proyecto "c:\Users\Usuario\source\repos\Search Lobbys\Search Lobbys.vcxproj" (el destino "_BuildGenerateSourcesAction" depende de ├®l):
Compilaci├│n terminada del destino "_Midl" en el proyecto "Search Lobbys.vcxproj".
Destino "AfterBuildGenerateSources" en el archivo "C:\Program Files\Microsoft Visual Studio\2022\Community\MSBuild\Microsoft\VC\v170\Microsoft.BuildSteps.Targets" del proyecto "c:\Users\Usuario\source\repos\Search Lobbys\Search Lobbys.vcxproj" (el destino "_BuildGenerateSourcesAction" depende de ├®l):
Compilaci├│n terminada del destino "AfterBuildGenerateSources" en el proyecto "Search Lobbys.vcxproj".
Destino "AfterBuildGenerateSourcesEvent" en el archivo "C:\Program Files\Microsoft Visual Studio\2022\Community\MSBuild\Microsoft\VC\v170\Microsoft.CppBuild.targets" del proyecto "c:\Users\Usuario\source\repos\Search Lobbys\Search Lobbys.vcxproj" (el destino "_BuildGenerateSourcesAction" depende de ├®l):
Compilaci├│n terminada del destino "AfterBuildGenerateSourcesEvent" en el proyecto "Search Lobbys.vcxproj".
Destino "_BuildGenerateSourcesAction" en el archivo "C:\Program Files\Microsoft Visual Studio\2022\Community\MSBuild\Microsoft\VC\v170\Microsoft.CppBuild.targets" del proyecto "c:\Users\Usuario\source\repos\Search Lobbys\Search Lobbys.vcxproj" (el destino "BuildGenerateSources" depende de ├®l):
Compilaci├│n terminada del destino "_BuildGenerateSourcesAction" en el proyecto "Search Lobbys.vcxproj".
Destino "BuildGenerateSources" en el archivo "C:\Program Files\Microsoft Visual Studio\2022\Community\MSBuild\Current\Bin\Microsoft.Common.CurrentVersion.targets" del proyecto "c:\Users\Usuario\source\repos\Search Lobbys\Search Lobbys.vcxproj" (el destino "Build" depende de ├®l):
Compilaci├│n terminada del destino "BuildGenerateSources" en el proyecto "Search Lobbys.vcxproj".
Se omiti├│ el destino "PrepareProjectReferences". Compilado previamente de forma correcta.
Destino "BuildCompileTraverse" en el archivo "C:\Program Files\Microsoft Visual Studio\2022\Community\MSBuild\Current\Bin\Microsoft.Common.CurrentVersion.targets" del proyecto "c:\Users\Usuario\source\repos\Search Lobbys\Search Lobbys.vcxproj" (el destino "BuildCompile" depende de ├®l):
Se omiti├│ la tarea "MSBuild" debido a una condici├│n falsa (False); ('$(BuildPassReferences)' == 'true' and '@(ProjectReferenceWithConfiguration)' != '' and '@(_MSBuildProjectReferenceExistent)' != ''  and '%(_MSBuildProjectReferenceExistent.BuildReference)' == 'true') se evalu├│ como ('' == 'true' and '' != '' and '' != ''  and '' == 'true').
Compilaci├│n terminada del destino "BuildCompileTraverse" en el proyecto "Search Lobbys.vcxproj".
Se omiti├│ el destino "PrepareForBuild". Compilado previamente de forma correcta.
Se omiti├│ el destino "ResolveReferences". Compilado previamente de forma correcta.
Destino "BeforeClCompile" en el archivo "C:\Program Files\Microsoft Visual Studio\2022\Community\MSBuild\Microsoft\VC\v170\Microsoft.CppBuild.targets" del proyecto "c:\Users\Usuario\source\repos\Search Lobbys\Search Lobbys.vcxproj" (el destino "_ClCompile" depende de ├®l):
Compilaci├│n terminada del destino "BeforeClCompile" en el proyecto "Search Lobbys.vcxproj".
Se omiti├│ el destino "GenerateTargetFrameworkMonikerAttribute" debido a una condici├│n falsa (False); ('$(GenerateTargetFrameworkAttribute)' == 'true') se evalu├│ como ('false' == 'true').
Se omiti├│ el destino "ComputeMIDLGeneratedCompileInputs". Compilado previamente de forma correcta.
Destino "ComputeCLInputPDBName" en el archivo "C:\Program Files\Microsoft Visual Studio\2022\Community\MSBuild\Microsoft\VC\v170\Microsoft.CppBuild.targets" del proyecto "c:\Users\Usuario\source\repos\Search Lobbys\Search Lobbys.vcxproj" (el destino "_ClCompile" depende de ├®l):
Compilaci├│n terminada del destino "ComputeCLInputPDBName" en el proyecto "Search Lobbys.vcxproj".
Se omiti├│ el destino "ResolveReferences". Compilado previamente de forma correcta.
Destino "FindReferenceAssembliesForReferences" en el archivo "C:\Program Files\Microsoft Visual Studio\2022\Community\MSBuild\Current\Bin\Microsoft.Common.CurrentVersion.targets" del proyecto "c:\Users\Usuario\source\repos\Search Lobbys\Search Lobbys.vcxproj" (el destino "ComputeReferenceCLInput" depende de ├®l):
Compilaci├│n terminada del destino "FindReferenceAssembliesForReferences" en el proyecto "Search Lobbys.vcxproj".
Destino "GetReferencedVCProjectsInfo" en el archivo "C:\Program Files\Microsoft Visual Studio\2022\Community\MSBuild\Microsoft\VC\v170\Microsoft.CppBuild.targets" del proyecto "c:\Users\Usuario\source\repos\Search Lobbys\Search Lobbys.vcxproj" (el destino "ComputeReferenceCLInput" depende de ├®l):
Se omiti├│ la tarea "MSBuild" debido a una condici├│n falsa (False); ('%(_MSBuildProjectReferenceExistent.Extension)' == '.vcxproj' and '@(ProjectReferenceWithConfiguration)' != '' and '@(_MSBuildProjectReferenceExistent)' != '') se evalu├│ como ('' == '.vcxproj' and '' != '' and '' != '').
Compilaci├│n terminada del destino "GetReferencedVCProjectsInfo" en el proyecto "Search Lobbys.vcxproj".
Destino "ComputeReferenceCLInput" en el archivo "C:\Program Files\Microsoft Visual Studio\2022\Community\MSBuild\Microsoft\VC\v170\Microsoft.CppBuild.targets" del proyecto "c:\Users\Usuario\source\repos\Search Lobbys\Search Lobbys.vcxproj" (el destino "_ClCompile" depende de ├®l):
Se omiti├│ la tarea "WriteLinesToFile" debido a una condici├│n falsa (False); ('@(_ReferenceOutputsToCopyLocally)'!='' and '$(DesignTimeBuild)' != 'true' and '$(TrackFileAccess)' == 'true') se evalu├│ como (''!='' and '' != 'true' and 'true' == 'true').
Se omiti├│ la tarea "WriteLinesToFile" debido a una condici├│n falsa (False); ('@(_ReferenceOutputsToCopyLocally)'!='' and '$(DesignTimeBuild)' != 'true' and '$(TrackFileAccess)' == 'true') se evalu├│ como (''!='' and '' != 'true' and 'true' == 'true').
Se omiti├│ la tarea "Message" debido a una condici├│n falsa (False); ('$(_REFERENCE_DEBUG)'=='true') se evalu├│ como (''=='true').
Compilaci├│n terminada del destino "ComputeReferenceCLInput" en el proyecto "Search Lobbys.vcxproj".
Destino "WarnCompileDuplicatedFilename" en el archivo "C:\Program Files\Microsoft Visual Studio\2022\Community\MSBuild\Microsoft\VC\v170\Microsoft.CppBuild.targets" del proyecto "c:\Users\Usuario\source\repos\Search Lobbys\Search Lobbys.vcxproj" (el destino "_ClCompile" depende de ├®l):
Se omiti├│ la tarea "VCMessage" debido a una condici├│n falsa (False); ('%(ClCompile.ExcludedFromBuild)' != 'true' and '%(Filename)%(Extension)' != '@(ClCompile->'%(Filename)%(Extension)')' and '%(ObjectFileName)' == '@(ClCompile->Metadata(ObjectFileName)->Distinct())') se evalu├│ como ('' != 'true' and 'Search Lobbys.cpp' != 'Search Lobbys.cpp' and 'Search Lobbys\x64\Release\' == 'Search Lobbys\x64\Release\').
Compilaci├│n terminada del destino "WarnCompileDuplicatedFilename" en el proyecto "Search Lobbys.vcxproj".
Destino "SetCppLanguageStandardCapabilities" en el archivo "C:\Program Files\Microsoft Visual Studio\2022\Community\MSBuild\Microsoft\VC\v170\Microsoft.CppCommon.targets" del proyecto "c:\Users\Usuario\source\repos\Search Lobbys\Search Lobbys.vcxproj" (el destino "ComputeStdModulesCompileInputs" depende de ├®l):
Compilaci├│n terminada del destino "SetCppLanguageStandardCapabilities" en el proyecto "Search Lobbys.vcxproj".
Destino "ComputeStdModulesCompileInputs" en el archivo "C:\Program Files\Microsoft Visual Studio\2022\Community\MSBuild\Microsoft\VC\v170\Microsoft.CppCommon.targets" del proyecto "c:\Users\Usuario\source\repos\Search Lobbys\Search Lobbys.vcxproj" (el destino "_ClCompile" depende de ├®l):
Se omiti├│ la tarea "GetLibraryModuleSources" debido a una condici├│n falsa (False); ('@(LibraryManifests)' != '') se evalu├│ como ('' != '').
Compilaci├│n terminada del destino "ComputeStdModulesCompileInputs" en el proyecto "Search Lobbys.vcxproj".
Se omiti├│ el destino "SetCppLanguageStandardCapabilities". Compilado previamente de forma correcta.
Destino "FixupCLCompileOptions" en el archivo "C:\Program Files\Microsoft Visual Studio\2022\Community\MSBuild\Microsoft\VC\v170\Microsoft.CppCommon.targets" del proyecto "c:\Users\Usuario\source\repos\Search Lobbys\Search Lobbys.vcxproj" (el destino "_ClCompile" depende de ├®l):
Compilaci├│n terminada del destino "FixupCLCompileOptions" en el proyecto "Search Lobbys.vcxproj".
Se omiti├│ el destino "SetModuleDependencies" debido a una condici├│n falsa (False); ('$(DesignTimeBuild)' != 'true' and '$(EnableCppModules)' == 'true') se evalu├│ como ('' != 'true' and '' == 'true').
Destino "MakeDirsForCl" en el archivo "C:\Program Files\Microsoft Visual Studio\2022\Community\MSBuild\Microsoft\VC\v170\Microsoft.CppBuild.targets" del proyecto "c:\Users\Usuario\source\repos\Search Lobbys\Search Lobbys.vcxproj" (el destino "_ClCompile" depende de ├®l):
Tarea "MakeDir"
Ejecuci├│n de la tarea "MakeDir" terminada.
Compilaci├│n terminada del destino "MakeDirsForCl" en el proyecto "Search Lobbys.vcxproj".
Se omiti├│ el destino "_SelectedFiles". Compilado previamente de forma correcta.
Se omiti├│ el destino "GenerateTargetFrameworkMonikerAttribute" debido a una condici├│n falsa (False); ('$(GenerateTargetFrameworkAttribute)' == 'true') se evalu├│ como ('false' == 'true').
Se omiti├│ el destino "ComputeMIDLGeneratedCompileInputs". Compilado previamente de forma correcta.
Se omiti├│ el destino "ComputeCLInputPDBName". Compilado previamente de forma correcta.
Se omiti├│ el destino "ComputeReferenceCLInput". Compilado previamente de forma correcta.
Se omiti├│ el destino "WarnCompileDuplicatedFilename". Compilado previamente de forma correcta.
Se omiti├│ el destino "ComputeStdModulesCompileInputs". Compilado previamente de forma correcta.
Se omiti├│ el destino "FixupCLCompileOptions". Compilado previamente de forma correcta.
Se omiti├│ el destino "SetModuleDependencies" debido a una condici├│n falsa (False); ('$(DesignTimeBuild)' != 'true' and '$(EnableCppModules)' == 'true') se evalu├│ como ('' != 'true' and '' == 'true').
Se omiti├│ el destino "SelectCustomBuild". Compilado previamente de forma correcta.
Se omiti├│ el destino "SetModuleDependencies" debido a una condici├│n falsa (False); ('$(DesignTimeBuild)' != 'true' and '$(EnableCppModules)' == 'true') se evalu├│ como ('' != 'true' and '' == 'true').
Destino "SelectClCompile" en el archivo "C:\Program Files\Microsoft Visual Studio\2022\Community\MSBuild\Microsoft\VC\v170\Microsoft.CppBuild.targets" del proyecto "c:\Users\Usuario\source\repos\Search Lobbys\Search Lobbys.vcxproj" (el destino "ClCompile" depende de ├®l):
Compilaci├│n terminada del destino "SelectClCompile" en el proyecto "Search Lobbys.vcxproj".
Se omiti├│ el destino "SelectAnalysisManifest" debido a una condici├│n falsa (False); ('$(RunMsvcAnalysis)'=='true' and '$(SelectedFiles)'!='') se evalu├│ como ('false'=='true' and ''!='').
Se omiti├│ el destino "ManagedIncrementalBuildPreProcessDependencyGraph" debido a una condici├│n falsa (False); ('@(ClCompile)' != '' and '$(EnableManagedIncrementalBuild)' == 'True') se evalu├│ como ('Search Lobbys.cpp' != '' and 'false' == 'True').
Destino "ClCompile" en el archivo "C:\Program Files\Microsoft Visual Studio\2022\Community\MSBuild\Microsoft\VC\v170\Microsoft.CppCommon.targets" del proyecto "c:\Users\Usuario\source\repos\Search Lobbys\Search Lobbys.vcxproj" (el destino "_ClCompile" depende de ├®l):
Tarea "Delete"
Ejecuci├│n de la tarea "Delete" terminada.
Se omiti├│ la tarea "MultiToolTask" debido a una condici├│n falsa (False); ('%(ClCompile.CompilerIteration)' == 'Modules') se evalu├│ como ('' == 'Modules').
Se omiti├│ la tarea "MultiToolTask" debido a una condici├│n falsa (False); ('%(ClCompile.CompilerIteration)' == '' and '$(MultiProcCL)' == 'true') se evalu├│ como ('' == '' and 'false' == 'true').
Se omiti├│ la tarea "CL" debido a una condici├│n falsa (False); ('%(ClCompile.PrecompiledHeader)' == 'Create' and '%(ClCompile.CompilerIteration)' == '' and '$(MultiProcCL)' != 'true') se evalu├│ como ('NotUsing' == 'Create' and '' == '' and 'false' != 'true').
Usando la tarea "CL" del ensamblado "C:\Program Files\Microsoft Visual Studio\2022\Community\MSBuild\Microsoft\VC\v170\Microsoft.Build.CppTasks.Common.dll".
Tarea "CL"
  Forzando la recompilaci├│n de todos los archivos de c├│digo fuente porque falta el PDB "Search Lobbys\x64\Release\vc143.pdb".
  Variables de entorno pasadas a la herramienta:
    VS_UNICODE_OUTPUT=1876
    SARIF_OUTPUT_PIPE=1884
  C:\Program Files\Microsoft Visual Studio\2022\Community\VC\Tools\MSVC\14.44.35207\bin\HostX86\x64\CL.exe /c /Zi /nologo /W3 /WX- /diagnostics:column /sdl /O2 /Oi /GL /D NDEBUG /D _WINDOWS /D _UNICODE /D UNICODE /Gm- /EHsc /MD /GS /Gy /fp:precise /Zc:wchar_t /Zc:forScope /Zc:inline /permissive- /Fo"Search Lobbys\x64\Release\\" /Fd"Search Lobbys\x64\Release\vc143.pdb" /external:W3 /Gd /TP /FC /errorReport:queue "Search Lobbys.cpp"
  Comando de seguimiento:
  C:\Program Files\Microsoft Visual Studio\2022\Community\MSBuild\Current\Bin\Tracker.exe /d "C:\Program Files (x86)\MSBuild\15.0\FileTracker\FileTracker32.dll" /i "c:\Users\Usuario\source\repos\Search Lobbys\Search Lobbys\x64\Release\Search Lobbys.tlog" /r "C:\USERS\USUARIO\SOURCE\REPOS\SEARCH LOBBYS\SEARCH LOBBYS.CPP" /b MSBuildConsole_CancelEventf206c8fd3732468093913aaa99f09c55  /c "C:\Program Files\Microsoft Visual Studio\2022\Community\VC\Tools\MSVC\14.44.35207\bin\HostX86\x64\CL.exe"  /c /Zi /nologo /W3 /WX- /diagnostics:column /sdl /O2 /Oi /GL /D NDEBUG /D _WINDOWS /D _UNICODE /D UNICODE /Gm- /EHsc /MD /GS /Gy /fp:precise /Zc:wchar_t /Zc:forScope /Zc:inline /permissive- /Fo"Search Lobbys\x64\Release\\" /Fd"Search Lobbys\x64\Release\vc143.pdb" /external:W3 /Gd /TP /FC /errorReport:queue "Search Lobbys.cpp"
  Search Lobbys.cpp
c:\Users\Usuario\source\repos\Search Lobbys\Search Lobbys.cpp(198,22): warning C4267: '=': conversi├│n de 'size_t' a 'int'; posible p├®rdida de datos [c:\Users\Usuario\source\repos\Search Lobbys\Search Lobbys.vcxproj]
C:\Program Files\Microsoft Visual Studio\2022\Community\VC\Tools\MSVC\14.44.35207\include\xutility(4813,18): warning C4244: '=': conversi├│n de 'wchar_t' a 'char'; posible p├®rdida de datos [c:\Users\Usuario\source\repos\Search Lobbys\Search Lobbys.vcxproj]
  (compilando archivo de origen "Search%20Lobbys.cpp")
      C:\Program Files\Microsoft Visual Studio\2022\Community\VC\Tools\MSVC\14.44.35207\include\xutility(4813,18):
      el contexto de creaci├│n de instancias de la plantilla (el m├ís antiguo primero) es
          c:\Users\Usuario\source\repos\Search Lobbys\Search Lobbys.cpp(177,25):
          Vea la referencia a la creaci├│n de una instancia de la funci├│n plantilla "std::basic_string<char,std::char_traits<char>,std::allocator<char>>::basic_string<std::_String_iterator<std::_String_val<std::_Simple_types<_Elem>>>,0>(_Iter,_Iter,const _Alloc &)" que se est├í compilando
          with
          [
              _Elem=wchar_t,
              _Iter=std::_String_iterator<std::_String_val<std::_Simple_types<wchar_t>>>,
              _Alloc=std::allocator<char>
          ]
              c:\Users\Usuario\source\repos\Search Lobbys\Search Lobbys.cpp(177,25):
              vea la primera referencia a ÔÇ£std::basic_string<char,std::char_traits<char>,std::allocator<char>>::basic_stringÔÇØ en ÔÇ£UpdateAppIDFileÔÇØ
          C:\Program Files\Microsoft Visual Studio\2022\Community\VC\Tools\MSVC\14.44.35207\include\xstring(812,17):
          Vea la referencia a la creaci├│n de una instancia de la funci├│n plantilla "void std::basic_string<char,std::char_traits<char>,std::allocator<char>>::_Construct_from_iter<wchar_t*,wchar_t*,_Size_type>(_Iter,const _Sent,_Size)" que se est├í compilando
          with
          [
              _Size_type=unsigned __int64,
              _Iter=wchar_t *,
              _Sent=wchar_t *,
              _Size=unsigned __int64
          ]
          C:\Program Files\Microsoft Visual Studio\2022\Community\VC\Tools\MSVC\14.44.35207\include\xstring(968,18):
          Vea la referencia a la creaci├│n de una instancia de la funci├│n plantilla "_OutIt *std::_Copy_n_unchecked4<wchar_t*,_Size,char*>(_InIt,_SizeTy,_OutIt)" que se est├í compilando
          with
          [
              _OutIt=char *,
              _Size=unsigned __int64,
              _InIt=wchar_t *,
              _SizeTy=unsigned __int64
          ]
  
Ejecuci├│n de la tarea "CL" terminada.
Compilaci├│n terminada del destino "ClCompile" en el proyecto "Search Lobbys.vcxproj".
Se omiti├│ el destino "RunSelectedFileNativeCodeAnalysis" debido a una condici├│n falsa (False); ('$(RunMsvcAnalysis)'=='true' and '$(SelectedFiles)'!='') se evalu├│ como ('false'=='true' and ''!='').
Se omiti├│ el destino "ManagedIncrementalBuildPostProcessDependencyGraph" debido a una condici├│n falsa (False); ('@(ClCompile)' != '' and '$(EnableManagedIncrementalBuild)' == 'True') se evalu├│ como ('Search Lobbys.cpp' != '' and 'false' == 'True').
Se omiti├│ el destino "NoAnalysisToolEnabledWarning" debido a una condici├│n falsa (False); ('$(RunCppAnalysis)'=='true' AND '$(EnableMicrosoftCodeAnalysis)'=='false' AND '$(EnableClangTidyCodeAnalysis)'=='false') se evalu├│ como ('false'=='true' AND 'true'=='false' AND 'false'=='false').
Se omiti├│ el destino "RunSelectedFileClangTidy" debido a una condici├│n falsa (False); ('$(RunClangCppAnalysis)'=='true' AND '$(SelectedFiles)'!='') se evalu├│ como ('false'=='true' AND ''!='').
Se omiti├│ el destino "MicrosoftAnalysisIncompatiableWithClangCl" debido a una condici├│n falsa (False); ('$(RunCppAnalysis)'=='true' AND '$(EnableMicrosoftCodeAnalysis)'=='true' AND '$(UseClangCl)'=='true') se evalu├│ como ('false'=='true' AND 'true'=='true' AND ''=='true').
Destino "AfterClCompile" en el archivo "C:\Program Files\Microsoft Visual Studio\2022\Community\MSBuild\Microsoft\VC\v170\Microsoft.CppBuild.targets" del proyecto "c:\Users\Usuario\source\repos\Search Lobbys\Search Lobbys.vcxproj" (el destino "_ClCompile" depende de ├®l):
Compilaci├│n terminada del destino "AfterClCompile" en el proyecto "Search Lobbys.vcxproj".
Destino "_ClCompile" en el archivo "C:\Program Files\Microsoft Visual Studio\2022\Community\MSBuild\Microsoft\VC\v170\Microsoft.CppBuild.targets" del proyecto "c:\Users\Usuario\source\repos\Search Lobbys\Search Lobbys.vcxproj" (el destino "_BuildCompileAction" depende de ├®l):
Compilaci├│n terminada del destino "_ClCompile" en el proyecto "Search Lobbys.vcxproj".
Se omiti├│ el destino "_ResGen" debido a una condici├│n falsa (False); ('@(EmbeddedResource)'!='') se evalu├│ como (''!='').
Destino "BeforeResourceCompile" en el archivo "C:\Program Files\Microsoft Visual Studio\2022\Community\MSBuild\Microsoft\VC\v170\Microsoft.CppBuild.targets" del proyecto "c:\Users\Usuario\source\repos\Search Lobbys\Search Lobbys.vcxproj" (el destino "_ResourceCompile" depende de ├®l):
Compilaci├│n terminada del destino "BeforeResourceCompile" en el proyecto "Search Lobbys.vcxproj".
Destino "MakeDirsForResourceCompile" en el archivo "C:\Program Files\Microsoft Visual Studio\2022\Community\MSBuild\Microsoft\VC\v170\Microsoft.CppBuild.targets" del proyecto "c:\Users\Usuario\source\repos\Search Lobbys\Search Lobbys.vcxproj" (el destino "_ResourceCompile" depende de ├®l):
Tarea "MakeDir"
Ejecuci├│n de la tarea "MakeDir" terminada.
Compilaci├│n terminada del destino "MakeDirsForResourceCompile" en el proyecto "Search Lobbys.vcxproj".
Se omiti├│ el destino "_SelectedFiles". Compilado previamente de forma correcta.
Se omiti├│ el destino "SelectCustomBuild". Compilado previamente de forma correcta.
Destino "SelectResourceCompile" en el archivo "C:\Program Files\Microsoft Visual Studio\2022\Community\MSBuild\Microsoft\VC\v170\Microsoft.CppBuild.targets" del proyecto "c:\Users\Usuario\source\repos\Search Lobbys\Search Lobbys.vcxproj" (el destino "ResourceCompile" depende de ├®l):
Compilaci├│n terminada del destino "SelectResourceCompile" en el proyecto "Search Lobbys.vcxproj".
Destino "ResourceCompile" en el archivo "C:\Program Files\Microsoft Visual Studio\2022\Community\MSBuild\Microsoft\VC\v170\Microsoft.CppCommon.targets" del proyecto "c:\Users\Usuario\source\repos\Search Lobbys\Search Lobbys.vcxproj" (el destino "_ResourceCompile" depende de ├®l):
Usando la tarea "RC" del ensamblado "C:\Program Files\Microsoft Visual Studio\2022\Community\MSBuild\Microsoft\VC\v170\Microsoft.Build.CppTasks.Common.dll".
Tarea "RC"
  Ninguno de los archivos de c├│digo fuente est├í actualizado: falta el comando TLog "c:\Users\Usuario\source\repos\Search Lobbys\Search Lobbys\x64\Release\Search Lobbys.tlog\rc.command.1.tlog".
  C:\Program Files (x86)\Windows Kits\10\bin\10.0.26100.0\x86\rc.exe /D _UNICODE /D UNICODE /l"0x0409" /nologo /fo"Search Lobbys\x64\Release\Search Lobbys.res" "Search Lobbys.rc" 
  Comando de seguimiento:
  C:\Program Files\Microsoft Visual Studio\2022\Community\MSBuild\Current\Bin\Tracker.exe /d "C:\Program Files (x86)\MSBuild\15.0\FileTracker\FileTracker32.dll" /i "c:\Users\Usuario\source\repos\Search Lobbys\Search Lobbys\x64\Release\Search Lobbys.tlog" /r "C:\USERS\USUARIO\SOURCE\REPOS\SEARCH LOBBYS\SEARCH LOBBYS.RC" /b MSBuildConsole_CancelEvent9fbf3605c1e349638ebcb242c41914f5  /c "C:\Program Files (x86)\Windows Kits\10\bin\10.0.26100.0\x86\rc.exe"  /D _UNICODE /D UNICODE /l"0x0409" /nologo /fo"Search Lobbys\x64\Release\Search Lobbys.res" "Search Lobbys.rc" 
Ejecuci├│n de la tarea "RC" terminada.
Compilaci├│n terminada del destino "ResourceCompile" en el proyecto "Search Lobbys.vcxproj".
Destino "AfterResourceCompile" en el archivo "C:\Program Files\Microsoft Visual Studio\2022\Community\MSBuild\Microsoft\VC\v170\Microsoft.CppBuild.targets" del proyecto "c:\Users\Usuario\source\repos\Search Lobbys\Search Lobbys.vcxproj" (el destino "_ResourceCompile" depende de ├®l):
Compilaci├│n terminada del destino "AfterResourceCompile" en el proyecto "Search Lobbys.vcxproj".
Destino "_ResourceCompile" en el archivo "C:\Program Files\Microsoft Visual Studio\2022\Community\MSBuild\Microsoft\VC\v170\Microsoft.CppBuild.targets" del proyecto "c:\Users\Usuario\source\repos\Search Lobbys\Search Lobbys.vcxproj" (el destino "_BuildCompileAction" depende de ├®l):
Compilaci├│n terminada del destino "_ResourceCompile" en el proyecto "Search Lobbys.vcxproj".
Se omiti├│ el destino "_ImpLib" debido a una condici├│n falsa (False); ('$(ImpLibCompiled)' == 'true') se evalu├│ como ('' == 'true').
Se omiti├│ el destino "_Lib" debido a una condici├│n falsa (False); ('$(LibCompiled)' == 'true') se evalu├│ como ('' == 'true').
Destino "AfterBuildCompileEvent" en el archivo "C:\Program Files\Microsoft Visual Studio\2022\Community\MSBuild\Microsoft\VC\v170\Microsoft.CppBuild.targets" del proyecto "c:\Users\Usuario\source\repos\Search Lobbys\Search Lobbys.vcxproj" (el destino "_BuildCompileAction" depende de ├®l):
Compilaci├│n terminada del destino "AfterBuildCompileEvent" en el proyecto "Search Lobbys.vcxproj".
Destino "_BuildCompileAction" en el archivo "C:\Program Files\Microsoft Visual Studio\2022\Community\MSBuild\Microsoft\VC\v170\Microsoft.CppBuild.targets" del proyecto "c:\Users\Usuario\source\repos\Search Lobbys\Search Lobbys.vcxproj" (el destino "BuildCompile" depende de ├®l):
Compilaci├│n terminada del destino "_BuildCompileAction" en el proyecto "Search Lobbys.vcxproj".
Destino "BuildCompile" en el archivo "C:\Program Files\Microsoft Visual Studio\2022\Community\MSBuild\Current\Bin\Microsoft.Common.CurrentVersion.targets" del proyecto "c:\Users\Usuario\source\repos\Search Lobbys\Search Lobbys.vcxproj" (el destino "Build" depende de ├®l):
Compilaci├│n terminada del destino "BuildCompile" en el proyecto "Search Lobbys.vcxproj".
Se omiti├│ el destino "PrepareProjectReferences". Compilado previamente de forma correcta.
Destino "BuildLinkTraverse" en el archivo "C:\Program Files\Microsoft Visual Studio\2022\Community\MSBuild\Current\Bin\Microsoft.Common.CurrentVersion.targets" del proyecto "c:\Users\Usuario\source\repos\Search Lobbys\Search Lobbys.vcxproj" (el destino "BuildLink" depende de ├®l):
Se omiti├│ la tarea "MSBuild" debido a una condici├│n falsa (False); ('$(BuildPassReferences)' == 'true' and '@(ProjectReferenceWithConfiguration)' != '' and '@(_MSBuildProjectReferenceExistent)' != ''  and '%(_MSBuildProjectReferenceExistent.BuildReference)' == 'true') se evalu├│ como ('' == 'true' and '' != '' and '' != ''  and '' == 'true').
Compilaci├│n terminada del destino "BuildLinkTraverse" en el proyecto "Search Lobbys.vcxproj".
Se omiti├│ el destino "PrepareForBuild". Compilado previamente de forma correcta.
Se omiti├│ el destino "ResolveReferences". Compilado previamente de forma correcta.
Destino "ComputeLegacyManifestEmbedding" en el archivo "C:\Program Files\Microsoft Visual Studio\2022\Community\MSBuild\Microsoft\VC\v170\Microsoft.CppBuild.targets" del proyecto "c:\Users\Usuario\source\repos\Search Lobbys\Search Lobbys.vcxproj" (el destino "_BuildLinkAction" depende de ├®l):
Se omiti├│ la tarea "VCMessage" debido a una condici├│n falsa (False); ('$(RevertManifestEmbedding)' == 'true' and '$(_LegacyManifestEmbeddingDebug)' == 'true') se evalu├│ como ('' == 'true' and '' == 'true').
Compilaci├│n terminada del destino "ComputeLegacyManifestEmbedding" en el proyecto "Search Lobbys.vcxproj".
Destino "BeforeLink" en el archivo "C:\Program Files\Microsoft Visual Studio\2022\Community\MSBuild\Microsoft\VC\v170\Microsoft.CppBuild.targets" del proyecto "c:\Users\Usuario\source\repos\Search Lobbys\Search Lobbys.vcxproj" (el destino "_Link" depende de ├®l):
Compilaci├│n terminada del destino "BeforeLink" en el proyecto "Search Lobbys.vcxproj".
Destino "ComputeRCOutputs" en el archivo "C:\Program Files\Microsoft Visual Studio\2022\Community\MSBuild\Microsoft\VC\v170\Microsoft.CppBuild.targets" del proyecto "c:\Users\Usuario\source\repos\Search Lobbys\Search Lobbys.vcxproj" (el destino "ComputeRCGeneratedLinkInputs" depende de ├®l):
Compilaci├│n terminada del destino "ComputeRCOutputs" en el proyecto "Search Lobbys.vcxproj".
Destino "ComputeRCGeneratedLinkInputs" en el archivo "C:\Program Files\Microsoft Visual Studio\2022\Community\MSBuild\Microsoft\VC\v170\Microsoft.CppBuild.targets" del proyecto "c:\Users\Usuario\source\repos\Search Lobbys\Search Lobbys.vcxproj" (el destino "_Link" depende de ├®l):
Compilaci├│n terminada del destino "ComputeRCGeneratedLinkInputs" en el proyecto "Search Lobbys.vcxproj".
Destino "ComputeManifestGeneratedLinkerInputs" en el archivo "C:\Program Files\Microsoft Visual Studio\2022\Community\MSBuild\Microsoft\VC\v170\Microsoft.CppBuild.targets" del proyecto "c:\Users\Usuario\source\repos\Search Lobbys\Search Lobbys.vcxproj" (el destino "_Link" depende de ├®l):
Compilaci├│n terminada del destino "ComputeManifestGeneratedLinkerInputs" en el proyecto "Search Lobbys.vcxproj".
Se omiti├│ el destino "ComputeCustomBuildOutput". Compilado previamente de forma correcta.
Se omiti├│ el destino "GenerateTargetFrameworkMonikerAttribute" debido a una condici├│n falsa (False); ('$(GenerateTargetFrameworkAttribute)' == 'true') se evalu├│ como ('false' == 'true').
Se omiti├│ el destino "ComputeMIDLGeneratedCompileInputs". Compilado previamente de forma correcta.
Se omiti├│ el destino "ComputeCLInputPDBName". Compilado previamente de forma correcta.
Se omiti├│ el destino "ComputeReferenceCLInput". Compilado previamente de forma correcta.
Se omiti├│ el destino "WarnCompileDuplicatedFilename". Compilado previamente de forma correcta.
Se omiti├│ el destino "ComputeStdModulesCompileInputs". Compilado previamente de forma correcta.
Se omiti├│ el destino "FixupCLCompileOptions". Compilado previamente de forma correcta.
Se omiti├│ el destino "SetModuleDependencies" debido a una condici├│n falsa (False); ('$(DesignTimeBuild)' != 'true' and '$(EnableCppModules)' == 'true') se evalu├│ como ('' != 'true' and '' == 'true').
Se omiti├│ el destino "SetModuleDependencies" debido a una condici├│n falsa (False); ('$(DesignTimeBuild)' != 'true' and '$(EnableCppModules)' == 'true') se evalu├│ como ('' != 'true' and '' == 'true').
Destino "ComputeCLOutputs" en el archivo "C:\Program Files\Microsoft Visual Studio\2022\Community\MSBuild\Microsoft\VC\v170\Microsoft.CppBuild.targets" del proyecto "c:\Users\Usuario\source\repos\Search Lobbys\Search Lobbys.vcxproj" (el destino "ComputeCLGeneratedLinkInputs" depende de ├®l):
Compilaci├│n terminada del destino "ComputeCLOutputs" en el proyecto "Search Lobbys.vcxproj".
Destino "ComputeCLGeneratedLinkInputs" en el archivo "C:\Program Files\Microsoft Visual Studio\2022\Community\MSBuild\Microsoft\VC\v170\Microsoft.CppBuild.targets" del proyecto "c:\Users\Usuario\source\repos\Search Lobbys\Search Lobbys.vcxproj" (el destino "_Link" depende de ├®l):
Compilaci├│n terminada del destino "ComputeCLGeneratedLinkInputs" en el proyecto "Search Lobbys.vcxproj".
Destino "ComputeLinkInputsFromProject" en el archivo "C:\Program Files\Microsoft Visual Studio\2022\Community\MSBuild\Microsoft\VC\v170\Microsoft.CppBuild.targets" del proyecto "c:\Users\Usuario\source\repos\Search Lobbys\Search Lobbys.vcxproj" (el destino "_Link" depende de ├®l):
Compilaci├│n terminada del destino "ComputeLinkInputsFromProject" en el proyecto "Search Lobbys.vcxproj".
Se omiti├│ el destino "ComputeReferenceLinkInputs" debido a una condici├│n falsa (False); (@(ProjectReference) != '') se evalu├│ como ( != '').
Destino "ComputeManifestInputsTargets" en el archivo "C:\Program Files\Microsoft Visual Studio\2022\Community\MSBuild\Microsoft\VC\v170\Microsoft.CppBuild.targets" del proyecto "c:\Users\Usuario\source\repos\Search Lobbys\Search Lobbys.vcxproj" (el destino "_Link" depende de ├®l):
Compilaci├│n terminada del destino "ComputeManifestInputsTargets" en el proyecto "Search Lobbys.vcxproj".
Se omiti├│ el destino "ManifestResourceCompile" debido a una condici├│n falsa (False); ('$(EmbedManifestBy)' == 'LINK' and '@(Manifest)' != '') se evalu├│ como ('MT' == 'LINK' and '' != '').
Destino "AssignTargetPaths" en el archivo "C:\Program Files\Microsoft Visual Studio\2022\Community\MSBuild\Current\Bin\Microsoft.Common.CurrentVersion.targets" del proyecto "c:\Users\Usuario\source\repos\Search Lobbys\Search Lobbys.vcxproj" (el destino "PrepareResourceNames" depende de ├®l):
Usando la tarea "AssignTargetPath" del ensamblado "Microsoft.Build.Tasks.Core, Version=15.1.0.0, Culture=neutral, PublicKeyToken=b03f5f7f11d50a3a".
Tarea "AssignTargetPath"
Ejecuci├│n de la tarea "AssignTargetPath" terminada.
Tarea "AssignTargetPath"
Ejecuci├│n de la tarea "AssignTargetPath" terminada.
Tarea "AssignTargetPath"
Ejecuci├│n de la tarea "AssignTargetPath" terminada.
Tarea "AssignTargetPath"
Ejecuci├│n de la tarea "AssignTargetPath" terminada.
Se omiti├│ la tarea "AssignTargetPath" debido a una condici├│n falsa (False); ('@(_DeploymentBaseManifestWithTargetPath)'=='' and '%(None.Extension)'=='.manifest') se evalu├│ como (''=='' and ''=='.manifest').
Compilaci├│n terminada del destino "AssignTargetPaths" en el proyecto "Search Lobbys.vcxproj".
Se omiti├│ el destino "AssignTargetPaths". Compilado previamente de forma correcta.
Destino "SplitResourcesByCulture" en el archivo "C:\Program Files\Microsoft Visual Studio\2022\Community\MSBuild\Current\Bin\Microsoft.Common.CurrentVersion.targets" del proyecto "c:\Users\Usuario\source\repos\Search Lobbys\Search Lobbys.vcxproj" (el destino "PrepareResourceNames" depende de ├®l):
Se omiti├│ la tarea "MSBuildInternalMessage" debido a una condici├│n falsa (False); ('@(ResxWithNoCulture)'!='') se evalu├│ como (''!='').
Se omiti├│ la tarea "MSBuildInternalMessage" debido a una condici├│n falsa (False); ('@(ResxWithCulture)'!='') se evalu├│ como (''!='').
Se omiti├│ la tarea "MSBuildInternalMessage" debido a una condici├│n falsa (False); ('@(NonResxWithCulture)'!='') se evalu├│ como (''!='').
Se omiti├│ la tarea "MSBuildInternalMessage" debido a una condici├│n falsa (False); ('@(NonResxWithNoCulture)'!='') se evalu├│ como (''!='').
Usando la tarea "AssignCulture" del ensamblado "Microsoft.Build.Tasks.Core, Version=15.1.0.0, Culture=neutral, PublicKeyToken=b03f5f7f11d50a3a".
Tarea "AssignCulture"
Ejecuci├│n de la tarea "AssignCulture" terminada.
Compilaci├│n terminada del destino "SplitResourcesByCulture" en el proyecto "Search Lobbys.vcxproj".
Se omiti├│ el destino "CreateManifestResourceNames" debido a una condici├│n falsa (False); ('@(EmbeddedResource)' != '') se evalu├│ como ('' != '').
Destino "CreateCustomManifestResourceNames" en el archivo "C:\Program Files\Microsoft Visual Studio\2022\Community\MSBuild\Current\Bin\Microsoft.Common.CurrentVersion.targets" del proyecto "c:\Users\Usuario\source\repos\Search Lobbys\Search Lobbys.vcxproj" (el destino "PrepareResourceNames" depende de ├®l):
Compilaci├│n terminada del destino "CreateCustomManifestResourceNames" en el proyecto "Search Lobbys.vcxproj".
Destino "PrepareResourceNames" en el archivo "C:\Program Files\Microsoft Visual Studio\2022\Community\MSBuild\Current\Bin\Microsoft.Common.CurrentVersion.targets" del proyecto "c:\Users\Usuario\source\repos\Search Lobbys\Search Lobbys.vcxproj" (el destino "_Link" depende de ├®l):
Compilaci├│n terminada del destino "PrepareResourceNames" en el proyecto "Search Lobbys.vcxproj".
Destino "MakeDirsForLink" en el archivo "C:\Program Files\Microsoft Visual Studio\2022\Community\MSBuild\Microsoft\VC\v170\Microsoft.CppBuild.targets" del proyecto "c:\Users\Usuario\source\repos\Search Lobbys\Search Lobbys.vcxproj" (el destino "_Link" depende de ├®l):
Tarea "MakeDir"
Ejecuci├│n de la tarea "MakeDir" terminada.
Compilaci├│n terminada del destino "MakeDirsForLink" en el proyecto "Search Lobbys.vcxproj".
Destino "DoLinkOutputFilesMatch" en el archivo "C:\Program Files\Microsoft Visual Studio\2022\Community\MSBuild\Microsoft\VC\v170\Microsoft.CppBuild.targets" del proyecto "c:\Users\Usuario\source\repos\Search Lobbys\Search Lobbys.vcxproj" (el destino "_Link" depende de ├®l):
Se omiti├│ la tarea "VCMessage" debido a una condici├│n falsa (False); ('@(_OutputFileFromLink)' == '') se evalu├│ como ('c:\Users\Usuario\source\repos\Search Lobbys\x64\Release\Search Lobbys.exe' == '').
Se omiti├│ la tarea "VCMessage" debido a una condici├│n falsa (False); ('@(_OutputFileFromLink)' != '' and '%(_OutputFileFromLink.FullPath)' != '$([System.IO.Path]::GetFullPath($(TargetPath)))') se evalu├│ como ('c:\Users\Usuario\source\repos\Search Lobbys\x64\Release\Search Lobbys.exe' != '' and 'c:\Users\Usuario\source\repos\Search Lobbys\x64\Release\Search Lobbys.exe' != 'c:\Users\Usuario\source\repos\Search Lobbys\x64\Release\Search Lobbys.exe').
Se omiti├│ la tarea "VCMessage" debido a una condici├│n falsa (False); ('@(_OutputFileFromLink)' != '' and '%(_OutputFileFromLink.Extension)' != '' and '%(_OutputFileFromLink.Extension)' != '$(TargetExt)') se evalu├│ como ('c:\Users\Usuario\source\repos\Search Lobbys\x64\Release\Search Lobbys.exe' != '' and '.exe' != '' and '.exe' != '.exe').
Se omiti├│ la tarea "VCMessage" debido a una condici├│n falsa (False); ('@(_OutputFileFromLink)' != '' and '%(_OutputFileFromLink.Filename)' != '' and '%(_OutputFileFromLink.Filename)' != '$(TargetName)') se evalu├│ como ('c:\Users\Usuario\source\repos\Search Lobbys\x64\Release\Search Lobbys.exe' != '' and 'Search Lobbys' != '' and 'Search Lobbys' != 'Search Lobbys').
Se omiti├│ la tarea "VCMessage" debido a una condici├│n falsa (False); ('%(Link.MinimumRequiredVersion)' != '' and ('%(Link.Subsystem)' == '' or '%(Link.Subsystem)' == 'NotSet')) se evalu├│ como ('' != '' and ('Windows' == '' or 'Windows' == 'NotSet')).
Compilaci├│n terminada del destino "DoLinkOutputFilesMatch" en el proyecto "Search Lobbys.vcxproj".
Destino "PreLinkEvent" en el archivo "C:\Program Files\Microsoft Visual Studio\2022\Community\MSBuild\Microsoft\VC\v170\Microsoft.CppCommon.targets" del proyecto "c:\Users\Usuario\source\repos\Search Lobbys\Search Lobbys.vcxproj" (el destino "_Link" depende de ├®l):
Se omiti├│ la tarea "Message" debido a una condici├│n falsa (False); ('%(PreLinkEvent.Message)' != '' and '%(PreLinkEvent.Command)' != '') se evalu├│ como ('' != '' and '' != '').
Se omiti├│ la tarea "Exec" debido a una condici├│n falsa (False); ('%(PreLinkEvent.Command)' != '') se evalu├│ como ('' != '').
Compilaci├│n terminada del destino "PreLinkEvent" en el proyecto "Search Lobbys.vcxproj".
Destino "ComputeLinkSwitches" en el archivo "C:\Program Files\Microsoft Visual Studio\2022\Community\MSBuild\Microsoft\VC\v170\Microsoft.CppCommon.targets" del proyecto "c:\Users\Usuario\source\repos\Search Lobbys\Search Lobbys.vcxproj" (el destino "Link" depende de ├®l):
Compilaci├│n terminada del destino "ComputeLinkSwitches" en el proyecto "Search Lobbys.vcxproj".
Destino "Link" en el archivo "C:\Program Files\Microsoft Visual Studio\2022\Community\MSBuild\Microsoft\VC\v170\Microsoft.CppCommon.targets" del proyecto "c:\Users\Usuario\source\repos\Search Lobbys\Search Lobbys.vcxproj" (el destino "_Link" depende de ├®l):
Usando la tarea "Link" del ensamblado "C:\Program Files\Microsoft Visual Studio\2022\Community\MSBuild\Microsoft\VC\v170\Microsoft.Build.CppTasks.Common.dll".
Tarea "Link"
  Ninguno de los archivos de c├│digo fuente est├í actualizado: falta el comando TLog "c:\Users\Usuario\source\repos\Search Lobbys\Search Lobbys\x64\Release\Search Lobbys.tlog\link.command.1.tlog".
  C:\Program Files\Microsoft Visual Studio\2022\Community\VC\Tools\MSVC\14.44.35207\bin\HostX86\x64\link.exe /ERRORREPORT:QUEUE /OUT:"c:\Users\Usuario\source\repos\Search Lobbys\x64\Release\Search Lobbys.exe" /NOLOGO Comctl32.lib kernel32.lib user32.lib gdi32.lib winspool.lib comdlg32.lib advapi32.lib shell32.lib ole32.lib oleaut32.lib uuid.lib odbc32.lib odbccp32.lib /MANIFEST /MANIFESTUAC:"level='asInvoker' uiAccess='false'" /manifest:embed /PDB:"c:\Users\Usuario\source\repos\Search Lobbys\x64\Release\Search Lobbys.pdb" /SUBSYSTEM:WINDOWS /OPT:REF /OPT:ICF /LTCG:incremental /LTCGOUT:"Search Lobbys\x64\Release\Search Lobbys.iobj" /TLBID:1 /DYNAMICBASE /NXCOMPAT /IMPLIB:"c:\Users\Usuario\source\repos\Search Lobbys\x64\Release\Search Lobbys.lib" /MACHINE:X64 "Search Lobbys\x64\Release\Search Lobbys.res"
  "Search Lobbys\x64\Release\Search Lobbys.obj"
  Comando de seguimiento:
  C:\Program Files\Microsoft Visual Studio\2022\Community\MSBuild\Current\Bin\Tracker.exe /a /d "C:\Program Files (x86)\MSBuild\15.0\FileTracker\FileTracker32.dll" /i "c:\Users\Usuario\source\repos\Search Lobbys\Search Lobbys\x64\Release\Search Lobbys.tlog" /r "C:\USERS\USUARIO\SOURCE\REPOS\SEARCH LOBBYS\SEARCH LOBBYS\X64\RELEASE\SEARCH LOBBYS.OBJ|C:\USERS\USUARIO\SOURCE\REPOS\SEARCH LOBBYS\SEARCH LOBBYS\X64\RELEASE\SEARCH LOBBYS.RES" /b MSBuildConsole_CancelEvent4196a1d90c5e4ea88f64e67c1996d54a  /c "C:\Program Files\Microsoft Visual Studio\2022\Community\VC\Tools\MSVC\14.44.35207\bin\HostX86\x64\link.exe"  /ERRORREPORT:QUEUE /OUT:"c:\Users\Usuario\source\repos\Search Lobbys\x64\Release\Search Lobbys.exe" /NOLOGO Comctl32.lib kernel32.lib user32.lib gdi32.lib winspool.lib comdlg32.lib advapi32.lib shell32.lib ole32.lib oleaut32.lib uuid.lib odbc32.lib odbccp32.lib /MANIFEST /MANIFESTUAC:"level='asInvoker' uiAccess='false'" /manifest:embed /PDB:"c:\Users\Usuario\source\repos\Search Lobbys\x64\Release\Search Lobbys.pdb" /SUBSYSTEM:WINDOWS /OPT:REF /OPT:ICF /LTCG:incremental /LTCGOUT:"Search Lobbys\x64\Release\Search Lobbys.iobj" /TLBID:1 /DYNAMICBASE /NXCOMPAT /IMPLIB:"c:\Users\Usuario\source\repos\Search Lobbys\x64\Release\Search Lobbys.lib" /MACHINE:X64 "Search Lobbys\x64\Release\Search Lobbys.res"
  "Search Lobbys\x64\Release\Search Lobbys.obj"
LINK : fatal error LNK1104: no se puede abrir el archivo 'c:\Users\Usuario\source\repos\Search Lobbys\x64\Release\Search Lobbys.exe' [c:\Users\Usuario\source\repos\Search Lobbys\Search Lobbys.vcxproj]
  El comando sali├│ con el c├│digo 1104.
Ejecuci├│n de la tarea "Link" terminada -- ERROR.
Compilaci├│n terminada del destino "Link" en el proyecto "Search Lobbys.vcxproj" -- ERROR.
Compilaci├│n del proyecto terminada "c:\Users\Usuario\source\repos\Search Lobbys\Search Lobbys.vcxproj" (Rebuild destinos) -- ERROR.
Ejecuci├│n de la tarea "MSBuild" terminada -- ERROR.
Compilaci├│n terminada del destino "Rebuild" en el proyecto "Search Lobbys.sln" -- ERROR.
Compilaci├│n del proyecto terminada "c:\Users\Usuario\source\repos\Search Lobbys\Search Lobbys.sln" (Rebuild destinos) -- ERROR.

ERROR al compilar.

"c:\Users\Usuario\source\repos\Search Lobbys\Search Lobbys.sln" (Rebuild destino) (1) ->
"c:\Users\Usuario\source\repos\Search Lobbys\Search Lobbys.vcxproj" (Rebuild destino) (2) ->
(CoreCppClean destino) -> 
  C:\Program Files\Microsoft Visual Studio\2022\Community\MSBuild\Microsoft\VC\v170\Microsoft.CppClean.targets(77,5): warning : Acceso denegado a la ruta de acceso 'c:\users\usuario\source\repos\search lobbys\x64\release\search lobbys.exe'. [c:\Users\Usuario\source\repos\Search Lobbys\Search Lobbys.vcxproj]


"c:\Users\Usuario\source\repos\Search Lobbys\Search Lobbys.sln" (Rebuild destino) (1) ->
"c:\Users\Usuario\source\repos\Search Lobbys\Search Lobbys.vcxproj" (Rebuild destino) (2) ->
(ClCompile destino) -> 
  c:\Users\Usuario\source\repos\Search Lobbys\Search Lobbys.cpp(198,22): warning C4267: '=': conversi├│n de 'size_t' a 'int'; posible p├®rdida de datos [c:\Users\Usuario\source\repos\Search Lobbys\Search Lobbys.vcxproj]
  C:\Program Files\Microsoft Visual Studio\2022\Community\VC\Tools\MSVC\14.44.35207\include\xutility(4813,18): warning C4244: '=': conversi├│n de 'wchar_t' a 'char'; posible p├®rdida de datos [c:\Users\Usuario\source\repos\Search Lobbys\Search Lobbys.vcxproj]


"c:\Users\Usuario\source\repos\Search Lobbys\Search Lobbys.sln" (Rebuild destino) (1) ->
"c:\Users\Usuario\source\repos\Search Lobbys\Search Lobbys.vcxproj" (Rebuild destino) (2) ->
(Link destino) -> 
  LINK : fatal error LNK1104: no se puede abrir el archivo 'c:\Users\Usuario\source\repos\Search Lobbys\x64\Release\Search Lobbys.exe' [c:\Users\Usuario\source\repos\Search Lobbys\Search Lobbys.vcxproj]

    3 Advertencia(s)
    1 Errores

Tiempo transcurrido 00:00:01.80
